Component: Arm Compiler for Embedded 6.24 Tool: armlink [5f371500]

==============================================================================

Section Cross References

    startup_stm32f407xx.o(STACK) refers (Special) to heapauxi.o(.text) for __use_two_region_memory
    startup_stm32f407xx.o(HEAP) refers (Special) to heapauxi.o(.text) for __use_two_region_memory
    startup_stm32f407xx.o(RESET) refers (Special) to heapauxi.o(.text) for __use_two_region_memory
    startup_stm32f407xx.o(RESET) refers to startup_stm32f407xx.o(STACK) for __initial_sp
    startup_stm32f407xx.o(RESET) refers to startup_stm32f407xx.o(.text) for Reset_Handler
    startup_stm32f407xx.o(RESET) refers to stm32f4xx_it.o(.text.NMI_Handler) for NMI_Handler
    startup_stm32f407xx.o(RESET) refers to stm32f4xx_it.o(.text.HardFault_Handler) for HardFault_Handler
    startup_stm32f407xx.o(RESET) refers to stm32f4xx_it.o(.text.MemManage_Handler) for MemManage_Handler
    startup_stm32f407xx.o(RESET) refers to stm32f4xx_it.o(.text.BusFault_Handler) for BusFault_Handler
    startup_stm32f407xx.o(RESET) refers to stm32f4xx_it.o(.text.UsageFault_Handler) for UsageFault_Handler
    startup_stm32f407xx.o(RESET) refers to stm32f4xx_it.o(.text.SVC_Handler) for SVC_Handler
    startup_stm32f407xx.o(RESET) refers to stm32f4xx_it.o(.text.DebugMon_Handler) for DebugMon_Handler
    startup_stm32f407xx.o(RESET) refers to stm32f4xx_it.o(.text.PendSV_Handler) for PendSV_Handler
    startup_stm32f407xx.o(RESET) refers to stm32f4xx_it.o(.text.SysTick_Handler) for SysTick_Handler
    startup_stm32f407xx.o(RESET) refers to stm32f4xx_it.o(.text.CAN1_RX0_IRQHandler) for CAN1_RX0_IRQHandler
    startup_stm32f407xx.o(RESET) refers to stm32f4xx_it.o(.text.CAN1_RX1_IRQHandler) for CAN1_RX1_IRQHandler
    startup_stm32f407xx.o(RESET) refers to stm32f4xx_it.o(.text.DMA2_Stream7_IRQHandler) for DMA2_Stream7_IRQHandler
    startup_stm32f407xx.o(.text) refers (Special) to heapauxi.o(.text) for __use_two_region_memory
    startup_stm32f407xx.o(.text) refers to system_stm32f4xx.o(.text.SystemInit) for SystemInit
    startup_stm32f407xx.o(.text) refers to __main.o(!!!main) for __main
    startup_stm32f407xx.o(.text) refers to startup_stm32f407xx.o(HEAP) for Heap_Mem
    startup_stm32f407xx.o(.text) refers to startup_stm32f407xx.o(STACK) for Stack_Mem
    main.o(.text.main) refers to stm32f4xx_hal.o(.text.HAL_Init) for HAL_Init
    main.o(.text.main) refers to main.o(.text.SystemClock_Config) for SystemClock_Config
    main.o(.text.main) refers to gpio.o(.text.MX_GPIO_Init) for MX_GPIO_Init
    main.o(.text.main) refers to dma.o(.text.MX_DMA_Init) for MX_DMA_Init
    main.o(.text.main) refers to can.o(.text.MX_CAN1_Init) for MX_CAN1_Init
    main.o(.text.main) refers to usart.o(.text.MX_USART1_UART_Init) for MX_USART1_UART_Init
    main.o(.text.main) refers to can.o(.bss.hcan1) for hcan1
    main.o(.text.main) refers to can_file.o(.text.CANInit) for CANInit
    main.o(.text.main) refers to serial.o(.text.usart_1_printf) for usart_1_printf
    main.o(.ARM.exidx.text.main) refers to main.o(.text.main) for [Anonymous Symbol]
    main.o(.text.SystemClock_Config) refers to rt_memclr_w.o(.text) for __aeabi_memclr4
    main.o(.text.SystemClock_Config) refers to stm32f4xx_hal_rcc.o(.text.HAL_RCC_OscConfig) for HAL_RCC_OscConfig
    main.o(.text.SystemClock_Config) refers to stm32f4xx_hal_rcc.o(.text.HAL_RCC_ClockConfig) for HAL_RCC_ClockConfig
    main.o(.ARM.exidx.text.SystemClock_Config) refers to main.o(.text.SystemClock_Config) for [Anonymous Symbol]
    main.o(.ARM.exidx.text.Error_Handler) refers to main.o(.text.Error_Handler) for [Anonymous Symbol]
    gpio.o(.ARM.exidx.text.MX_GPIO_Init) refers to gpio.o(.text.MX_GPIO_Init) for [Anonymous Symbol]
    can.o(.text.MX_CAN1_Init) refers to can.o(.bss.hcan1) for hcan1
    can.o(.text.MX_CAN1_Init) refers to stm32f4xx_hal_can.o(.text.HAL_CAN_Init) for HAL_CAN_Init
    can.o(.text.MX_CAN1_Init) refers to main.o(.text.Error_Handler) for Error_Handler
    can.o(.ARM.exidx.text.MX_CAN1_Init) refers to can.o(.text.MX_CAN1_Init) for [Anonymous Symbol]
    can.o(.text.HAL_CAN_MspInit) refers to stm32f4xx_hal_gpio.o(.text.HAL_GPIO_Init) for HAL_GPIO_Init
    can.o(.text.HAL_CAN_MspInit) refers to stm32f4xx_hal_cortex.o(.text.HAL_NVIC_SetPriority) for HAL_NVIC_SetPriority
    can.o(.text.HAL_CAN_MspInit) refers to stm32f4xx_hal_cortex.o(.text.HAL_NVIC_EnableIRQ) for HAL_NVIC_EnableIRQ
    can.o(.ARM.exidx.text.HAL_CAN_MspInit) refers to can.o(.text.HAL_CAN_MspInit) for [Anonymous Symbol]
    can.o(.text.HAL_CAN_MspDeInit) refers to stm32f4xx_hal_gpio.o(.text.HAL_GPIO_DeInit) for HAL_GPIO_DeInit
    can.o(.text.HAL_CAN_MspDeInit) refers to stm32f4xx_hal_cortex.o(.text.HAL_NVIC_DisableIRQ) for HAL_NVIC_DisableIRQ
    can.o(.ARM.exidx.text.HAL_CAN_MspDeInit) refers to can.o(.text.HAL_CAN_MspDeInit) for [Anonymous Symbol]
    dma.o(.text.MX_DMA_Init) refers to stm32f4xx_hal_cortex.o(.text.HAL_NVIC_SetPriority) for HAL_NVIC_SetPriority
[...]
    $v0                                      0x08000300   Number         0  startup_stm32f407xx.o(.text)
    .text                                    0x08000300   Section       64  startup_stm32f407xx.o(.text)
    .text                                    0x08000340   Section      240  lludivv7m.o(.text)
    .text                                    0x08000430   Section        0  vsprintf.o(.text)
    .text                                    0x08000454   Section       78  rt_memclr_w.o(.text)
    .text                                    0x080004a2   Section        0  heapauxi.o(.text)
    .text                                    0x080004a8   Section        0  _printf_pad.o(.text)
    .text                                    0x080004f6   Section        0  _printf_truncate.o(.text)
    .text                                    0x0800051a   Section        0  _printf_str.o(.text)
    .text                                    0x0800056c   Section        0  _printf_dec.o(.text)
    .text                                    0x080005e4   Section        0  _printf_charcount.o(.text)
    _printf_input_char                       0x0800060d   Thumb Code    10  _printf_char_common.o(.text)
    .text                                    0x0800060c   Section        0  _printf_char_common.o(.text)
    .text                                    0x0800063c   Section        0  _sputc.o(.text)
    .text                                    0x08000648   Section        0  _printf_wctomb.o(.text)
    .text                                    0x08000704   Section        0  _printf_longlong_dec.o(.text)
    _printf_longlong_oct_internal            0x08000781   Thumb Code     0  _printf_oct_int_ll.o(.text)
    .text                                    0x08000780   Section        0  _printf_oct_int_ll.o(.text)
    _printf_hex_common                       0x080007f1   Thumb Code     0  _printf_hex_int_ll_ptr.o(.text)
    .text                                    0x080007f0   Section        0  _printf_hex_int_ll_ptr.o(.text)
    .text                                    0x08000884   Section        0  __printf_flags_ss_wp.o(.text)
    .text                                    0x08000a0c   Section      138  lludiv10.o(.text)
    .text                                    0x08000a96   Section        0  _printf_intcommon.o(.text)
    _fp_digits                               0x08000b49   Thumb Code   432  _printf_fp_dec.o(.text)
    .text                                    0x08000b48   Section        0  _printf_fp_dec.o(.text)
    .text                                    0x08000f64   Section        0  _printf_fp_hex.o(.text)
    .text                                    0x08001260   Section        0  _printf_char.o(.text)
    .text                                    0x0800128c   Section        0  _printf_wchar.o(.text)
    .text                                    0x080012b8   Section        0  _c16rtomb.o(.text)
    .text                                    0x08001300   Section       74  sys_stackheap_outer.o(.text)
    .text                                    0x0800134c   Section       16  rt_ctype_table.o(.text)
    .text                                    0x0800135c   Section        8  rt_locale_intlibspace.o(.text)
    .text                                    0x08001364   Section        0  _printf_fp_infnan.o(.text)
    .text                                    0x080013e4   Section        0  bigflt0.o(.text)
    .text                                    0x080014c8   Section        0  exit.o(.text)
    .text                                    0x080014dc   Section        8  libspace.o(.text)
    .text                                    0x080014e8   Section      124  strcmpv7em.o(.text)
    .text                                    0x08001564   Section        0  sys_exit.o(.text)
    .text                                    0x08001570   Section        2  use_no_semi.o(.text)
    .text                                    0x08001572   Section        0  indicate_semi.o(.text)
    [Anonymous Symbol]                       0x08001574   Section        0  stm32f4xx_it.o(.text.BusFault_Handler)
    [Anonymous Symbol]                       0x08001578   Section        0  stm32f4xx_it.o(.text.CAN1_RX0_IRQHandler)
    [Anonymous Symbol]                       0x08001584   Section        0  stm32f4xx_it.o(.text.CAN1_RX1_IRQHandler)
    [Anonymous Symbol]                       0x08001590   Section        0  can_file.o(.text.CANInit)
    [Anonymous Symbol]                       0x080015ac   Section        0  stm32f4xx_it.o(.text.DMA2_Stream7_IRQHandler)
    [Anonymous Symbol]                       0x080015b8   Section        0  stm32f4xx_it.o(.text.DebugMon_Handler)
    [Anonymous Symbol]                       0x080015bc   Section        0  main.o(.text.Error_Handler)
    [Anonymous Symbol]                       0x080015c4   Section        0  stm32f4xx_hal_can.o(.text.HAL_CAN_ActivateNotification)
    [Anonymous Symbol]                       0x080015ec   Section        0  stm32f4xx_hal_can.o(.text.HAL_CAN_ErrorCallback)
    [Anonymous Symbol]                       0x080015f0   Section        0  stm32f4xx_hal_can.o(.text.HAL_CAN_GetRxMessage)
    [Anonymous Symbol]                       0x0800170c   Section        0  stm32f4xx_hal_can.o(.text.HAL_CAN_IRQHandler)
    [Anonymous Symbol]                       0x08001950   Section        0  stm32f4xx_hal_can.o(.text.HAL_CAN_Init)
    [Anonymous Symbol]                       0x08001a44   Section        0  can.o(.text.HAL_CAN_MspInit)
    [Anonymous Symbol]                       0x08001ad4   Section        0  stm32f4xx_hal_can.o(.text.HAL_CAN_RxFifo0FullCallback)
    [Anonymous Symbol]                       0x08001ad8   Section        0  can_file.o(.text.HAL_CAN_RxFifo0MsgPendingCallback)
    [Anonymous Symbol]                       0x08001b68   Section        0  stm32f4xx_hal_can.o(.text.HAL_CAN_RxFifo1FullCallback)
    [Anonymous Symbol]                       0x08001b6c   Section        0  stm32f4xx_hal_can.o(.text.HAL_CAN_RxFifo1MsgPendingCallback)
    [Anonymous Symbol]                       0x08001b70   Section        0  stm32f4xx_hal_can.o(.text.HAL_CAN_SleepCallback)
    [Anonymous Symbol]                       0x08001b74   Section        0  stm32f4xx_hal_can.o(.text.HAL_CAN_Start)
    [Anonymous Symbol]                       0x08001bd0   Section        0  stm32f4xx_hal_can.o(.text.HAL_CAN_TxMailbox0AbortCallback)
    [Anonymous Symbol]                       0x08001bd4   Section        0  stm32f4xx_hal_can.o(.text.HAL_CAN_TxMailbox0CompleteCallback)
    [Anonymous Symbol]                       0x08001bd8   Section        0  stm32f4xx_hal_can.o(.text.HAL_CAN_TxMailbox1AbortCallback)
    [Anonymous Symbol]                       0x08001bdc   Section        0  stm32f4xx_hal_can.o(.text.HAL_CAN_TxMailbox1CompleteCallback)
    [Anonymous Symbol]                       0x08001be0   Section        0  stm32f4xx_hal_can.o(.text.HAL_CAN_TxMailbox2AbortCallback)
    [Anonymous Symbol]                       0x08001be4   Section        0  stm32f4xx_hal_can.o(.text.HAL_CAN_TxMailbox2CompleteCallback)
    [Anonymous Symbol]                       0x08001be8   Section        0  stm32f4xx_hal_can.o(.text.HAL_CAN_WakeUpFromRxMsgCallback)
    [Anonymous Symbol]                       0x08001bec   Section        0  stm32f4xx_hal_dma.o(.text.HAL_DMA_IRQHandler)
    [Anonymous Symbol]                       0x08001d74   Section        0  stm32f4xx_hal_dma.o(.text.HAL_DMA_Init)
    [Anonymous Symbol]                       0x08001eb4   Section        0  stm32f4xx_hal_dma.o(.text.HAL_DMA_Start_IT)
    [Anonymous Symbol]                       0x08001f54   Section        0  stm32f4xx_hal_gpio.o(.text.HAL_GPIO_Init)
    [Anonymous Symbol]                       0x080020e8   Section        0  stm32f4xx_hal.o(.text.HAL_GetTick)
    [Anonymous Symbol]                       0x080020f4   Section        0  stm32f4xx_hal.o(.text.HAL_IncTick)
    [Anonymous Symbol]                       0x08002110   Section        0  stm32f4xx_hal.o(.text.HAL_Init)
    [Anonymous Symbol]                       0x08002148   Section        0  stm32f4xx_hal.o(.text.HAL_InitTick)
    [Anonymous Symbol]                       0x08002198   Section        0  stm32f4xx_hal_msp.o(.text.HAL_MspInit)
    [Anonymous Symbol]                       0x080021d0   Section        0  stm32f4xx_hal_cortex.o(.text.HAL_NVIC_EnableIRQ)
    [Anonymous Symbol]                       0x080021f4   Section        0  stm32f4xx_hal_cortex.o(.text.HAL_NVIC_SetPriority)
    [Anonymous Symbol]                       0x0800224c   Section        0  stm32f4xx_hal_cortex.o(.text.HAL_NVIC_SetPriorityGrouping)
    [Anonymous Symbol]                       0x0800226c   Section        0  stm32f4xx_hal_rcc.o(.text.HAL_RCC_ClockConfig)
    [Anonymous Symbol]                       0x080023cc   Section        0  stm32f4xx_hal_rcc.o(.text.HAL_RCC_GetPCLK1Freq)
    [Anonymous Symbol]                       0x080023f4   Section        0  stm32f4xx_hal_rcc.o(.text.HAL_RCC_GetPCLK2Freq)
    [Anonymous Symbol]                       0x0800241c   Section        0  stm32f4xx_hal_rcc.o(.text.HAL_RCC_GetSysClockFreq)
    [Anonymous Symbol]                       0x08002488   Section        0  stm32f4xx_hal_rcc.o(.text.HAL_RCC_OscConfig)
    [Anonymous Symbol]                       0x080027e4   Section        0  stm32f4xx_hal_cortex.o(.text.HAL_SYSTICK_Config)
    [Anonymous Symbol]                       0x08002810   Section        0  stm32f4xx_hal_uart.o(.text.HAL_UART_ErrorCallback)
    [Anonymous Symbol]                       0x08002814   Section        0  stm32f4xx_hal_uart.o(.text.HAL_UART_Init)
    [Anonymous Symbol]                       0x08002874   Section        0  usart.o(.text.HAL_UART_MspInit)
    [Anonymous Symbol]                       0x08002964   Section        0  stm32f4xx_hal_uart.o(.text.HAL_UART_Transmit_DMA)
    [Anonymous Symbol]                       0x080029f8   Section        0  stm32f4xx_hal_uart.o(.text.HAL_UART_TxCpltCallback)
    [Anonymous Symbol]                       0x080029fc   Section        0  stm32f4xx_hal_uart.o(.text.HAL_UART_TxHalfCpltCallback)
    [Anonymous Symbol]                       0x08002a00   Section        0  stm32f4xx_it.o(.text.HardFault_Handler)
    [Anonymous Symbol]                       0x08002a04   Section        0  can.o(.text.MX_CAN1_Init)
    [Anonymous Symbol]                       0x08002a44   Section        0  dma.o(.text.MX_DMA_Init)
    [Anonymous Symbol]                       0x08002a7c   Section        0  gpio.o(.text.MX_GPIO_Init)
    [Anonymous Symbol]                       0x08002adc   Section        0  usart.o(.text.MX_USART1_UART_Init)
    [Anonymous Symbol]                       0x08002b18   Section        0  stm32f4xx_it.o(.text.MemManage_Handler)
    [Anonymous Symbol]                       0x08002b1c   Section        0  stm32f4xx_it.o(.text.NMI_Handler)
    [Anonymous Symbol]                       0x08002b20   Section        0  stm32f4xx_it.o(.text.PendSV_Handler)
    [Anonymous Symbol]                       0x08002b24   Section        0  stm32f4xx_it.o(.text.SVC_Handler)
    [Anonymous Symbol]                       0x08002b28   Section        0  stm32f4xx_it.o(.text.SysTick_Handler)
    [Anonymous Symbol]                       0x08002b2c   Section        0  main.o(.text.SystemClock_Config)
    [Anonymous Symbol]                       0x08002bd4   Section        0  system_stm32f4xx.o(.text.SystemInit)
    UART_DMAError                            0x08002be9   Thumb Code   162  stm32f4xx_hal_uart.o(.text.UART_DMAError)
    [Anonymous Symbol]                       0x08002be8   Section        0  stm32f4xx_hal_uart.o(.text.UART_DMAError)
    UART_DMATransmitCplt                     0x08002c8d   Thumb Code    62  stm32f4xx_hal_uart.o(.text.UART_DMATransmitCplt)
    [Anonymous Symbol]                       0x08002c8c   Section        0  stm32f4xx_hal_uart.o(.text.UART_DMATransmitCplt)
    UART_DMATxHalfCplt                       0x08002ccd   Thumb Code     6  stm32f4xx_hal_uart.o(.text.UART_DMATxHalfCplt)
    [Anonymous Symbol]                       0x08002ccc   Section        0  stm32f4xx_hal_uart.o(.text.UART_DMATxHalfCplt)
    UART_SetConfig                           0x08002cd5   Thumb Code   222  stm32f4xx_hal_uart.o(.text.UART_SetConfig)
    [Anonymous Symbol]                       0x08002cd4   Section        0  stm32f4xx_hal_uart.o(.text.UART_SetConfig)
    [Anonymous Symbol]                       0x08002db4   Section        0  stm32f4xx_it.o(.text.UsageFault_Handler)
    [Anonymous Symbol]                       0x08002db8   Section        0  main.o(.text.main)
    [Anonymous Symbol]                       0x08002dfc   Section        0  serial.o(.text.usart_1_printf)
    CL$$btod_d2e                             0x08002e36   Section       62  btod.o(CL$$btod_d2e)
    CL$$btod_d2e_denorm_low                  0x08002e74   Section       70  btod.o(CL$$btod_d2e_denorm_low)
    CL$$btod_d2e_norm_op1                    0x08002eba   Section       96  btod.o(CL$$btod_d2e_norm_op1)
    CL$$btod_div_common                      0x08002f1c   Section      824  btod.o(CL$$btod_div_common)
    CL$$btod_e2e                             0x08003254   Section      220  btod.o(CL$$btod_e2e)
    CL$$btod_ediv                            0x08003330   Section       42  btod.o(CL$$btod_ediv)
    CL$$btod_emul                            0x0800335a   Section       42  btod.o(CL$$btod_emul)
    CL$$btod_mult_common                     0x08003384   Section      580  btod.o(CL$$btod_mult_common)
    i.__ARM_fpclassify                       0x080035c8   Section        0  fpclassify.o(i.__ARM_fpclassify)
    i._is_digit                              0x080035f8   Section        0  __printf_wp.o(i._is_digit)
    locale$$code                             0x08003608   Section       44  lc_numeric_c.o(locale$$code)
    locale$$code                             0x08003634   Section       44  lc_ctype_c.o(locale$$code)
    $v0                                      0x08003660   Number         0  fpinit.o(x$fpl$fpinit)
    x$fpl$fpinit                             0x08003660   Section       26  fpinit.o(x$fpl$fpinit)
    $v0                                      0x0800367a   Number         0  printf1.o(x$fpl$printf1)
    x$fpl$printf1                            0x0800367a   Section        4  printf1.o(x$fpl$printf1)
    $v0                                      0x0800367e   Number         0  printf2.o(x$fpl$printf2)
    x$fpl$printf2                            0x0800367e   Section        4  printf2.o(x$fpl$printf2)
    x$fpl$usenofp                            0x08003682   Section        0  usenofp.o(x$fpl$usenofp)
    initial_mbstate                          0x08003684   Data           8  _printf_wctomb.o(.constdata)
    .constdata                               0x08003684   Section        8  _printf_wctomb.o(.constdata)
    uc_hextab                                0x0800368c   Data          20  _printf_hex_int_ll_ptr.o(.constdata)
    .constdata                               0x0800368c   Section       40  _printf_hex_int_ll_ptr.o(.constdata)
    lc_hextab                                0x080036a0   Data          20  _printf_hex_int_ll_ptr.o(.constdata)
    maptable                                 0x080036b4   Data          17  __printf_flags_ss_wp.o(.constdata)
    .constdata                               0x080036b4   Section       17  __printf_flags_ss_wp.o(.constdata)
    lc_hextab                                0x080036c5   Data          19  _printf_fp_hex.o(.constdata)
    .constdata                               0x080036c5   Section       38  _printf_fp_hex.o(.constdata)
    uc_hextab                                0x080036d8   Data          19  _printf_fp_hex.o(.constdata)
    tenpwrs_x                                0x080036ec   Data          60  bigflt0.o(.constdata)
    .constdata                               0x080036ec   Section      148  bigflt0.o(.constdata)
    tenpwrs_i                                0x08003728   Data          64  bigflt0.o(.constdata)
    DMA_CalcBaseAndBitshift.flagBitshiftOffset 0x08003798   Data           8  stm32f4xx_hal_dma.o(.rodata.cst8)
    [Anonymous Symbol]                       0x08003798   Section        0  stm32f4xx_hal_dma.o(.rodata.cst8)
    locale$$data                             0x080037c0   Section       28  lc_numeric_c.o(locale$$data)
    __lcnum_c_name                           0x080037c4   Data           2  lc_numeric_c.o(locale$$data)
    __lcnum_c_start                          0x080037cc   Data           0  lc_numeric_c.o(locale$$data)
    __lcnum_c_point                          0x080037d8   Data           0  lc_numeric_c.o(locale$$data)
    __lcnum_c_thousands                      0x080037da   Data           0  lc_numeric_c.o(locale$$data)
    __lcnum_c_grouping                       0x080037db   Data           0  lc_numeric_c.o(locale$$data)
    __lcnum_c_end                            0x080037dc   Data           0  lc_numeric_c.o(locale$$data)
    locale$$data                             0x080037dc   Section      272  lc_ctype_c.o(locale$$data)
    __lcctype_c_name                         0x080037e0   Data           2  lc_ctype_c.o(locale$$data)
    __lcctype_c_start                        0x080037e8   Data           0  lc_ctype_c.o(locale$$data)
    __lcctype_c_end                          0x080038ec   Data           0  lc_ctype_c.o(locale$$data)
    .bss                                     0x20000010   Section       96  libspace.o(.bss)
    usart_1_printf.max_tx_buf                0x20000144   Data         128  serial.o(.bss.usart_1_printf.max_tx_buf)
    [Anonymous Symbol]                       0x20000144   Section        0  serial.o(.bss.usart_1_printf.max_tx_buf)
    Heap_Mem                                 0x200001c8   Data         512  startup_stm32f407xx.o(HEAP)
    HEAP                                     0x200001c8   Section      512  startup_stm32f407xx.o(HEAP)
    Stack_Mem                                0x200003c8   Data        1024  startup_stm32f407xx.o(STACK)
    STACK                                    0x200003c8   Section     1024  startup_stm32f407xx.o(STACK)
    __initial_sp                             0x200007c8   Data           0  startup_stm32f407xx.o(STACK)

    Global Symbols

    Symbol Name                              Value     Ov Type        Size  Object(Section)

    BuildAttributes$$THM_ISAv4$E$P$D$K$B$S$7EM$VFPi3$EXTD16$VFPS$VFMA$PE$A:L22UL41UL21$X:L11$S22US41US21$IEEE1$IW$~IW$USESV6$~STKCKD$USESV7$~SHL$OTIME$ROPI$IEEEJ$EBA8$UX$STANDARDLIB$REQ8$PRES8$EABIv2 0x00000000   Number         0  anon$$obj.o ABSOLUTE
    _printf_flags                            0x00000000   Number         0  printf_stubs.o ABSOLUTE
    _printf_return_value                     0x00000000   Number         0  printf_stubs.o ABSOLUTE
    _printf_sizespec                         0x00000000   Number         0  printf_stubs.o ABSOLUTE
    _printf_widthprec                        0x00000000   Number         0  printf_stubs.o ABSOLUTE
    __ARM_exceptions_init                     - Undefined Weak Reference
    __alloca_initialize                       - Undefined Weak Reference
    __arm_preinit_                            - Undefined Weak Reference
    __arm_relocate_pie_                       - Undefined Weak Reference
    __cpp_initialize__aeabi_                  - Undefined Weak Reference
    __cxa_finalize                            - Undefined Weak Reference
    __sigvec_lookup                           - Undefined Weak Reference
    _atexit_init                              - Undefined Weak Reference
    _call_atexit_fns                          - Undefined Weak Reference
    _clock_init                               - Undefined Weak Reference
    _fp_trap_init                             - Undefined Weak Reference
    _fp_trap_shutdown                         - Undefined Weak Reference
    _get_lc_collate                           - Undefined Weak Reference
    _get_lc_monetary                          - Undefined Weak Reference
    _get_lc_time                              - Undefined Weak Reference
    _getenv_init                              - Undefined Weak Reference
    _handle_redirection                       - Undefined Weak Reference
    _init_alloc                               - Undefined Weak Reference
    _init_user_alloc                          - Undefined Weak Reference
    _initio                                   - Undefined Weak Reference
    _printf_mbtowc                            - Undefined Weak Reference
    _printf_wc                                - Undefined Weak Reference
    _rand_init                                - Undefined Weak Reference
    _signal_finish                            - Undefined Weak Reference
    _signal_init                              - Undefined Weak Reference
    _terminate_alloc                          - Undefined Weak Reference
    _terminate_user_alloc                     - Undefined Weak Reference
    _terminateio                              - Undefined Weak Reference
    __Vectors_Size                           0x00000188   Number         0  startup_stm32f407xx.o ABSOLUTE
    __Vectors                                0x08000000   Data           4  startup_stm32f407xx.o(RESET)
    __Vectors_End                            0x08000188   Data           0  startup_stm32f407xx.o(RESET)
    __main                                   0x08000189   Thumb Code     8  __main.o(!!!main)
    __scatterload                            0x08000191   Thumb Code     0  __scatter.o(!!!scatter)
    __scatterload_rt2                        0x08000191   Thumb Code    84  __scatter.o(!!!scatter)
    __scatterload_rt2_thumb_only             0x08000191   Thumb Code     0  __scatter.o(!!!scatter)
    __scatterload_loop                       0x0800019b   Thumb Code     0  __scatter.o(!!!scatter)
    __scatterload_copy                       0x080001ed   Thumb Code    26  __scatter_copy.o(!!handler_copy)
    __scatterload_null                       0x08000209   Thumb Code     2  __scatter.o(!!handler_null)
    __scatterload_zeroinit                   0x0800020d   Thumb Code    28  __scatter_zi.o(!!handler_zi)
    _printf_n                                0x08000229   Thumb Code     0  _printf_n.o(.ARM.Collect$$_printf_percent$$00000001)
    _printf_percent                          0x08000229   Thumb Code     0  _printf_percent.o(.ARM.Collect$$_printf_percent$$00000000)
    _printf_p                                0x0800022f   Thumb Code     0  _printf_p.o(.ARM.Collect$$_printf_percent$$00000002)
    _printf_f                                0x08000235   Thumb Code     0  _printf_f.o(.ARM.Collect$$_printf_percent$$00000003)
    _printf_e                                0x0800023b   Thumb Code     0  _printf_e.o(.ARM.Collect$$_printf_percent$$00000004)
    _printf_g                                0x08000241   Thumb Code     0  _printf_g.o(.ARM.Collect$$_printf_percent$$00000005)
    _printf_a                                0x08000247   Thumb Code     0  _printf_a.o(.ARM.Collect$$_printf_percent$$00000006)
    _printf_ll                               0x0800024d   Thumb Code     0  _printf_ll.o(.ARM.Collect$$_printf_percent$$00000007)
    _printf_i                                0x08000257   Thumb Code     0  _printf_i.o(.ARM.Collect$$_printf_percent$$00000008)
    _printf_d                                0x0800025d   Thumb Code     0  _printf_d.o(.ARM.Collect$$_printf_percent$$00000009)
    _printf_u                                0x08000263   Thumb Code     0  _printf_u.o(.ARM.Collect$$_printf_percent$$0000000A)
    _printf_o                                0x08000269   Thumb Code     0  _printf_o.o(.ARM.Collect$$_printf_percent$$0000000B)
    _printf_x                                0x0800026f   Thumb Code     0  _printf_x.o(.ARM.Collect$$_printf_percent$$0000000C)
    _printf_lli                              0x08000275   Thumb Code     0  _printf_lli.o(.ARM.Collect$$_printf_percent$$0000000D)
    _printf_lld                              0x0800027b   Thumb Code     0  _printf_lld.o(.ARM.Collect$$_printf_percent$$0000000E)
    _printf_llu                              0x08000281   Thumb Code     0  _printf_llu.o(.ARM.Collect$$_printf_percent$$0000000F)
    _printf_llo                              0x08000287   Thumb Code     0  _printf_llo.o(.ARM.Collect$$_printf_percent$$00000010)
    _printf_llx                              0x0800028d   Thumb Code     0  _printf_llx.o(.ARM.Collect$$_printf_percent$$00000011)
    _printf_l                                0x08000293   Thumb Code     0  _printf_l.o(.ARM.Collect$$_printf_percent$$00000012)
    _printf_c                                0x0800029d   Thumb Code     0  _printf_c.o(.ARM.Collect$$_printf_percent$$00000013)
    _printf_s                                0x080002a3   Thumb Code     0  _printf_s.o(.ARM.Collect$$_printf_percent$$00000014)
    _printf_lc                               0x080002a9   Thumb Code     0  _printf_lc.o(.ARM.Collect$$_printf_percent$$00000015)
    _printf_ls                               0x080002af   Thumb Code     0  _printf_ls.o(.ARM.Collect$$_printf_percent$$00000016)
    _printf_percent_end                      0x080002b5   Thumb Code     0  _printf_percent_end.o(.ARM.Collect$$_printf_percent$$00000017)
    __rt_lib_init                            0x080002b9   Thumb Code     0  libinit.o(.ARM.Collect$$libinit$$00000000)
    __rt_lib_init_fp_1                       0x080002bb   Thumb Code     0  libinit2.o(.ARM.Collect$$libinit$$00000001)
    __rt_lib_init_heap_1                     0x080002bf   Thumb Code     0  libinit2.o(.ARM.Collect$$libinit$$0000000C)
    __rt_lib_init_lc_common                  0x080002bf   Thumb Code     0  libinit2.o(.ARM.Collect$$libinit$$00000011)
    __rt_lib_init_preinit_1                  0x080002bf   Thumb Code     0  libinit2.o(.ARM.Collect$$libinit$$00000006)
    __rt_lib_init_rand_1                     0x080002bf   Thumb Code     0  libinit2.o(.ARM.Collect$$libinit$$00000010)
    __rt_lib_init_relocate_pie_1             0x080002bf   Thumb Code     0  libinit2.o(.ARM.Collect$$libinit$$00000004)
    __rt_lib_init_user_alloc_1               0x080002bf   Thumb Code     0  libinit2.o(.ARM.Collect$$libinit$$0000000E)
    __rt_lib_init_lc_collate_1               0x080002c5   Thumb Code     0  libinit2.o(.ARM.Collect$$libinit$$00000013)
    __rt_lib_init_lc_ctype_2                 0x080002c5   Thumb Code     0  libinit2.o(.ARM.Collect$$libinit$$00000014)
    __rt_lib_init_lc_ctype_1                 0x080002d1   Thumb Code     0  libinit2.o(.ARM.Collect$$libinit$$00000015)
    __rt_lib_init_lc_monetary_1              0x080002d1   Thumb Code     0  libinit2.o(.ARM.Collect$$libinit$$00000017)
    __rt_lib_init_lc_numeric_2               0x080002d1   Thumb Code     0  libinit2.o(.ARM.Collect$$libinit$$00000018)
    __rt_lib_init_alloca_1                   0x080002db   Thumb Code     0  libinit2.o(.ARM.Collect$$libinit$$00000030)
    __rt_lib_init_argv_1                     0x080002db   Thumb Code     0  libinit2.o(.ARM.Collect$$libinit$$0000002E)
    __rt_lib_init_atexit_1                   0x080002db   Thumb Code     0  libinit2.o(.ARM.Collect$$libinit$$0000001D)
    __rt_lib_init_clock_1                    0x080002db   Thumb Code     0  libinit2.o(.ARM.Collect$$libinit$$00000023)
    __rt_lib_init_cpp_1                      0x080002db   Thumb Code     0  libinit2.o(.ARM.Collect$$libinit$$00000034)
    __rt_lib_init_exceptions_1               0x080002db   Thumb Code     0  libinit2.o(.ARM.Collect$$libinit$$00000032)
    __rt_lib_init_fp_trap_1                  0x080002db   Thumb Code     0  libinit2.o(.ARM.Collect$$libinit$$00000021)
    __rt_lib_init_getenv_1                   0x080002db   Thumb Code     0  libinit2.o(.ARM.Collect$$libinit$$00000025)
    __rt_lib_init_lc_numeric_1               0x080002db   Thumb Code     0  libinit2.o(.ARM.Collect$$libinit$$00000019)
    __rt_lib_init_lc_time_1                  0x080002db   Thumb Code     0  libinit2.o(.ARM.Collect$$libinit$$0000001B)
    __rt_lib_init_return                     0x080002db   Thumb Code     0  libinit2.o(.ARM.Collect$$libinit$$00000035)
    __rt_lib_init_signal_1                   0x080002db   Thumb Code     0  libinit2.o(.ARM.Collect$$libinit$$0000001F)
    __rt_lib_init_stdio_1                    0x080002db   Thumb Code     0  libinit2.o(.ARM.Collect$$libinit$$00000027)
    __rt_lib_shutdown                        0x080002dd   Thumb Code     0  libshutdown.o(.ARM.Collect$$libshutdown$$00000000)
    __rt_lib_shutdown_cpp_1                  0x080002df   Thumb Code     0  libshutdown2.o(.ARM.Collect$$libshutdown$$00000002)
    __rt_lib_shutdown_fp_trap_1              0x080002df   Thumb Code     0  libshutdown2.o(.ARM.Collect$$libshutdown$$00000007)
    __rt_lib_shutdown_heap_1                 0x080002df   Thumb Code     0  libshutdown2.o(.ARM.Collect$$libshutdown$$0000000F)
    __rt_lib_shutdown_return                 0x080002df   Thumb Code     0  libshutdown2.o(.ARM.Collect$$libshutdown$$00000010)
    __rt_lib_shutdown_signal_1               0x080002df   Thumb Code     0  libshutdown2.o(.ARM.Collect$$libshutdown$$0000000A)
    __rt_lib_shutdown_stdio_1                0x080002df   Thumb Code     0  libshutdown2.o(.ARM.Collect$$libshutdown$$00000004)
    __rt_lib_shutdown_user_alloc_1           0x080002df   Thumb Code     0  libshutdown2.o(.ARM.Collect$$libshutdown$$0000000C)
    __rt_entry                               0x080002e1   Thumb Code     0  __rtentry.o(.ARM.Collect$$rtentry$$00000000)
    __rt_entry_presh_1                       0x080002e1   Thumb Code     0  __rtentry2.o(.ARM.Collect$$rtentry$$00000002)
    __rt_entry_sh                            0x080002e1   Thumb Code     0  __rtentry4.o(.ARM.Collect$$rtentry$$00000004)
    __rt_entry_li                            0x080002e7   Thumb Code     0  __rtentry2.o(.ARM.Collect$$rtentry$$0000000A)
    __rt_entry_postsh_1                      0x080002e7   Thumb Code     0  __rtentry2.o(.ARM.Collect$$rtentry$$00000009)
    __rt_entry_main                          0x080002eb   Thumb Code     0  __rtentry2.o(.ARM.Collect$$rtentry$$0000000D)
    __rt_entry_postli_1                      0x080002eb   Thumb Code     0  __rtentry2.o(.ARM.Collect$$rtentry$$0000000C)
    __rt_exit                                0x080002f3   Thumb Code     0  rtexit.o(.ARM.Collect$$rtexit$$00000000)
    __rt_exit_ls                             0x080002f5   Thumb Code     0  rtexit2.o(.ARM.Collect$$rtexit$$00000003)
    __rt_exit_prels_1                        0x080002f5   Thumb Code     0  rtexit2.o(.ARM.Collect$$rtexit$$00000002)
    __rt_exit_exit                           0x080002f9   Thumb Code     0  rtexit2.o(.ARM.Collect$$rtexit$$00000004)
    Reset_Handler                            0x08000301   Thumb Code     8  startup_stm32f407xx.o(.text)
    ADC_IRQHandler                           0x0800031b   Thumb Code     0  startup_stm32f407xx.o(.text)
    CAN1_SCE_IRQHandler                      0x0800031b   Thumb Code     0  startup_stm32f407xx.o(.text)
    CAN1_TX_IRQHandler                       0x0800031b   Thumb Code     0  startup_stm32f407xx.o(.text)
    CAN2_RX0_IRQHandler                      0x0800031b   Thumb Code     0  startup_stm32f407xx.o(.text)
    CAN2_RX1_IRQHandler                      0x0800031b   Thumb Code     0  startup_stm32f407xx.o(.text)
    CAN2_SCE_IRQHandler                      0x0800031b   Thumb Code     0  startup_stm32f407xx.o(.text)
    CAN2_TX_IRQHandler                       0x0800031b   Thumb Code     0  startup_stm32f407xx.o(.text)
    DCMI_IRQHandler                          0x0800031b   Thumb Code     0  startup_stm32f407xx.o(.text)
    DMA1_Stream0_IRQHandler                  0x0800031b   Thumb Code     0  startup_stm32f407xx.o(.text)
    DMA1_Stream1_IRQHandler                  0x0800031b   Thumb Code     0  startup_stm32f407xx.o(.text)
    DMA1_Stream2_IRQHandler                  0x0800031b   Thumb Code     0  startup_stm32f407xx.o(.text)
    DMA1_Stream3_IRQHandler                  0x0800031b   Thumb Code     0  startup_stm32f407xx.o(.text)
    DMA1_Stream4_IRQHandler                  0x0800031b   Thumb Code     0  startup_stm32f407xx.o(.text)
    DMA1_Stream5_IRQHandler                  0x0800031b   Thumb Code     0  startup_stm32f407xx.o(.text)
    DMA1_Stream6_IRQHandler                  0x0800031b   Thumb Code     0  startup_stm32f407xx.o(.text)
    DMA1_Stream7_IRQHandler                  0x0800031b   Thumb Code     0  startup_stm32f407xx.o(.text)
    DMA2_Stream0_IRQHandler                  0x0800031b   Thumb Code     0  startup_stm32f407xx.o(.text)
    DMA2_Stream1_IRQHandler                  0x0800031b   Thumb Code     0  startup_stm32f407xx.o(.text)
    DMA2_Stream2_IRQHandler                  0x0800031b   Thumb Code     0  startup_stm32f407xx.o(.text)
    DMA2_Stream3_IRQHandler                  0x0800031b   Thumb Code     0  startup_stm32f407xx.o(.text)
    DMA2_Stream4_IRQHandler                  0x0800031b   Thumb Code     0  startup_stm32f407xx.o(.text)
    DMA2_Stream5_IRQHandler                  0x0800031b   Thumb Code     0  startup_stm32f407xx.o(.text)
    DMA2_Stream6_IRQHandler                  0x0800031b   Thumb Code     0  startup_stm32f407xx.o(.text)
    ETH_IRQHandler                           0x0800031b   Thumb Code     0  startup_stm32f407xx.o(.text)
    ETH_WKUP_IRQHandler                      0x0800031b   Thumb Code     0  startup_stm32f407xx.o(.text)
    EXTI0_IRQHandler                         0x0800031b   Thumb Code     0  startup_stm32f407xx.o(.text)
    EXTI15_10_IRQHandler                     0x0800031b   Thumb Code     0  startup_stm32f407xx.o(.text)
    EXTI1_IRQHandler                         0x0800031b   Thumb Code     0  startup_stm32f407xx.o(.text)
    EXTI2_IRQHandler                         0x0800031b   Thumb Code     0  startup_stm32f407xx.o(.text)
    EXTI3_IRQHandler                         0x0800031b   Thumb Code     0  startup_stm32f407xx.o(.text)
    EXTI4_IRQHandler                         0x0800031b   Thumb Code     0  startup_stm32f407xx.o(.text)
    EXTI9_5_IRQHandler                       0x0800031b   Thumb Code     0  startup_stm32f407xx.o(.text)
    FLASH_IRQHandler                         0x0800031b   Thumb Code     0  startup_stm32f407xx.o(.text)
    FMC_IRQHandler                           0x0800031b   Thumb Code     0  startup_stm32f407xx.o(.text)
    FPU_IRQHandler                           0x0800031b   Thumb Code     0  startup_stm32f407xx.o(.text)
    HASH_RNG_IRQHandler                      0x0800031b   Thumb Code     0  startup_stm32f407xx.o(.text)
    I2C1_ER_IRQHandler                       0x0800031b   Thumb Code     0  startup_stm32f407xx.o(.text)
    I2C1_EV_IRQHandler                       0x0800031b   Thumb Code     0  startup_stm32f407xx.o(.text)
    I2C2_ER_IRQHandler                       0x0800031b   Thumb Code     0  startup_stm32f407xx.o(.text)
    I2C2_EV_IRQHandler                       0x0800031b   Thumb Code     0  startup_stm32f407xx.o(.text)
    I2C3_ER_IRQHandler                       0x0800031b   Thumb Code     0  startup_stm32f407xx.o(.text)
    I2C3_EV_IRQHandler                       0x0800031b   Thumb Code     0  startup_stm32f407xx.o(.text)
    OTG_FS_IRQHandler                        0x0800031b   Thumb Code     0  startup_stm32f407xx.o(.text)
    OTG_FS_WKUP_IRQHandler                   0x0800031b   Thumb Code     0  startup_stm32f407xx.o(.text)
    OTG_HS_EP1_IN_IRQHandler                 0x0800031b   Thumb Code     0  startup_stm32f407xx.o(.text)
    OTG_HS_EP1_OUT_IRQHandler                0x0800031b   Thumb Code     0  startup_stm32f407xx.o(.text)
    OTG_HS_IRQHandler                        0x0800031b   Thumb Code     0  startup_stm32f407xx.o(.text)
    OTG_HS_WKUP_IRQHandler                   0x0800031b   Thumb Code     0  startup_stm32f407xx.o(.text)
    PVD_IRQHandler                           0x0800031b   Thumb Code     0  startup_stm32f407xx.o(.text)
    RCC_IRQHandler                           0x0800031b   Thumb Code     0  startup_stm32f407xx.o(.text)
    RTC_Alarm_IRQHandler                     0x0800031b   Thumb Code     0  startup_stm32f407xx.o(.text)
    RTC_WKUP_IRQHandler                      0x0800031b   Thumb Code     0  startup_stm32f407xx.o(.text)
    SDIO_IRQHandler                          0x0800031b   Thumb Code     0  startup_stm32f407xx.o(.text)
    SPI1_IRQHandler                          0x0800031b   Thumb Code     0  startup_stm32f407xx.o(.text)
    SPI2_IRQHandler                          0x0800031b   Thumb Code     0  startup_stm32f407xx.o(.text)
    SPI3_IRQHandler                          0x0800031b   Thumb Code     0  startup_stm32f407xx.o(.text)
    TAMP_STAMP_IRQHandler                    0x0800031b   Thumb Code     0  startup_stm32f407xx.o(.text)
    TIM1_BRK_TIM9_IRQHandler                 0x0800031b   Thumb Code     0  startup_stm32f407xx.o(.text)
    TIM1_CC_IRQHandler                       0x0800031b   Thumb Code     0  startup_stm32f407xx.o(.text)
    TIM1_TRG_COM_TIM11_IRQHandler            0x0800031b   Thumb Code     0  startup_stm32f407xx.o(.text)
    TIM1_UP_TIM10_IRQHandler                 0x0800031b   Thumb Code     0  startup_stm32f407xx.o(.text)
    TIM2_IRQHandler                          0x0800031b   Thumb Code     0  startup_stm32f407xx.o(.text)
    TIM3_IRQHandler                          0x0800031b   Thumb Code     0  startup_stm32f407xx.o(.text)
    TIM4_IRQHandler                          0x0800031b   Thumb Code     0  startup_stm32f407xx.o(.text)
    TIM5_IRQHandler                          0x0800031b   Thumb Code     0  startup_stm32f407xx.o(.text)
    TIM6_DAC_IRQHandler                      0x0800031b   Thumb Code     0  startup_stm32f407xx.o(.text)
    TIM7_IRQHandler                          0x0800031b   Thumb Code     0  startup_stm32f407xx.o(.text)
    TIM8_BRK_TIM12_IRQHandler                0x0800031b   Thumb Code     0  startup_stm32f407xx.o(.text)
    TIM8_CC_IRQHandler                       0x0800031b   Thumb Code     0  startup_stm32f407xx.o(.text)
    TIM8_TRG_COM_TIM14_IRQHandler            0x0800031b   Thumb Code     0  startup_stm32f407xx.o(.text)
    TIM8_UP_TIM13_IRQHandler                 0x0800031b   Thumb Code     0  startup_stm32f407xx.o(.text)
    UART4_IRQHandler                         0x0800031b   Thumb Code     0  startup_stm32f407xx.o(.text)
    UART5_IRQHandler                         0x0800031b   Thumb Code     0  startup_stm32f407xx.o(.text)
    USART1_IRQHandler                        0x0800031b   Thumb Code     0  startup_stm32f407xx.o(.text)
    USART2_IRQHandler                        0x0800031b   Thumb Code     0  startup_stm32f407xx.o(.text)
    USART3_IRQHandler                        0x0800031b   Thumb Code     0  startup_stm32f407xx.o(.text)
    USART6_IRQHandler                        0x0800031b   Thumb Code     0  startup_stm32f407xx.o(.text)
    WWDG_IRQHandler                          0x0800031b   Thumb Code     0  startup_stm32f407xx.o(.text)
    __user_initial_stackheap                 0x0800031d   Thumb Code     0  startup_stm32f407xx.o(.text)
    __aeabi_uldivmod                         0x08000341   Thumb Code     0  lludivv7m.o(.text)
    _ll_udiv                                 0x08000341   Thumb Code   240  lludivv7m.o(.text)
    vsprintf                                 0x08000431   Thumb Code    32  vsprintf.o(.text)
    __aeabi_memclr4                          0x08000455   Thumb Code     0  rt_memclr_w.o(.text)
    __aeabi_memclr8                          0x08000455   Thumb Code     0  rt_memclr_w.o(.text)
    __rt_memclr_w                            0x08000455   Thumb Code     0  rt_memclr_w.o(.text)
    _memset_w                                0x08000459   Thumb Code    74  rt_memclr_w.o(.text)
    __use_two_region_memory                  0x080004a3   Thumb Code     2  heapauxi.o(.text)
    __rt_heap_escrow$2region                 0x080004a5   Thumb Code     2  heapauxi.o(.text)
    __rt_heap_expand$2region                 0x080004a7   Thumb Code     2  heapauxi.o(.text)
    _printf_pre_padding                      0x080004a9   Thumb Code    44  _printf_pad.o(.text)
    _printf_post_padding                     0x080004d5   Thumb Code    34  _printf_pad.o(.text)
    _printf_truncate_signed                  0x080004f7   Thumb Code    18  _printf_truncate.o(.text)
    _printf_truncate_unsigned                0x08000509   Thumb Code    18  _printf_truncate.o(.text)
    _printf_str                              0x0800051b   Thumb Code    82  _printf_str.o(.text)
    _printf_int_dec                          0x0800056d   Thumb Code   104  _printf_dec.o(.text)
    _printf_charcount                        0x080005e5   Thumb Code    40  _printf_charcount.o(.text)
    _printf_char_common                      0x08000617   Thumb Code    32  _printf_char_common.o(.text)
    _sputc                                   0x0800063d   Thumb Code    10  _sputc.o(.text)
    _printf_wctomb                           0x08000649   Thumb Code   182  _printf_wctomb.o(.text)
    _printf_longlong_dec                     0x08000705   Thumb Code   108  _printf_longlong_dec.o(.text)
    _printf_longlong_oct                     0x08000781   Thumb Code    68  _printf_oct_int_ll.o(.text)
    _printf_int_oct                          0x080007c5   Thumb Code    24  _printf_oct_int_ll.o(.text)
    _printf_ll_oct                           0x080007dd   Thumb Code    12  _printf_oct_int_ll.o(.text)
    _printf_longlong_hex                     0x080007f1   Thumb Code    86  _printf_hex_int_ll_ptr.o(.text)
    _printf_int_hex                          0x08000847   Thumb Code    28  _printf_hex_int_ll_ptr.o(.text)
    _printf_ll_hex                           0x08000863   Thumb Code    12  _printf_hex_int_ll_ptr.o(.text)
    _printf_hex_ptr                          0x0800086f   Thumb Code    18  _printf_hex_int_ll_ptr.o(.text)
    __printf                                 0x08000885   Thumb Code   388  __printf_flags_ss_wp.o(.text)
    _ll_udiv10                               0x08000a0d   Thumb Code   138  lludiv10.o(.text)
    _printf_int_common                       0x08000a97   Thumb Code   178  _printf_intcommon.o(.text)
    _printf_fp_dec_real                      0x08000cf9   Thumb Code   620  _printf_fp_dec.o(.text)
    _printf_fp_hex_real                      0x08000f65   Thumb Code   756  _printf_fp_hex.o(.text)
    _printf_cs_common                        0x08001261   Thumb Code    20  _printf_char.o(.text)
    _printf_char                             0x08001275   Thumb Code    16  _printf_char.o(.text)
    _printf_string                           0x08001285   Thumb Code     8  _printf_char.o(.text)
    _printf_lcs_common                       0x0800128d   Thumb Code    20  _printf_wchar.o(.text)
    _printf_wchar                            0x080012a1   Thumb Code    16  _printf_wchar.o(.text)
    _printf_wstring                          0x080012b1   Thumb Code     8  _printf_wchar.o(.text)
    _c16rtomb                                0x080012b9   Thumb Code    72  _c16rtomb.o(.text)
    _wcrtomb                                 0x080012b9   Thumb Code     0  _c16rtomb.o(.text)
    __user_setup_stackheap                   0x08001301   Thumb Code    74  sys_stackheap_outer.o(.text)
    __rt_ctype_table                         0x0800134d   Thumb Code    16  rt_ctype_table.o(.text)
    __rt_locale                              0x0800135d   Thumb Code     8  rt_locale_intlibspace.o(.text)
    _printf_fp_infnan                        0x08001365   Thumb Code   112  _printf_fp_infnan.o(.text)
    _btod_etento                             0x080013e5   Thumb Code   224  bigflt0.o(.text)
    exit                                     0x080014c9   Thumb Code    18  exit.o(.text)
    __user_libspace                          0x080014dd   Thumb Code     8  libspace.o(.text)
    __user_perproc_libspace                  0x080014dd   Thumb Code     0  libspace.o(.text)
    __user_perthread_libspace                0x080014dd   Thumb Code     0  libspace.o(.text)
    strcmp                                   0x080014e9   Thumb Code   124  strcmpv7em.o(.text)
    _sys_exit                                0x08001565   Thumb Code     8  sys_exit.o(.text)
    __I$use$semihosting                      0x08001571   Thumb Code     0  use_no_semi.o(.text)
    __use_no_semihosting_swi                 0x08001571   Thumb Code     2  use_no_semi.o(.text)
    __semihosting_library_function           0x08001573   Thumb Code     0  indicate_semi.o(.text)
    BusFault_Handler                         0x08001575   Thumb Code     2  stm32f4xx_it.o(.text.BusFault_Handler)
    CAN1_RX0_IRQHandler                      0x08001579   Thumb Code    12  stm32f4xx_it.o(.text.CAN1_RX0_IRQHandler)
    CAN1_RX1_IRQHandler                      0x08001585   Thumb Code    12  stm32f4xx_it.o(.text.CAN1_RX1_IRQHandler)
    CANInit                                  0x08001591   Thumb Code    28  can_file.o(.text.CANInit)
    DMA2_Stream7_IRQHandler                  0x080015ad   Thumb Code    12  stm32f4xx_it.o(.text.DMA2_Stream7_IRQHandler)
    DebugMon_Handler                         0x080015b9   Thumb Code     2  stm32f4xx_it.o(.text.DebugMon_Handler)
    Error_Handler                            0x080015bd   Thumb Code     6  main.o(.text.Error_Handler)
    HAL_CAN_ActivateNotification             0x080015c5   Thumb Code    38  stm32f4xx_hal_can.o(.text.HAL_CAN_ActivateNotification)
    HAL_CAN_ErrorCallback                    0x080015ed   Thumb Code     2  stm32f4xx_hal_can.o(.text.HAL_CAN_ErrorCallback)
    HAL_CAN_GetRxMessage                     0x080015f1   Thumb Code   284  stm32f4xx_hal_can.o(.text.HAL_CAN_GetRxMessage)
    HAL_CAN_IRQHandler                       0x0800170d   Thumb Code   578  stm32f4xx_hal_can.o(.text.HAL_CAN_IRQHandler)
    HAL_CAN_Init                             0x08001951   Thumb Code   244  stm32f4xx_hal_can.o(.text.HAL_CAN_Init)
    HAL_CAN_MspInit                          0x08001a45   Thumb Code   144  can.o(.text.HAL_CAN_MspInit)
    HAL_CAN_RxFifo0FullCallback              0x08001ad5   Thumb Code     2  stm32f4xx_hal_can.o(.text.HAL_CAN_RxFifo0FullCallback)
    HAL_CAN_RxFifo0MsgPendingCallback        0x08001ad9   Thumb Code   104  can_file.o(.text.HAL_CAN_RxFifo0MsgPendingCallback)
    HAL_CAN_RxFifo1FullCallback              0x08001b69   Thumb Code     2  stm32f4xx_hal_can.o(.text.HAL_CAN_RxFifo1FullCallback)
    HAL_CAN_RxFifo1MsgPendingCallback        0x08001b6d   Thumb Code     2  stm32f4xx_hal_can.o(.text.HAL_CAN_RxFifo1MsgPendingCallback)
    HAL_CAN_SleepCallback                    0x08001b71   Thumb Code     2  stm32f4xx_hal_can.o(.text.HAL_CAN_SleepCallback)
    HAL_CAN_Start                            0x08001b75   Thumb Code    90  stm32f4xx_hal_can.o(.text.HAL_CAN_Start)
    HAL_CAN_TxMailbox0AbortCallback          0x08001bd1   Thumb Code     2  stm32f4xx_hal_can.o(.text.HAL_CAN_TxMailbox0AbortCallback)
    HAL_CAN_TxMailbox0CompleteCallback       0x08001bd5   Thumb Code     2  stm32f4xx_hal_can.o(.text.HAL_CAN_TxMailbox0CompleteCallback)
    HAL_CAN_TxMailbox1AbortCallback          0x08001bd9   Thumb Code     2  stm32f4xx_hal_can.o(.text.HAL_CAN_TxMailbox1AbortCallback)
    HAL_CAN_TxMailbox1CompleteCallback       0x08001bdd   Thumb Code     2  stm32f4xx_hal_can.o(.text.HAL_CAN_TxMailbox1CompleteCallback)
    HAL_CAN_TxMailbox2AbortCallback          0x08001be1   Thumb Code     2  stm32f4xx_hal_can.o(.text.HAL_CAN_TxMailbox2AbortCallback)
    HAL_CAN_TxMailbox2CompleteCallback       0x08001be5   Thumb Code     2  stm32f4xx_hal_can.o(.text.HAL_CAN_TxMailbox2CompleteCallback)
    HAL_CAN_WakeUpFromRxMsgCallback          0x08001be9   Thumb Code     2  stm32f4xx_hal_can.o(.text.HAL_CAN_WakeUpFromRxMsgCallback)
    HAL_DMA_IRQHandler                       0x08001bed   Thumb Code   392  stm32f4xx_hal_dma.o(.text.HAL_DMA_IRQHandler)
    HAL_DMA_Init                             0x08001d75   Thumb Code   318  stm32f4xx_hal_dma.o(.text.HAL_DMA_Init)
    HAL_DMA_Start_IT                         0x08001eb5   Thumb Code   160  stm32f4xx_hal_dma.o(.text.HAL_DMA_Start_IT)
    HAL_GPIO_Init                            0x08001f55   Thumb Code   404  stm32f4xx_hal_gpio.o(.text.HAL_GPIO_Init)
    HAL_GetTick                              0x080020e9   Thumb Code    12  stm32f4xx_hal.o(.text.HAL_GetTick)
    HAL_IncTick                              0x080020f5   Thumb Code    26  stm32f4xx_hal.o(.text.HAL_IncTick)
    HAL_Init                                 0x08002111   Thumb Code    54  stm32f4xx_hal.o(.text.HAL_Init)
    HAL_InitTick                             0x08002149   Thumb Code    80  stm32f4xx_hal.o(.text.HAL_InitTick)
    HAL_MspInit                              0x08002199   Thumb Code    56  stm32f4xx_hal_msp.o(.text.HAL_MspInit)
    HAL_NVIC_EnableIRQ                       0x080021d1   Thumb Code    34  stm32f4xx_hal_cortex.o(.text.HAL_NVIC_EnableIRQ)
    HAL_NVIC_SetPriority                     0x080021f5   Thumb Code    86  stm32f4xx_hal_cortex.o(.text.HAL_NVIC_SetPriority)
    HAL_NVIC_SetPriorityGrouping             0x0800224d   Thumb Code    32  stm32f4xx_hal_cortex.o(.text.HAL_NVIC_SetPriorityGrouping)
    HAL_RCC_ClockConfig                      0x0800226d   Thumb Code   352  stm32f4xx_hal_rcc.o(.text.HAL_RCC_ClockConfig)
    HAL_RCC_GetPCLK1Freq                     0x080023cd   Thumb Code    38  stm32f4xx_hal_rcc.o(.text.HAL_RCC_GetPCLK1Freq)
    HAL_RCC_GetPCLK2Freq                     0x080023f5   Thumb Code    38  stm32f4xx_hal_rcc.o(.text.HAL_RCC_GetPCLK2Freq)
    HAL_RCC_GetSysClockFreq                  0x0800241d   Thumb Code   106  stm32f4xx_hal_rcc.o(.text.HAL_RCC_GetSysClockFreq)
    HAL_RCC_OscConfig                        0x08002489   Thumb Code   860  stm32f4xx_hal_rcc.o(.text.HAL_RCC_OscConfig)
    HAL_SYSTICK_Config                       0x080027e5   Thumb Code    44  stm32f4xx_hal_cortex.o(.text.HAL_SYSTICK_Config)
    HAL_UART_ErrorCallback                   0x08002811   Thumb Code     2  stm32f4xx_hal_uart.o(.text.HAL_UART_ErrorCallback)
    HAL_UART_Init                            0x08002815   Thumb Code    96  stm32f4xx_hal_uart.o(.text.HAL_UART_Init)
    HAL_UART_MspInit                         0x08002875   Thumb Code   238  usart.o(.text.HAL_UART_MspInit)
    HAL_UART_Transmit_DMA                    0x08002965   Thumb Code   146  stm32f4xx_hal_uart.o(.text.HAL_UART_Transmit_DMA)
    HAL_UART_TxCpltCallback                  0x080029f9   Thumb Code     2  stm32f4xx_hal_uart.o(.text.HAL_UART_TxCpltCallback)
    HAL_UART_TxHalfCpltCallback              0x080029fd   Thumb Code     2  stm32f4xx_hal_uart.o(.text.HAL_UART_TxHalfCpltCallback)
    HardFault_Handler                        0x08002a01   Thumb Code     2  stm32f4xx_it.o(.text.HardFault_Handler)
    MX_CAN1_Init                             0x08002a05   Thumb Code    64  can.o(.text.MX_CAN1_Init)
    MX_DMA_Init                              0x08002a45   Thumb Code    56  dma.o(.text.MX_DMA_Init)
    MX_GPIO_Init                             0x08002a7d   Thumb Code    96  gpio.o(.text.MX_GPIO_Init)
    MX_USART1_UART_Init                      0x08002add   Thumb Code    60  usart.o(.text.MX_USART1_UART_Init)
    MemManage_Handler                        0x08002b19   Thumb Code     2  stm32f4xx_it.o(.text.MemManage_Handler)
    NMI_Handler                              0x08002b1d   Thumb Code     2  stm32f4xx_it.o(.text.NMI_Handler)
    PendSV_Handler                           0x08002b21   Thumb Code     2  stm32f4xx_it.o(.text.PendSV_Handler)
    SVC_Handler                              0x08002b25   Thumb Code     2  stm32f4xx_it.o(.text.SVC_Handler)
    SysTick_Handler                          0x08002b29   Thumb Code     4  stm32f4xx_it.o(.text.SysTick_Handler)
    SystemClock_Config                       0x08002b2d   Thumb Code   166  main.o(.text.SystemClock_Config)
    SystemInit                               0x08002bd5   Thumb Code    18  system_stm32f4xx.o(.text.SystemInit)
    UsageFault_Handler                       0x08002db5   Thumb Code     2  stm32f4xx_it.o(.text.UsageFault_Handler)
    main                                     0x08002db9   Thumb Code    64  main.o(.text.main)
    usart_1_printf                           0x08002dfd   Thumb Code    58  serial.o(.text.usart_1_printf)
    _btod_d2e                                0x08002e37   Thumb Code    62  btod.o(CL$$btod_d2e)
    _d2e_denorm_low                          0x08002e75   Thumb Code    70  btod.o(CL$$btod_d2e_denorm_low)
    _d2e_norm_op1                            0x08002ebb   Thumb Code    96  btod.o(CL$$btod_d2e_norm_op1)
    __btod_div_common                        0x08002f1d   Thumb Code   696  btod.o(CL$$btod_div_common)
    _e2e                                     0x08003255   Thumb Code   220  btod.o(CL$$btod_e2e)
    _btod_ediv                               0x08003331   Thumb Code    42  btod.o(CL$$btod_ediv)
    _btod_emul                               0x0800335b   Thumb Code    42  btod.o(CL$$btod_emul)
    __btod_mult_common                       0x08003385   Thumb Code   580  btod.o(CL$$btod_mult_common)
    __ARM_fpclassify                         0x080035c9   Thumb Code    48  fpclassify.o(i.__ARM_fpclassify)
    _is_digit                                0x080035f9   Thumb Code    14  __printf_wp.o(i._is_digit)
    _get_lc_numeric                          0x08003609   Thumb Code    44  lc_numeric_c.o(locale$$code)
    _get_lc_ctype                            0x08003635   Thumb Code    44  lc_ctype_c.o(locale$$code)
    _fp_init                                 0x08003661   Thumb Code    26  fpinit.o(x$fpl$fpinit)
    __fplib_config_fpu_vfp                   0x08003679   Thumb Code     0  fpinit.o(x$fpl$fpinit)
    __fplib_config_pureend_doubles           0x08003679   Thumb Code     0  fpinit.o(x$fpl$fpinit)
    _printf_fp_dec                           0x0800367b   Thumb Code     4  printf1.o(x$fpl$printf1)
    _printf_fp_hex                           0x0800367f   Thumb Code     4  printf2.o(x$fpl$printf2)
    __I$use$fp                               0x08003682   Number         0  usenofp.o(x$fpl$usenofp)
    AHBPrescTable                            0x08003780   Data          16  system_stm32f4xx.o(.rodata.AHBPrescTable)
    APBPrescTable                            0x08003790   Data           8  system_stm32f4xx.o(.rodata.APBPrescTable)
    Region$$Table$$Base                      0x080037a0   Number         0  anon$$obj.o(Region$$Table)
    Region$$Table$$Limit                     0x080037c0   Number         0  anon$$obj.o(Region$$Table)
    __ctype                                  0x080037e9   Data           0  lc_ctype_c.o(locale$$data)
    SystemCoreClock                          0x20000000   Data           4  system_stm32f4xx.o(.data.SystemCoreClock)
    uwTickFreq                               0x20000004   Data           1  stm32f4xx_hal.o(.data.uwTickFreq)
    uwTickPrio                               0x20000008   Data           4  stm32f4xx_hal.o(.data.uwTickPrio)
    __libspace_start                         0x20000010   Data          96  libspace.o(.bss)
    Data_1                                   0x20000070   Data           4  can_file.o(.bss.Data_1)
    __temporary_stack_top$libspace           0x20000070   Data           0  libspace.o(.bss)
    hcan1                                    0x20000074   Data          40  can.o(.bss.hcan1)
    hdma_usart1_tx                           0x2000009c   Data          96  usart.o(.bss.hdma_usart1_tx)
    huart1                                   0x200000fc   Data          72  usart.o(.bss.huart1)
    uwTick                                   0x200001c4   Data           4  stm32f4xx_hal.o(.bss.uwTick)



==============================================================================

Memory Map of the image

  Image Entry point : 0x08000189

  Load Region LR_IROM1 (Base: 0x08000000, Size: 0x00003900, Max: 0x00100000, ABSOLUTE)

    Execution Region ER_IROM1 (Exec base: 0x08000000, Load base: 0x08000000, Size: 0x000038ec, Max: 0x00100000, ABSOLUTE)

    Exec Addr    Load Addr    Size         Type   Attr      Idx    E Section Name        Object

    0x08000000   0x08000000   0x00000188   Data   RO            3    RESET               startup_stm32f407xx.o
    0x08000188   0x08000188   0x00000008   Code   RO          768  * !!!main             c_w.l(__main.o)
    0x08000190   0x08000190   0x0000005c   Code   RO         1115    !!!scatter          c_w.l(__scatter.o)
    0x080001ec   0x080001ec   0x0000001a   Code   RO         1119    !!handler_copy      c_w.l(__scatter_copy.o)
    0x08000206   0x08000206   0x00000002   PAD
    0x08000208   0x08000208   0x00000002   Code   RO         1116    !!handler_null      c_w.l(__scatter.o)
    0x0800020a   0x0800020a   0x00000002   PAD
    0x0800020c   0x0800020c   0x0000001c   Code   RO         1121    !!handler_zi        c_w.l(__scatter_zi.o)
    0x08000228   0x08000228   0x00000000   Code   RO          856    .ARM.Collect$$_printf_percent$$00000000  c_w.l(_printf_percent.o)
    0x08000228   0x08000228   0x00000006   Code   RO          845    .ARM.Collect$$_printf_percent$$00000001  c_w.l(_printf_n.o)
    0x0800022e   0x0800022e   0x00000006   Code   RO          847    .ARM.Collect$$_printf_percent$$00000002  c_w.l(_printf_p.o)
    0x08000234   0x08000234   0x00000006   Code   RO          852    .ARM.Collect$$_printf_percent$$00000003  c_w.l(_printf_f.o)
    0x0800023a   0x0800023a   0x00000006   Code   RO          853    .ARM.Collect$$_printf_percent$$00000004  c_w.l(_printf_e.o)
    0x08000240   0x08000240   0x00000006   Code   RO          854    .ARM.Collect$$_printf_percent$$00000005  c_w.l(_printf_g.o)
    0x08000246   0x08000246   0x00000006   Code   RO          855    .ARM.Collect$$_printf_percent$$00000006  c_w.l(_printf_a.o)
    0x0800024c   0x0800024c   0x0000000a   Code   RO          860    .ARM.Collect$$_printf_percent$$00000007  c_w.l(_printf_ll.o)
    0x08000256   0x08000256   0x00000006   Code   RO          849    .ARM.Collect$$_printf_percent$$00000008  c_w.l(_printf_i.o)
    0x0800025c   0x0800025c   0x00000006   Code   RO          850    .ARM.Collect$$_printf_percent$$00000009  c_w.l(_printf_d.o)
    0x08000262   0x08000262   0x00000006   Code   RO          851    .ARM.Collect$$_printf_percent$$0000000A  c_w.l(_printf_u.o)
    0x08000268   0x08000268   0x00000006   Code   RO          848    .ARM.Collect$$_printf_percent$$0000000B  c_w.l(_printf_o.o)
    0x0800026e   0x0800026e   0x00000006   Code   RO          846    .ARM.Collect$$_printf_percent$$0000000C  c_w.l(_printf_x.o)
    0x08000274   0x08000274   0x00000006   Code   RO          857    .ARM.Collect$$_printf_percent$$0000000D  c_w.l(_printf_lli.o)
    0x0800027a   0x0800027a   0x00000006   Code   RO          858    .ARM.Collect$$_printf_percent$$0000000E  c_w.l(_printf_lld.o)
    0x08000280   0x08000280   0x00000006   Code   RO          859    .ARM.Collect$$_printf_percent$$0000000F  c_w.l(_printf_llu.o)
    0x08000286   0x08000286   0x00000006   Code   RO          864    .ARM.Collect$$_printf_percent$$00000010  c_w.l(_printf_llo.o)
    0x0800028c   0x0800028c   0x00000006   Code   RO          865    .ARM.Collect$$_printf_percent$$00000011  c_w.l(_printf_llx.o)
    0x08000292   0x08000292   0x0000000a   Code   RO          861    .ARM.Collect$$_printf_percent$$00000012  c_w.l(_printf_l.o)
    0x0800029c   0x0800029c   0x00000006   Code   RO          843    .ARM.Collect$$_printf_percent$$00000013  c_w.l(_printf_c.o)
    0x080002a2   0x080002a2   0x00000006   Code   RO          844    .ARM.Collect$$_printf_percent$$00000014  c_w.l(_printf_s.o)
    0x080002a8   0x080002a8   0x00000006   Code   RO          862    .ARM.Collect$$_printf_percent$$00000015  c_w.l(_printf_lc.o)
    0x080002ae   0x080002ae   0x00000006   Code   RO          863    .ARM.Collect$$_printf_percent$$00000016  c_w.l(_printf_ls.o)
    0x080002b4   0x080002b4   0x00000004   Code   RO          908    .ARM.Collect$$_printf_percent$$00000017  c_w.l(_printf_percent_end.o)
    0x080002b8   0x080002b8   0x00000002   Code   RO          963    .ARM.Collect$$libinit$$00000000  c_w.l(libinit.o)
    0x080002ba   0x080002ba   0x00000004   Code   RO          987    .ARM.Collect$$libinit$$00000001  c_w.l(libinit2.o)
    0x080002be   0x080002be   0x00000000   Code   RO          990    .ARM.Collect$$libinit$$00000004  c_w.l(libinit2.o)
    0x080002be   0x080002be   0x00000000   Code   RO          992    .ARM.Collect$$libinit$$00000006  c_w.l(libinit2.o)
    0x080002be   0x080002be   0x00000000   Code   RO          995    .ARM.Collect$$libinit$$0000000C  c_w.l(libinit2.o)
    0x080002be   0x080002be   0x00000000   Code   RO          997    .ARM.Collect$$libinit$$0000000E  c_w.l(libinit2.o)
    0x080002be   0x080002be   0x00000000   Code   RO          999    .ARM.Collect$$libinit$$00000010  c_w.l(libinit2.o)
    0x080002be   0x080002be   0x00000006   Code   RO         1000    .ARM.Collect$$libinit$$00000011  c_w.l(libinit2.o)
    0x080002c4   0x080002c4   0x00000000   Code   RO         1002    .ARM.Collect$$libinit$$00000013  c_w.l(libinit2.o)
    0x080002c4   0x080002c4   0x0000000c   Code   RO         1003    .ARM.Collect$$libinit$$00000014  c_w.l(libinit2.o)
    0x080002d0   0x080002d0   0x00000000   Code   RO         1004    .ARM.Collect$$libinit$$00000015  c_w.l(libinit2.o)
    0x080002d0   0x080002d0   0x00000000   Code   RO         1006    .ARM.Collect$$libinit$$00000017  c_w.l(libinit2.o)
    0x080002d0   0x080002d0   0x0000000a   Code   RO         1007    .ARM.Collect$$libinit$$00000018  c_w.l(libinit2.o)
    0x080002da   0x080002da   0x00000000   Code   RO         1008    .ARM.Collect$$libinit$$00000019  c_w.l(libinit2.o)
    0x080002da   0x080002da   0x00000000   Code   RO         1010    .ARM.Collect$$libinit$$0000001B  c_w.l(libinit2.o)
    0x080002da   0x080002da   0x00000000   Code   RO         1012    .ARM.Collect$$libinit$$0000001D  c_w.l(libinit2.o)
    0x080002da   0x080002da   0x00000000   Code   RO         1014    .ARM.Collect$$libinit$$0000001F  c_w.l(libinit2.o)
    0x080002da   0x080002da   0x00000000   Code   RO         1016    .ARM.Collect$$libinit$$00000021  c_w.l(libinit2.o)
    0x080002da   0x080002da   0x00000000   Code   RO         1018    .ARM.Collect$$libinit$$00000023  c_w.l(libinit2.o)
    0x080002da   0x080002da   0x00000000   Code   RO         1020    .ARM.Collect$$libinit$$00000025  c_w.l(libinit2.o)
    0x080002da   0x080002da   0x00000000   Code   RO         1022    .ARM.Collect$$libinit$$00000027  c_w.l(libinit2.o)
    0x080002da   0x080002da   0x00000000   Code   RO         1026    .ARM.Collect$$libinit$$0000002E  c_w.l(libinit2.o)
    0x080002da   0x080002da   0x00000000   Code   RO         1028    .ARM.Collect$$libinit$$00000030  c_w.l(libinit2.o)
    0x080002da   0x080002da   0x00000000   Code   RO         1030    .ARM.Collect$$libinit$$00000032  c_w.l(libinit2.o)
    0x080002da   0x080002da   0x00000000   Code   RO         1032    .ARM.Collect$$libinit$$00000034  c_w.l(libinit2.o)
    0x080002da   0x080002da   0x00000002   Code   RO         1033    .ARM.Collect$$libinit$$00000035  c_w.l(libinit2.o)
    0x080002dc   0x080002dc   0x00000002   Code   RO         1070    .ARM.Collect$$libshutdown$$00000000  c_w.l(libshutdown.o)
    0x080002de   0x080002de   0x00000000   Code   RO         1098    .ARM.Collect$$libshutdown$$00000002  c_w.l(libshutdown2.o)
    0x080002de   0x080002de   0x00000000   Code   RO         1100    .ARM.Collect$$libshutdown$$00000004  c_w.l(libshutdown2.o)
    0x080002de   0x080002de   0x00000000   Code   RO         1103    .ARM.Collect$$libshutdown$$00000007  c_w.l(libshutdown2.o)
    0x080002de   0x080002de   0x00000000   Code   RO         1106    .ARM.Collect$$libshutdown$$0000000A  c_w.l(libshutdown2.o)
    0x080002de   0x080002de   0x00000000   Code   RO         1108    .ARM.Collect$$libshutdown$$0000000C  c_w.l(libshutdown2.o)
    0x080002de   0x080002de   0x00000000   Code   RO         1111    .ARM.Collect$$libshutdown$$0000000F  c_w.l(libshutdown2.o)
    0x080002de   0x080002de   0x00000002   Code   RO         1112    .ARM.Collect$$libshutdown$$00000010  c_w.l(libshutdown2.o)
    0x080002e0   0x080002e0   0x00000000   Code   RO          770    .ARM.Collect$$rtentry$$00000000  c_w.l(__rtentry.o)
    0x080002e0   0x080002e0   0x00000000   Code   RO          875    .ARM.Collect$$rtentry$$00000002  c_w.l(__rtentry2.o)
    0x080002e0   0x080002e0   0x00000006   Code   RO          887    .ARM.Collect$$rtentry$$00000004  c_w.l(__rtentry4.o)
    0x080002e6   0x080002e6   0x00000000   Code   RO          877    .ARM.Collect$$rtentry$$00000009  c_w.l(__rtentry2.o)
    0x080002e6   0x080002e6   0x00000004   Code   RO          878    .ARM.Collect$$rtentry$$0000000A  c_w.l(__rtentry2.o)
    0x080002ea   0x080002ea   0x00000000   Code   RO          880    .ARM.Collect$$rtentry$$0000000C  c_w.l(__rtentry2.o)
    0x080002ea   0x080002ea   0x00000008   Code   RO          881    .ARM.Collect$$rtentry$$0000000D  c_w.l(__rtentry2.o)
    0x080002f2   0x080002f2   0x00000002   Code   RO          972    .ARM.Collect$$rtexit$$00000000  c_w.l(rtexit.o)
    0x080002f4   0x080002f4   0x00000000   Code   RO         1039    .ARM.Collect$$rtexit$$00000002  c_w.l(rtexit2.o)
    0x080002f4   0x080002f4   0x00000004   Code   RO         1040    .ARM.Collect$$rtexit$$00000003  c_w.l(rtexit2.o)
    0x080002f8   0x080002f8   0x00000006   Code   RO         1041    .ARM.Collect$$rtexit$$00000004  c_w.l(rtexit2.o)
    0x080002fe   0x080002fe   0x00000002   PAD
    0x08000300   0x08000300   0x00000040   Code   RO            4    .text               startup_stm32f407xx.o
    0x08000340   0x08000340   0x000000f0   Code   RO          760    .text               c_w.l(lludivv7m.o)
    0x08000430   0x08000430   0x00000024   Code   RO          762    .text               c_w.l(vsprintf.o)
    0x08000454   0x08000454   0x0000004e   Code   RO          764    .text               c_w.l(rt_memclr_w.o)
    0x080004a2   0x080004a2   0x00000006   Code   RO          766    .text               c_w.l(heapauxi.o)
    0x080004a8   0x080004a8   0x0000004e   Code   RO          777    .text               c_w.l(_printf_pad.o)
    0x080004f6   0x080004f6   0x00000024   Code   RO          779    .text               c_w.l(_printf_truncate.o)
    0x0800051a   0x0800051a   0x00000052   Code   RO          781    .text               c_w.l(_printf_str.o)
    0x0800056c   0x0800056c   0x00000078   Code   RO          783    .text               c_w.l(_printf_dec.o)
    0x080005e4   0x080005e4   0x00000028   Code   RO          785    .text               c_w.l(_printf_charcount.o)
    0x0800060c   0x0800060c   0x00000030   Code   RO          787    .text               c_w.l(_printf_char_common.o)
    0x0800063c   0x0800063c   0x0000000a   Code   RO          789    .text               c_w.l(_sputc.o)
    0x08000646   0x08000646   0x00000002   PAD
    0x08000648   0x08000648   0x000000bc   Code   RO          791    .text               c_w.l(_printf_wctomb.o)
    0x08000704   0x08000704   0x0000007c   Code   RO          794    .text               c_w.l(_printf_longlong_dec.o)
    0x08000780   0x08000780   0x00000070   Code   RO          800    .text               c_w.l(_printf_oct_int_ll.o)
    0x080007f0   0x080007f0   0x00000094   Code   RO          820    .text               c_w.l(_printf_hex_int_ll_ptr.o)
    0x08000884   0x08000884   0x00000188   Code   RO          840    .text               c_w.l(__printf_flags_ss_wp.o)
    0x08000a0c   0x08000a0c   0x0000008a   Code   RO          891    .text               c_w.l(lludiv10.o)
    0x08000a96   0x08000a96   0x000000b2   Code   RO          893    .text               c_w.l(_printf_intcommon.o)
    0x08000b48   0x08000b48   0x0000041c   Code   RO          895    .text               c_w.l(_printf_fp_dec.o)
    0x08000f64   0x08000f64   0x000002fc   Code   RO          899    .text               c_w.l(_printf_fp_hex.o)
    0x08001260   0x08001260   0x0000002c   Code   RO          904    .text               c_w.l(_printf_char.o)
    0x0800128c   0x0800128c   0x0000002c   Code   RO          906    .text               c_w.l(_printf_wchar.o)
    0x080012b8   0x080012b8   0x00000048   Code   RO          909    .text               c_w.l(_c16rtomb.o)
    0x08001300   0x08001300   0x0000004a   Code   RO          911    .text               c_w.l(sys_stackheap_outer.o)
    0x0800134a   0x0800134a   0x00000002   PAD
    0x0800134c   0x0800134c   0x00000010   Code   RO          913    .text               c_w.l(rt_ctype_table.o)
    0x0800135c   0x0800135c   0x00000008   Code   RO          918    .text               c_w.l(rt_locale_intlibspace.o)
    0x08001364   0x08001364   0x00000080   Code   RO          920    .text               c_w.l(_printf_fp_infnan.o)
    0x080013e4   0x080013e4   0x000000e4   Code   RO          922    .text               c_w.l(bigflt0.o)
    0x080014c8   0x080014c8   0x00000012   Code   RO          952    .text               c_w.l(exit.o)
    0x080014da   0x080014da   0x00000002   PAD
    0x080014dc   0x080014dc   0x00000008   Code   RO          969    .text               c_w.l(libspace.o)
    0x080014e4   0x080014e4   0x00000004   PAD
    0x080014e8   0x080014e8   0x0000007c   Code   RO          985    .text               c_w.l(strcmpv7em.o)
    0x08001564   0x08001564   0x0000000c   Code   RO         1034    .text               c_w.l(sys_exit.o)
    0x08001570   0x08001570   0x00000002   Code   RO         1059    .text               c_w.l(use_no_semi.o)
    0x08001572   0x08001572   0x00000000   Code   RO         1061    .text               c_w.l(indicate_semi.o)
    0x08001572   0x08001572   0x00000002   PAD
    0x08001574   0x08001574   0x00000002   Code   RO           80    .text.BusFault_Handler  stm32f4xx_it.o
    0x08001576   0x08001576   0x00000002   PAD
    0x08001578   0x08001578   0x0000000c   Code   RO           92    .text.CAN1_RX0_IRQHandler  stm32f4xx_it.o
    0x08001584   0x08001584   0x0000000c   Code   RO           94    .text.CAN1_RX1_IRQHandler  stm32f4xx_it.o
    0x08001590   0x08001590   0x0000001c   Code   RO          722    .text.CANInit       can_file.o
    0x080015ac   0x080015ac   0x0000000c   Code   RO           96    .text.DMA2_Stream7_IRQHandler  stm32f4xx_it.o
    0x080015b8   0x080015b8   0x00000002   Code   RO           86    .text.DebugMon_Handler  stm32f4xx_it.o
    0x080015ba   0x080015ba   0x00000002   PAD
    0x080015bc   0x080015bc   0x00000006   Code   RO           15    .text.Error_Handler  main.o
    0x080015c2   0x080015c2   0x00000002   PAD
    0x080015c4   0x080015c4   0x00000026   Code   RO          147    .text.HAL_CAN_ActivateNotification  stm32f4xx_hal_can.o
    0x080015ea   0x080015ea   0x00000002   PAD
    0x080015ec   0x080015ec   0x00000002   Code   RO          177    .text.HAL_CAN_ErrorCallback  stm32f4xx_hal_can.o
    0x080015ee   0x080015ee   0x00000002   PAD
    0x080015f0   0x080015f0   0x0000011c   Code   RO          143    .text.HAL_CAN_GetRxMessage  stm32f4xx_hal_can.o
    0x0800170c   0x0800170c   0x00000242   Code   RO          151    .text.HAL_CAN_IRQHandler  stm32f4xx_hal_can.o
    0x0800194e   0x0800194e   0x00000002   PAD
    0x08001950   0x08001950   0x000000f4   Code   RO          113    .text.HAL_CAN_Init  stm32f4xx_hal_can.o
    0x08001a44   0x08001a44   0x00000090   Code   RO           36    .text.HAL_CAN_MspInit  can.o
    0x08001ad4   0x08001ad4   0x00000002   Code   RO          165    .text.HAL_CAN_RxFifo0FullCallback  stm32f4xx_hal_can.o
    0x08001ad6   0x08001ad6   0x00000002   PAD
    0x08001ad8   0x08001ad8   0x00000090   Code   RO          726    .text.HAL_CAN_RxFifo0MsgPendingCallback  can_file.o
    0x08001b68   0x08001b68   0x00000002   Code   RO          169    .text.HAL_CAN_RxFifo1FullCallback  stm32f4xx_hal_can.o
    0x08001b6a   0x08001b6a   0x00000002   PAD
    0x08001b6c   0x08001b6c   0x00000002   Code   RO          171    .text.HAL_CAN_RxFifo1MsgPendingCallback  stm32f4xx_hal_can.o
    0x08001b6e   0x08001b6e   0x00000002   PAD
    0x08001b70   0x08001b70   0x00000002   Code   RO          173    .text.HAL_CAN_SleepCallback  stm32f4xx_hal_can.o
    0x08001b72   0x08001b72   0x00000002   PAD
    0x08001b74   0x08001b74   0x0000005a   Code   RO          125    .text.HAL_CAN_Start  stm32f4xx_hal_can.o
    0x08001bce   0x08001bce   0x00000002   PAD
    0x08001bd0   0x08001bd0   0x00000002   Code   RO          155    .text.HAL_CAN_TxMailbox0AbortCallback  stm32f4xx_hal_can.o
    0x08001bd2   0x08001bd2   0x00000002   PAD
    0x08001bd4   0x08001bd4   0x00000002   Code   RO          153    .text.HAL_CAN_TxMailbox0CompleteCallback  stm32f4xx_hal_can.o
    0x08001bd6   0x08001bd6   0x00000002   PAD
    0x08001bd8   0x08001bd8   0x00000002   Code   RO          159    .text.HAL_CAN_TxMailbox1AbortCallback  stm32f4xx_hal_can.o
    0x08001bda   0x08001bda   0x00000002   PAD
    0x08001bdc   0x08001bdc   0x00000002   Code   RO          157    .text.HAL_CAN_TxMailbox1CompleteCallback  stm32f4xx_hal_can.o
    0x08001bde   0x08001bde   0x00000002   PAD
    0x08001be0   0x08001be0   0x00000002   Code   RO          163    .text.HAL_CAN_TxMailbox2AbortCallback  stm32f4xx_hal_can.o
    0x08001be2   0x08001be2   0x00000002   PAD
    0x08001be4   0x08001be4   0x00000002   Code   RO          161    .text.HAL_CAN_TxMailbox2CompleteCallback  stm32f4xx_hal_can.o
    0x08001be6   0x08001be6   0x00000002   PAD
    0x08001be8   0x08001be8   0x00000002   Code   RO          175    .text.HAL_CAN_WakeUpFromRxMsgCallback  stm32f4xx_hal_can.o
    0x08001bea   0x08001bea   0x00000002   PAD
    0x08001bec   0x08001bec   0x00000188   Code   RO          355    .text.HAL_DMA_IRQHandler  stm32f4xx_hal_dma.o
    0x08001d74   0x08001d74   0x0000013e   Code   RO          341    .text.HAL_DMA_Init  stm32f4xx_hal_dma.o
    0x08001eb2   0x08001eb2   0x00000002   PAD
    0x08001eb4   0x08001eb4   0x000000a0   Code   RO          347    .text.HAL_DMA_Start_IT  stm32f4xx_hal_dma.o
    0x08001f54   0x08001f54   0x00000194   Code   RO          303    .text.HAL_GPIO_Init  stm32f4xx_hal_gpio.o
    0x080020e8   0x080020e8   0x0000000c   Code   RO          500    .text.HAL_GetTick   stm32f4xx_hal.o
    0x080020f4   0x080020f4   0x0000001a   Code   RO          498    .text.HAL_IncTick   stm32f4xx_hal.o
    0x0800210e   0x0800210e   0x00000002   PAD
    0x08002110   0x08002110   0x00000036   Code   RO          488    .text.HAL_Init      stm32f4xx_hal.o
    0x08002146   0x08002146   0x00000002   PAD
    0x08002148   0x08002148   0x00000050   Code   RO          490    .text.HAL_InitTick  stm32f4xx_hal.o
    0x08002198   0x08002198   0x00000038   Code   RO          105    .text.HAL_MspInit   stm32f4xx_hal_msp.o
    0x080021d0   0x080021d0   0x00000022   Code   RO          440    .text.HAL_NVIC_EnableIRQ  stm32f4xx_hal_cortex.o
    0x080021f2   0x080021f2   0x00000002   PAD
    0x080021f4   0x080021f4   0x00000056   Code   RO          438    .text.HAL_NVIC_SetPriority  stm32f4xx_hal_cortex.o
    0x0800224a   0x0800224a   0x00000002   PAD
    0x0800224c   0x0800224c   0x00000020   Code   RO          436    .text.HAL_NVIC_SetPriorityGrouping  stm32f4xx_hal_cortex.o
    0x0800226c   0x0800226c   0x00000160   Code   RO          197    .text.HAL_RCC_ClockConfig  stm32f4xx_hal_rcc.o
    0x080023cc   0x080023cc   0x00000026   Code   RO          209    .text.HAL_RCC_GetPCLK1Freq  stm32f4xx_hal_rcc.o
    0x080023f2   0x080023f2   0x00000002   PAD
    0x080023f4   0x080023f4   0x00000026   Code   RO          211    .text.HAL_RCC_GetPCLK2Freq  stm32f4xx_hal_rcc.o
    0x0800241a   0x0800241a   0x00000002   PAD
    0x0800241c   0x0800241c   0x0000006a   Code   RO          199    .text.HAL_RCC_GetSysClockFreq  stm32f4xx_hal_rcc.o
    0x08002486   0x08002486   0x00000002   PAD
    0x08002488   0x08002488   0x0000035c   Code   RO          195    .text.HAL_RCC_OscConfig  stm32f4xx_hal_rcc.o
    0x080027e4   0x080027e4   0x0000002c   Code   RO          448    .text.HAL_SYSTICK_Config  stm32f4xx_hal_cortex.o
    0x08002810   0x08002810   0x00000002   Code   RO          665    .text.HAL_UART_ErrorCallback  stm32f4xx_hal_uart.o
    0x08002812   0x08002812   0x00000002   PAD
    0x08002814   0x08002814   0x00000060   Code   RO          581    .text.HAL_UART_Init  stm32f4xx_hal_uart.o
    0x08002874   0x08002874   0x000000ee   Code   RO           60    .text.HAL_UART_MspInit  usart.o
    0x08002962   0x08002962   0x00000002   PAD
    0x08002964   0x08002964   0x00000092   Code   RO          607    .text.HAL_UART_Transmit_DMA  stm32f4xx_hal_uart.o
    0x080029f6   0x080029f6   0x00000002   PAD
    0x080029f8   0x080029f8   0x00000002   Code   RO          669    .text.HAL_UART_TxCpltCallback  stm32f4xx_hal_uart.o
    0x080029fa   0x080029fa   0x00000002   PAD
    0x080029fc   0x080029fc   0x00000002   Code   RO          671    .text.HAL_UART_TxHalfCpltCallback  stm32f4xx_hal_uart.o
    0x080029fe   0x080029fe   0x00000002   PAD
    0x08002a00   0x08002a00   0x00000002   Code   RO           76    .text.HardFault_Handler  stm32f4xx_it.o
    0x08002a02   0x08002a02   0x00000002   PAD
    0x08002a04   0x08002a04   0x00000040   Code   RO           34    .text.MX_CAN1_Init  can.o
    0x08002a44   0x08002a44   0x00000038   Code   RO           49    .text.MX_DMA_Init   dma.o
    0x08002a7c   0x08002a7c   0x00000060   Code   RO           26    .text.MX_GPIO_Init  gpio.o
    0x08002adc   0x08002adc   0x0000003c   Code   RO           58    .text.MX_USART1_UART_Init  usart.o
    0x08002b18   0x08002b18   0x00000002   Code   RO           78    .text.MemManage_Handler  stm32f4xx_it.o
    0x08002b1a   0x08002b1a   0x00000002   PAD
    0x08002b1c   0x08002b1c   0x00000002   Code   RO           74    .text.NMI_Handler   stm32f4xx_it.o
    0x08002b1e   0x08002b1e   0x00000002   PAD
    0x08002b20   0x08002b20   0x00000002   Code   RO           88    .text.PendSV_Handler  stm32f4xx_it.o
    0x08002b22   0x08002b22   0x00000002   PAD
    0x08002b24   0x08002b24   0x00000002   Code   RO           84    .text.SVC_Handler   stm32f4xx_it.o
    0x08002b26   0x08002b26   0x00000002   PAD
    0x08002b28   0x08002b28   0x00000004   Code   RO           90    .text.SysTick_Handler  stm32f4xx_it.o
    0x08002b2c   0x08002b2c   0x000000a6   Code   RO           13    .text.SystemClock_Config  main.o
    0x08002bd2   0x08002bd2   0x00000002   PAD
    0x08002bd4   0x08002bd4   0x00000012   Code   RO          703    .text.SystemInit    system_stm32f4xx.o
    0x08002be6   0x08002be6   0x00000002   PAD
    0x08002be8   0x08002be8   0x000000a2   Code   RO          613    .text.UART_DMAError  stm32f4xx_hal_uart.o
    0x08002c8a   0x08002c8a   0x00000002   PAD
    0x08002c8c   0x08002c8c   0x0000003e   Code   RO          609    .text.UART_DMATransmitCplt  stm32f4xx_hal_uart.o
    0x08002cca   0x08002cca   0x00000002   PAD
    0x08002ccc   0x08002ccc   0x00000006   Code   RO          611    .text.UART_DMATxHalfCplt  stm32f4xx_hal_uart.o
    0x08002cd2   0x08002cd2   0x00000002   PAD
    0x08002cd4   0x08002cd4   0x000000de   Code   RO          585    .text.UART_SetConfig  stm32f4xx_hal_uart.o
    0x08002db2   0x08002db2   0x00000002   PAD
    0x08002db4   0x08002db4   0x00000002   Code   RO           82    .text.UsageFault_Handler  stm32f4xx_it.o
    0x08002db6   0x08002db6   0x00000002   PAD
    0x08002db8   0x08002db8   0x00000044   Code   RO           11    .text.main          main.o
    0x08002dfc   0x08002dfc   0x0000003a   Code   RO          748    .text.usart_1_printf  serial.o
    0x08002e36   0x08002e36   0x0000003e   Code   RO          925    CL$$btod_d2e        c_w.l(btod.o)
    0x08002e74   0x08002e74   0x00000046   Code   RO          927    CL$$btod_d2e_denorm_low  c_w.l(btod.o)
    0x08002eba   0x08002eba   0x00000060   Code   RO          926    CL$$btod_d2e_norm_op1  c_w.l(btod.o)
    0x08002f1a   0x08002f1a   0x00000002   PAD
    0x08002f1c   0x08002f1c   0x00000338   Code   RO          935    CL$$btod_div_common  c_w.l(btod.o)
    0x08003254   0x08003254   0x000000dc   Code   RO          932    CL$$btod_e2e        c_w.l(btod.o)
    0x08003330   0x08003330   0x0000002a   Code   RO          929    CL$$btod_ediv       c_w.l(btod.o)
    0x0800335a   0x0800335a   0x0000002a   Code   RO          928    CL$$btod_emul       c_w.l(btod.o)
    0x08003384   0x08003384   0x00000244   Code   RO          934    CL$$btod_mult_common  c_w.l(btod.o)
    0x080035c8   0x080035c8   0x00000030   Code   RO          967    i.__ARM_fpclassify  m_wm.l(fpclassify.o)
    0x080035f8   0x080035f8   0x0000000e   Code   RO          833    i._is_digit         c_w.l(__printf_wp.o)
    0x08003606   0x08003606   0x00000002   PAD
    0x08003608   0x08003608   0x0000002c   Code   RO          950    locale$$code        c_w.l(lc_numeric_c.o)
    0x08003634   0x08003634   0x0000002c   Code   RO          979    locale$$code        c_w.l(lc_ctype_c.o)
    0x08003660   0x08003660   0x0000001a   Code   RO         1053    x$fpl$fpinit        fz_wm.l(fpinit.o)
    0x0800367a   0x0800367a   0x00000004   Code   RO          866    x$fpl$printf1       fz_wm.l(printf1.o)
    0x0800367e   0x0800367e   0x00000004   Code   RO          868    x$fpl$printf2       fz_wm.l(printf2.o)
    0x08003682   0x08003682   0x00000000   Code   RO          966    x$fpl$usenofp       fz_wm.l(usenofp.o)
    0x08003682   0x08003682   0x00000002   PAD
    0x08003684   0x08003684   0x00000008   Data   RO          792    .constdata          c_w.l(_printf_wctomb.o)
    0x0800368c   0x0800368c   0x00000028   Data   RO          821    .constdata          c_w.l(_printf_hex_int_ll_ptr.o)
    0x080036b4   0x080036b4   0x00000011   Data   RO          841    .constdata          c_w.l(__printf_flags_ss_wp.o)
    0x080036c5   0x080036c5   0x00000026   Data   RO          900    .constdata          c_w.l(_printf_fp_hex.o)
    0x080036eb   0x080036eb   0x00000001   PAD
    0x080036ec   0x080036ec   0x00000094   Data   RO          923    .constdata          c_w.l(bigflt0.o)
    0x08003780   0x08003780   0x00000010   Data   RO          708    .rodata.AHBPrescTable  system_stm32f4xx.o
    0x08003790   0x08003790   0x00000008   Data   RO          709    .rodata.APBPrescTable  system_stm32f4xx.o
    0x08003798   0x08003798   0x00000008   Data   RO          365    .rodata.cst8        stm32f4xx_hal_dma.o
    0x080037a0   0x080037a0   0x00000020   Data   RO         1114    Region$$Table       anon$$obj.o
    0x080037c0   0x080037c0   0x0000001c   Data   RO          949    locale$$data        c_w.l(lc_numeric_c.o)
    0x080037dc   0x080037dc   0x00000110   Data   RO          978    locale$$data        c_w.l(lc_ctype_c.o)


    Execution Region RW_IRAM1 (Exec base: 0x20000000, Load base: 0x080038f0, Size: 0x000007c8, Max: 0x0001c000, ABSOLUTE)

    Exec Addr    Load Addr    Size         Type   Attr      Idx    E Section Name        Object

    0x20000000   0x080038f0   0x00000004   Data   RW          707    .data.SystemCoreClock  system_stm32f4xx.o
    0x20000004   0x080038f4   0x00000001   Data   RW          543    .data.uwTickFreq    stm32f4xx_hal.o
    0x20000005   0x080038f5   0x00000003   PAD
    0x20000008   0x080038f8   0x00000004   Data   RW          542    .data.uwTickPrio    stm32f4xx_hal.o
    0x2000000c   0x080038fc   0x00000004   PAD
    0x20000010        -       0x00000060   Zero   RW          970    .bss                c_w.l(libspace.o)
    0x20000070        -       0x00000004   Zero   RW          729    .bss.Data_1         can_file.o
    0x20000074        -       0x00000028   Zero   RW           40    .bss.hcan1          can.o
    0x2000009c        -       0x00000060   Zero   RW           65    .bss.hdma_usart1_tx  usart.o
    0x200000fc        -       0x00000048   Zero   RW           64    .bss.huart1         usart.o
    0x20000144        -       0x00000080   Zero   RW          750    .bss.usart_1_printf.max_tx_buf  serial.o
    0x200001c4        -       0x00000004   Zero   RW          544    .bss.uwTick         stm32f4xx_hal.o
    0x200001c8        -       0x00000200   Zero   RW            2    HEAP                startup_stm32f407xx.o
    0x200003c8        -       0x00000400   Zero   RW            1    STACK               startup_stm32f407xx.o


    Execution Region RW_IRAM2 (Exec base: 0x2001c000, Load base: 0x08003900, Size: 0x00000000, Max: 0x00004000, ABSOLUTE)

    **** No section assigned to this execution region ****


==============================================================================

Image component sizes


      Code (inc. data)   RO Data    RW Data    ZI Data      Debug   Object Name

       208          0          0          0         40       6147   can.o
       172         40          0          0          4       6356   can_file.o
        56          0          0          0          0       3435   dma.o
        96          0          0          0          0       1452   gpio.o
       240          4          0          0          0       3344   main.o
        58          0          0          0        128       1772   serial.o
        64         26        392          0       1536        816   startup_stm32f407xx.o
       172          0          0          5          4       7272   stm32f4xx_hal.o
      1258          6          0          0          0      13522   stm32f4xx_hal_can.o
       196          0          0          0          0      10694   stm32f4xx_hal_cortex.o
       870          4          8          0          0       9713   stm32f4xx_hal_dma.o
       404          0          0          0          0       5076   stm32f4xx_hal_gpio.o
        56          0          0          0          0       1425   stm32f4xx_hal_msp.o
      1394          4          0          0          0       7421   stm32f4xx_hal_rcc.o
       700          0          0          0          0      26591   stm32f4xx_hal_uart.o
        56          0          0          0          0       4693   stm32f4xx_it.o
        18          0         24          4          0       2558   system_stm32f4xx.o
       298          0          0          0        168       5205   usart.o

    ----------------------------------------------------------------------
      6402         84        456         12       1884     117492   Object Totals
         0          0         32          0          0          0   (incl. Generated)
        86          0          0          3          4          0   (incl. Padding)

    ----------------------------------------------------------------------

      Code (inc. data)   RO Data    RW Data    ZI Data      Debug   Library Member Name

         8          0          0          0          0         68   __main.o
       392          4         17          0          0         92   __printf_flags_ss_wp.o
        14          0          0          0          0         68   __printf_wp.o
         0          0          0          0          0          0   __rtentry.o
        12          0          0          0          0          0   __rtentry2.o
         6          0          0          0          0          0   __rtentry4.o
        94          8          0          0          0          0   __scatter.o
        26          0          0          0          0          0   __scatter_copy.o
        28          0          0          0          0          0   __scatter_zi.o
        72          0          0          0          0         96   _c16rtomb.o
         6          0          0          0          0          0   _printf_a.o
         6          0          0          0          0          0   _printf_c.o
        44          0          0          0          0        108   _printf_char.o
        48          6          0          0          0         96   _printf_char_common.o
        40          0          0          0          0         68   _printf_charcount.o
         6          0          0          0          0          0   _printf_d.o
       120         16          0          0          0         92   _printf_dec.o
         6          0          0          0          0          0   _printf_e.o
         6          0          0          0          0          0   _printf_f.o
      1052          0          0          0          0        148   _printf_fp_dec.o
       764          8         38          0          0        100   _printf_fp_hex.o
       128         16          0          0          0         84   _printf_fp_infnan.o
         6          0          0          0          0          0   _printf_g.o
       148          4         40          0          0        160   _printf_hex_int_ll_ptr.o
         6          0          0          0          0          0   _printf_i.o
       178          0          0          0          0         88   _printf_intcommon.o
        10          0          0          0          0          0   _printf_l.o
         6          0          0          0          0          0   _printf_lc.o
        10          0          0          0          0          0   _printf_ll.o
         6          0          0          0          0          0   _printf_lld.o
         6          0          0          0          0          0   _printf_lli.o
         6          0          0          0          0          0   _printf_llo.o
         6          0          0          0          0          0   _printf_llu.o
         6          0          0          0          0          0   _printf_llx.o
       124         16          0          0          0         92   _printf_longlong_dec.o
         6          0          0          0          0          0   _printf_ls.o
         6          0          0          0          0          0   _printf_n.o
         6          0          0          0          0          0   _printf_o.o
       112          8          0          0          0        124   _printf_oct_int_ll.o
         6          0          0          0          0          0   _printf_p.o
        78          0          0          0          0        108   _printf_pad.o
         0          0          0          0          0          0   _printf_percent.o
         4          0          0          0          0          0   _printf_percent_end.o
         6          0          0          0          0          0   _printf_s.o
        82          0          0          0          0         80   _printf_str.o
        36          0          0          0          0         84   _printf_truncate.o
         6          0          0          0          0          0   _printf_u.o
        44          0          0          0          0        108   _printf_wchar.o
       188          6          8          0          0         92   _printf_wctomb.o
         6          0          0          0          0          0   _printf_x.o
        10          0          0          0          0         68   _sputc.o
       228          4        148          0          0         96   bigflt0.o
      1936        128          0          0          0        668   btod.o
        18          0          0          0          0         80   exit.o
         6          0          0          0          0        152   heapauxi.o
         0          0          0          0          0          0   indicate_semi.o
        44         10        272          0          0         76   lc_ctype_c.o
        44         10         28          0          0         76   lc_numeric_c.o
         2          0          0          0          0          0   libinit.o
        34          0          0          0          0          0   libinit2.o
         2          0          0          0          0          0   libshutdown.o
         2          0          0          0          0          0   libshutdown2.o
         8          4          0          0         96         68   libspace.o
       138          0          0          0          0         80   lludiv10.o
       240          0          0          0          0        100   lludivv7m.o
        16          4          0          0          0         76   rt_ctype_table.o
         8          4          0          0          0         68   rt_locale_intlibspace.o
        78          0          0          0          0         80   rt_memclr_w.o
         2          0          0          0          0          0   rtexit.o
        10          0          0          0          0          0   rtexit2.o
       124          0          0          0          0         88   strcmpv7em.o
        12          4          0          0          0         68   sys_exit.o
        74          0          0          0          0         80   sys_stackheap_outer.o
         2          0          0          0          0         68   use_no_semi.o
        36          4          0          0          0         76   vsprintf.o
        26          0          0          0          0        116   fpinit.o
         4          0          0          0          0        116   printf1.o
         4          0          0          0          0        116   printf2.o
         0          0          0          0          0          0   usenofp.o
        48          0          0          0          0        124   fpclassify.o

    ----------------------------------------------------------------------
      7162        268        552          0         96       4496   Library Totals
        24          4          1          0          0          0   (incl. Padding)

    ----------------------------------------------------------------------

      Code (inc. data)   RO Data    RW Data    ZI Data      Debug   Library Name

      7056        264        551          0         96       4024   c_w.l
        34          0          0          0          0        348   fz_wm.l
        48          0          0          0          0        124   m_wm.l

    ----------------------------------------------------------------------
      7162        268        552          0         96       4496   Library Totals

    ----------------------------------------------------------------------

==============================================================================


      Code (inc. data)   RO Data    RW Data    ZI Data      Debug   

     13564        352       1008         12       1980     119404   Grand Totals
     13564        352       1008         12       1980     119404   ELF Image Totals
     13564        352       1008         12          0          0   ROM Totals

==============================================================================

    Total RO  Size (Code + RO Data)                14572 (  14.23kB)
    Total RW  Size (RW Data + ZI Data)              1992 (   1.95kB)
    Total ROM Size (Code + RO Data + RW Data)      14584 (  14.24kB)

==============================================================================

