Component: Arm Compiler for Embedded 6.24 Tool: armlink [5f371500]

==============================================================================

Section Cross References

    startup_stm32f407xx.o(STACK) refers (Special) to heapauxi.o(.text) for __use_two_region_memory
    startup_stm32f407xx.o(HEAP) refers (Special) to heapauxi.o(.text) for __use_two_region_memory
    startup_stm32f407xx.o(RESET) refers (Special) to heapauxi.o(.text) for __use_two_region_memory
    startup_stm32f407xx.o(RESET) refers to startup_stm32f407xx.o(STACK) for __initial_sp
    startup_stm32f407xx.o(RESET) refers to startup_stm32f407xx.o(.text) for Reset_Handler
    startup_stm32f407xx.o(RESET) refers to stm32f4xx_it.o(.text.NMI_Handler) for NMI_Handler
    startup_stm32f407xx.o(RESET) refers to stm32f4xx_it.o(.text.HardFault_Handler) for HardFault_Handler
    startup_stm32f407xx.o(RESET) refers to stm32f4xx_it.o(.text.MemManage_Handler) for MemManage_Handler
    startup_stm32f407xx.o(RESET) refers to stm32f4xx_it.o(.text.BusFault_Handler) for BusFault_Handler
    startup_stm32f407xx.o(RESET) refers to stm32f4xx_it.o(.text.UsageFault_Handler) for UsageFault_Handler
    startup_stm32f407xx.o(RESET) refers to stm32f4xx_it.o(.text.SVC_Handler) for SVC_Handler
    startup_stm32f407xx.o(RESET) refers to stm32f4xx_it.o(.text.DebugMon_Handler) for DebugMon_Handler
    startup_stm32f407xx.o(RESET) refers to stm32f4xx_it.o(.text.PendSV_Handler) for PendSV_Handler
    startup_stm32f407xx.o(RESET) refers to stm32f4xx_it.o(.text.SysTick_Handler) for SysTick_Handler
    startup_stm32f407xx.o(RESET) refers to stm32f4xx_it.o(.text.CAN1_RX0_IRQHandler) for CAN1_RX0_IRQHandler
    startup_stm32f407xx.o(RESET) refers to stm32f4xx_it.o(.text.CAN1_RX1_IRQHandler) for CAN1_RX1_IRQHandler
    startup_stm32f407xx.o(RESET) refers to stm32f4xx_it.o(.text.TIM2_IRQHandler) for TIM2_IRQHandler
    startup_stm32f407xx.o(RESET) refers to stm32f4xx_it.o(.text.USART1_IRQHandler) for USART1_IRQHandler
    startup_stm32f407xx.o(RESET) refers to stm32f4xx_it.o(.text.DMA2_Stream2_IRQHandler) for DMA2_Stream2_IRQHandler
    startup_stm32f407xx.o(RESET) refers to stm32f4xx_it.o(.text.DMA2_Stream7_IRQHandler) for DMA2_Stream7_IRQHandler
    startup_stm32f407xx.o(.text) refers (Special) to heapauxi.o(.text) for __use_two_region_memory
    startup_stm32f407xx.o(.text) refers to system_stm32f4xx.o(.text.SystemInit) for SystemInit
    startup_stm32f407xx.o(.text) refers to __main.o(!!!main) for __main
    startup_stm32f407xx.o(.text) refers to startup_stm32f407xx.o(HEAP) for Heap_Mem
    startup_stm32f407xx.o(.text) refers to startup_stm32f407xx.o(STACK) for Stack_Mem
    main.o(.text.HAL_TIM_PeriodElapsedCallback) refers to tim.o(.bss.htim2) for htim2
    main.o(.text.HAL_TIM_PeriodElapsedCallback) refers to pid.o(.text.Inner_velocity_loop) for Inner_velocity_loop
    main.o(.ARM.exidx.text.HAL_TIM_PeriodElapsedCallback) refers to main.o(.text.HAL_TIM_PeriodElapsedCallback) for [Anonymous Symbol]
    main.o(.text.main) refers to stm32f4xx_hal.o(.text.HAL_Init) for HAL_Init
    main.o(.text.main) refers to main.o(.text.SystemClock_Config) for SystemClock_Config
    main.o(.text.main) refers to gpio.o(.text.MX_GPIO_Init) for MX_GPIO_Init
    main.o(.text.main) refers to dma.o(.text.MX_DMA_Init) for MX_DMA_Init
    main.o(.text.main) refers to can.o(.text.MX_CAN1_Init) for MX_CAN1_Init
    main.o(.text.main) refers to usart.o(.text.MX_USART1_UART_Init) for MX_USART1_UART_Init
    main.o(.text.main) refers to tim.o(.text.MX_TIM2_Init) for MX_TIM2_Init
    main.o(.text.main) refers to can.o(.bss.hcan1) for hcan1
    main.o(.text.main) refers to can_file.o(.text.CAN_Filter_Mask_Config) for CAN_Filter_Mask_Config
    main.o(.text.main) refers to can_file.o(.text.CANInit) for CANInit
    main.o(.text.main) refers to usart.o(.bss.huart1) for huart1
    main.o(.text.main) refers to tim.o(.bss.htim2) for htim2
    main.o(.text.main) refers to stm32f4xx_hal_tim.o(.text.HAL_TIM_Base_Start_IT) for HAL_TIM_Base_Start_IT
    main.o(.text.main) refers to can_file.o(.bss.motor_data) for motor_data
    main.o(.text.main) refers to can_file.o(.text.motor_data_send) for motor_data_send
    main.o(.text.main) refers to stm32f4xx_hal.o(.text.HAL_Delay) for HAL_Delay
    main.o(.ARM.exidx.text.main) refers to main.o(.text.main) for [Anonymous Symbol]
    main.o(.text.SystemClock_Config) refers to rt_memclr_w.o(.text) for __aeabi_memclr4
    main.o(.text.SystemClock_Config) refers to stm32f4xx_hal_rcc.o(.text.HAL_RCC_OscConfig) for HAL_RCC_OscConfig
    main.o(.text.SystemClock_Config) refers to stm32f4xx_hal_rcc.o(.text.HAL_RCC_ClockConfig) for HAL_RCC_ClockConfig
    main.o(.ARM.exidx.text.SystemClock_Config) refers to main.o(.text.SystemClock_Config) for [Anonymous Symbol]
    main.o(.ARM.exidx.text.Error_Handler) refers to main.o(.text.Error_Handler) for [Anonymous Symbol]
    gpio.o(.ARM.exidx.text.MX_GPIO_Init) refers to gpio.o(.text.MX_GPIO_Init) for [Anonymous Symbol]
[...]
    [Anonymous Symbol]                       0x08003550   Section        0  stm32f4xx_it.o(.text.HardFault_Handler)
    [Anonymous Symbol]                       0x08003554   Section        0  pid.o(.text.Inner_velocity_loop)
    [Anonymous Symbol]                       0x08003614   Section        0  can.o(.text.MX_CAN1_Init)
    [Anonymous Symbol]                       0x0800365c   Section        0  dma.o(.text.MX_DMA_Init)
    [Anonymous Symbol]                       0x080036a4   Section        0  gpio.o(.text.MX_GPIO_Init)
    [Anonymous Symbol]                       0x08003704   Section        0  tim.o(.text.MX_TIM2_Init)
    [Anonymous Symbol]                       0x08003780   Section        0  usart.o(.text.MX_USART1_UART_Init)
    [Anonymous Symbol]                       0x080037bc   Section        0  stm32f4xx_it.o(.text.MemManage_Handler)
    [Anonymous Symbol]                       0x080037c0   Section        0  stm32f4xx_it.o(.text.NMI_Handler)
    [Anonymous Symbol]                       0x080037c4   Section        0  stm32f4xx_it.o(.text.PendSV_Handler)
    [Anonymous Symbol]                       0x080037c8   Section        0  stm32f4xx_it.o(.text.SVC_Handler)
    [Anonymous Symbol]                       0x080037cc   Section        0  stm32f4xx_it.o(.text.SysTick_Handler)
    [Anonymous Symbol]                       0x080037d0   Section        0  main.o(.text.SystemClock_Config)
    [Anonymous Symbol]                       0x08003878   Section        0  system_stm32f4xx.o(.text.SystemInit)
    [Anonymous Symbol]                       0x0800388c   Section        0  stm32f4xx_it.o(.text.TIM2_IRQHandler)
    [Anonymous Symbol]                       0x08003898   Section        0  stm32f4xx_hal_tim.o(.text.TIM_Base_SetConfig)
    UART_DMAAbortOnError                     0x080039c5   Thumb Code    10  stm32f4xx_hal_uart.o(.text.UART_DMAAbortOnError)
    [Anonymous Symbol]                       0x080039c4   Section        0  stm32f4xx_hal_uart.o(.text.UART_DMAAbortOnError)
    UART_DMAError                            0x080039d1   Thumb Code   162  stm32f4xx_hal_uart.o(.text.UART_DMAError)
    [Anonymous Symbol]                       0x080039d0   Section        0  stm32f4xx_hal_uart.o(.text.UART_DMAError)
    UART_DMATransmitCplt                     0x08003a75   Thumb Code    62  stm32f4xx_hal_uart.o(.text.UART_DMATransmitCplt)
    [Anonymous Symbol]                       0x08003a74   Section        0  stm32f4xx_hal_uart.o(.text.UART_DMATransmitCplt)
    UART_DMATxHalfCplt                       0x08003ab5   Thumb Code     6  stm32f4xx_hal_uart.o(.text.UART_DMATxHalfCplt)
    [Anonymous Symbol]                       0x08003ab4   Section        0  stm32f4xx_hal_uart.o(.text.UART_DMATxHalfCplt)
    UART_Receive_IT                          0x08003abd   Thumb Code   192  stm32f4xx_hal_uart.o(.text.UART_Receive_IT)
    [Anonymous Symbol]                       0x08003abc   Section        0  stm32f4xx_hal_uart.o(.text.UART_Receive_IT)
    UART_SetConfig                           0x08003b7d   Thumb Code   222  stm32f4xx_hal_uart.o(.text.UART_SetConfig)
    [Anonymous Symbol]                       0x08003b7c   Section        0  stm32f4xx_hal_uart.o(.text.UART_SetConfig)
    [Anonymous Symbol]                       0x08003c5c   Section        0  stm32f4xx_it.o(.text.USART1_IRQHandler)
    [Anonymous Symbol]                       0x08003c68   Section        0  stm32f4xx_it.o(.text.UsageFault_Handler)
    [Anonymous Symbol]                       0x08003c6c   Section        0  main.o(.text.main)
    [Anonymous Symbol]                       0x08003cfc   Section        0  can_file.o(.text.motor_data_send)
    [Anonymous Symbol]                       0x08003d4c   Section        0  serial.o(.text.usart_1_printf)
    CL$$btod_d2e                             0x08003d86   Section       62  btod.o(CL$$btod_d2e)
    CL$$btod_d2e_denorm_low                  0x08003dc4   Section       70  btod.o(CL$$btod_d2e_denorm_low)
    CL$$btod_d2e_norm_op1                    0x08003e0a   Section       96  btod.o(CL$$btod_d2e_norm_op1)
    CL$$btod_div_common                      0x08003e6c   Section      824  btod.o(CL$$btod_div_common)
    CL$$btod_e2e                             0x080041a4   Section      220  btod.o(CL$$btod_e2e)
    CL$$btod_ediv                            0x08004280   Section       42  btod.o(CL$$btod_ediv)
    CL$$btod_emul                            0x080042aa   Section       42  btod.o(CL$$btod_emul)
    CL$$btod_mult_common                     0x080042d4   Section      580  btod.o(CL$$btod_mult_common)
    i.__ARM_fpclassify                       0x08004518   Section        0  fpclassify.o(i.__ARM_fpclassify)
    i._is_digit                              0x08004548   Section        0  __printf_wp.o(i._is_digit)
    locale$$code                             0x08004558   Section       44  lc_numeric_c.o(locale$$code)
    locale$$code                             0x08004584   Section       44  lc_ctype_c.o(locale$$code)
    $v0                                      0x080045b0   Number         0  fpinit.o(x$fpl$fpinit)
    x$fpl$fpinit                             0x080045b0   Section       26  fpinit.o(x$fpl$fpinit)
    $v0                                      0x080045ca   Number         0  printf1.o(x$fpl$printf1)
    x$fpl$printf1                            0x080045ca   Section        4  printf1.o(x$fpl$printf1)
    $v0                                      0x080045ce   Number         0  printf2.o(x$fpl$printf2)
    x$fpl$printf2                            0x080045ce   Section        4  printf2.o(x$fpl$printf2)
    x$fpl$usenofp                            0x080045d2   Section        0  usenofp.o(x$fpl$usenofp)
    initial_mbstate                          0x080045d4   Data           8  _printf_wctomb.o(.constdata)
    .constdata                               0x080045d4   Section        8  _printf_wctomb.o(.constdata)
    uc_hextab                                0x080045dc   Data          20  _printf_hex_int_ll_ptr.o(.constdata)
    .constdata                               0x080045dc   Section       40  _printf_hex_int_ll_ptr.o(.constdata)
    lc_hextab                                0x080045f0   Data          20  _printf_hex_int_ll_ptr.o(.constdata)
    maptable                                 0x08004604   Data          17  __printf_flags_ss_wp.o(.constdata)
    .constdata                               0x08004604   Section       17  __printf_flags_ss_wp.o(.constdata)
    lc_hextab                                0x08004615   Data          19  _printf_fp_hex.o(.constdata)
    .constdata                               0x08004615   Section       38  _printf_fp_hex.o(.constdata)
    uc_hextab                                0x08004628   Data          19  _printf_fp_hex.o(.constdata)
    tenpwrs_x                                0x0800463c   Data          60  bigflt0.o(.constdata)
    .constdata                               0x0800463c   Section      148  bigflt0.o(.constdata)
    tenpwrs_i                                0x08004678   Data          64  bigflt0.o(.constdata)
    DMA_CalcBaseAndBitshift.flagBitshiftOffset 0x080046e8   Data           8  stm32f4xx_hal_dma.o(.rodata.cst8)
    [Anonymous Symbol]                       0x080046e8   Section        0  stm32f4xx_hal_dma.o(.rodata.cst8)
    locale$$data                             0x08004710   Section       28  lc_numeric_c.o(locale$$data)
    __lcnum_c_name                           0x08004714   Data           2  lc_numeric_c.o(locale$$data)
    __lcnum_c_start                          0x0800471c   Data           0  lc_numeric_c.o(locale$$data)
    __lcnum_c_point                          0x08004728   Data           0  lc_numeric_c.o(locale$$data)
    __lcnum_c_thousands                      0x0800472a   Data           0  lc_numeric_c.o(locale$$data)
    __lcnum_c_grouping                       0x0800472b   Data           0  lc_numeric_c.o(locale$$data)
    __lcnum_c_end                            0x0800472c   Data           0  lc_numeric_c.o(locale$$data)
    locale$$data                             0x0800472c   Section      272  lc_ctype_c.o(locale$$data)
    __lcctype_c_name                         0x08004730   Data           2  lc_ctype_c.o(locale$$data)
    __lcctype_c_start                        0x08004738   Data           0  lc_ctype_c.o(locale$$data)
    __lcctype_c_end                          0x0800483c   Data           0  lc_ctype_c.o(locale$$data)
    .bss                                     0x20000030   Section       96  libspace.o(.bss)
    usart_1_printf.max_tx_buf                0x20000228   Data         128  serial.o(.bss.usart_1_printf.max_tx_buf)
    [Anonymous Symbol]                       0x20000228   Section        0  serial.o(.bss.usart_1_printf.max_tx_buf)
    Heap_Mem                                 0x200002b0   Data         512  startup_stm32f407xx.o(HEAP)
    HEAP                                     0x200002b0   Section      512  startup_stm32f407xx.o(HEAP)
    Stack_Mem                                0x200004b0   Data        1024  startup_stm32f407xx.o(STACK)
    STACK                                    0x200004b0   Section     1024  startup_stm32f407xx.o(STACK)
    __initial_sp                             0x200008b0   Data           0  startup_stm32f407xx.o(STACK)

    Global Symbols

    Symbol Name                              Value     Ov Type        Size  Object(Section)

    BuildAttributes$$THM_ISAv4$E$P$D$K$B$S$7EM$VFPi3$EXTD16$VFPS$VFMA$PE$A:L22UL41UL21$X:L11$S22US41US21$IEEE1$IW$~IW$USESV6$~STKCKD$USESV7$~SHL$OTIME$ROPI$IEEEJ$EBA8$UX$STANDARDLIB$REQ8$PRES8$EABIv2 0x00000000   Number         0  anon$$obj.o ABSOLUTE
    _printf_flags                            0x00000000   Number         0  printf_stubs.o ABSOLUTE
    _printf_return_value                     0x00000000   Number         0  printf_stubs.o ABSOLUTE
    _printf_sizespec                         0x00000000   Number         0  printf_stubs.o ABSOLUTE
    _printf_widthprec                        0x00000000   Number         0  printf_stubs.o ABSOLUTE
    __ARM_exceptions_init                     - Undefined Weak Reference
    __alloca_initialize                       - Undefined Weak Reference
    __arm_preinit_                            - Undefined Weak Reference
    __arm_relocate_pie_                       - Undefined Weak Reference
    __cpp_initialize__aeabi_                  - Undefined Weak Reference
    __cxa_finalize                            - Undefined Weak Reference
    __sigvec_lookup                           - Undefined Weak Reference
    _atexit_init                              - Undefined Weak Reference
    _call_atexit_fns                          - Undefined Weak Reference
    _clock_init                               - Undefined Weak Reference
    _fp_trap_init                             - Undefined Weak Reference
    _fp_trap_shutdown                         - Undefined Weak Reference
    _get_lc_collate                           - Undefined Weak Reference
    _get_lc_monetary                          - Undefined Weak Reference
    _get_lc_time                              - Undefined Weak Reference
    _getenv_init                              - Undefined Weak Reference
    _handle_redirection                       - Undefined Weak Reference
    _init_alloc                               - Undefined Weak Reference
    _init_user_alloc                          - Undefined Weak Reference
    _initio                                   - Undefined Weak Reference
    _printf_mbtowc                            - Undefined Weak Reference
    _printf_wc                                - Undefined Weak Reference
    _rand_init                                - Undefined Weak Reference
    _signal_finish                            - Undefined Weak Reference
    _signal_init                              - Undefined Weak Reference
    _terminate_alloc                          - Undefined Weak Reference
    _terminate_user_alloc                     - Undefined Weak Reference
    _terminateio                              - Undefined Weak Reference
    __Vectors_Size                           0x00000188   Number         0  startup_stm32f407xx.o ABSOLUTE
    __Vectors                                0x08000000   Data           4  startup_stm32f407xx.o(RESET)
    __Vectors_End                            0x08000188   Data           0  startup_stm32f407xx.o(RESET)
    __main                                   0x08000189   Thumb Code     8  __main.o(!!!main)
    __scatterload                            0x08000191   Thumb Code     0  __scatter.o(!!!scatter)
    __scatterload_rt2                        0x08000191   Thumb Code    84  __scatter.o(!!!scatter)
    __scatterload_rt2_thumb_only             0x08000191   Thumb Code     0  __scatter.o(!!!scatter)
    __scatterload_loop                       0x0800019b   Thumb Code     0  __scatter.o(!!!scatter)
    __scatterload_copy                       0x080001ed   Thumb Code    26  __scatter_copy.o(!!handler_copy)
    __scatterload_null                       0x08000209   Thumb Code     2  __scatter.o(!!handler_null)
    __scatterload_zeroinit                   0x0800020d   Thumb Code    28  __scatter_zi.o(!!handler_zi)
    _printf_n                                0x08000229   Thumb Code     0  _printf_n.o(.ARM.Collect$$_printf_percent$$00000001)
    _printf_percent                          0x08000229   Thumb Code     0  _printf_percent.o(.ARM.Collect$$_printf_percent$$00000000)
    _printf_p                                0x0800022f   Thumb Code     0  _printf_p.o(.ARM.Collect$$_printf_percent$$00000002)
    _printf_f                                0x08000235   Thumb Code     0  _printf_f.o(.ARM.Collect$$_printf_percent$$00000003)
    _printf_e                                0x0800023b   Thumb Code     0  _printf_e.o(.ARM.Collect$$_printf_percent$$00000004)
    _printf_g                                0x08000241   Thumb Code     0  _printf_g.o(.ARM.Collect$$_printf_percent$$00000005)
    _printf_a                                0x08000247   Thumb Code     0  _printf_a.o(.ARM.Collect$$_printf_percent$$00000006)
    _printf_ll                               0x0800024d   Thumb Code     0  _printf_ll.o(.ARM.Collect$$_printf_percent$$00000007)
    _printf_i                                0x08000257   Thumb Code     0  _printf_i.o(.ARM.Collect$$_printf_percent$$00000008)
    _printf_d                                0x0800025d   Thumb Code     0  _printf_d.o(.ARM.Collect$$_printf_percent$$00000009)
    _printf_u                                0x08000263   Thumb Code     0  _printf_u.o(.ARM.Collect$$_printf_percent$$0000000A)
    _printf_o                                0x08000269   Thumb Code     0  _printf_o.o(.ARM.Collect$$_printf_percent$$0000000B)
    _printf_x                                0x0800026f   Thumb Code     0  _printf_x.o(.ARM.Collect$$_printf_percent$$0000000C)
    _printf_lli                              0x08000275   Thumb Code     0  _printf_lli.o(.ARM.Collect$$_printf_percent$$0000000D)
    _printf_lld                              0x0800027b   Thumb Code     0  _printf_lld.o(.ARM.Collect$$_printf_percent$$0000000E)
    _printf_llu                              0x08000281   Thumb Code     0  _printf_llu.o(.ARM.Collect$$_printf_percent$$0000000F)
    _printf_llo                              0x08000287   Thumb Code     0  _printf_llo.o(.ARM.Collect$$_printf_percent$$00000010)
    _printf_llx                              0x0800028d   Thumb Code     0  _printf_llx.o(.ARM.Collect$$_printf_percent$$00000011)
    _printf_l                                0x08000293   Thumb Code     0  _printf_l.o(.ARM.Collect$$_printf_percent$$00000012)
    _printf_c                                0x0800029d   Thumb Code     0  _printf_c.o(.ARM.Collect$$_printf_percent$$00000013)
    _printf_s                                0x080002a3   Thumb Code     0  _printf_s.o(.ARM.Collect$$_printf_percent$$00000014)
    _printf_lc                               0x080002a9   Thumb Code     0  _printf_lc.o(.ARM.Collect$$_printf_percent$$00000015)
    _printf_ls                               0x080002af   Thumb Code     0  _printf_ls.o(.ARM.Collect$$_printf_percent$$00000016)
    _printf_percent_end                      0x080002b5   Thumb Code     0  _printf_percent_end.o(.ARM.Collect$$_printf_percent$$00000017)
    __rt_lib_init                            0x080002b9   Thumb Code     0  libinit.o(.ARM.Collect$$libinit$$00000000)
    __rt_lib_init_fp_1                       0x080002bb   Thumb Code     0  libinit2.o(.ARM.Collect$$libinit$$00000001)
    __rt_lib_init_heap_1                     0x080002bf   Thumb Code     0  libinit2.o(.ARM.Collect$$libinit$$0000000C)
    __rt_lib_init_lc_common                  0x080002bf   Thumb Code     0  libinit2.o(.ARM.Collect$$libinit$$00000011)
    __rt_lib_init_preinit_1                  0x080002bf   Thumb Code     0  libinit2.o(.ARM.Collect$$libinit$$00000006)
    __rt_lib_init_rand_1                     0x080002bf   Thumb Code     0  libinit2.o(.ARM.Collect$$libinit$$00000010)
    __rt_lib_init_relocate_pie_1             0x080002bf   Thumb Code     0  libinit2.o(.ARM.Collect$$libinit$$00000004)
    __rt_lib_init_user_alloc_1               0x080002bf   Thumb Code     0  libinit2.o(.ARM.Collect$$libinit$$0000000E)
    __rt_lib_init_lc_collate_1               0x080002c5   Thumb Code     0  libinit2.o(.ARM.Collect$$libinit$$00000013)
    __rt_lib_init_lc_ctype_2                 0x080002c5   Thumb Code     0  libinit2.o(.ARM.Collect$$libinit$$00000014)
    __rt_lib_init_lc_ctype_1                 0x080002d1   Thumb Code     0  libinit2.o(.ARM.Collect$$libinit$$00000015)
    __rt_lib_init_lc_monetary_1              0x080002d1   Thumb Code     0  libinit2.o(.ARM.Collect$$libinit$$00000017)
    __rt_lib_init_lc_numeric_2               0x080002d1   Thumb Code     0  libinit2.o(.ARM.Collect$$libinit$$00000018)
    __rt_lib_init_alloca_1                   0x080002db   Thumb Code     0  libinit2.o(.ARM.Collect$$libinit$$00000030)
    __rt_lib_init_argv_1                     0x080002db   Thumb Code     0  libinit2.o(.ARM.Collect$$libinit$$0000002E)
    __rt_lib_init_atexit_1                   0x080002db   Thumb Code     0  libinit2.o(.ARM.Collect$$libinit$$0000001D)
    __rt_lib_init_clock_1                    0x080002db   Thumb Code     0  libinit2.o(.ARM.Collect$$libinit$$00000023)
    __rt_lib_init_cpp_1                      0x080002db   Thumb Code     0  libinit2.o(.ARM.Collect$$libinit$$00000034)
    __rt_lib_init_exceptions_1               0x080002db   Thumb Code     0  libinit2.o(.ARM.Collect$$libinit$$00000032)
    __rt_lib_init_fp_trap_1                  0x080002db   Thumb Code     0  libinit2.o(.ARM.Collect$$libinit$$00000021)
    __rt_lib_init_getenv_1                   0x080002db   Thumb Code     0  libinit2.o(.ARM.Collect$$libinit$$00000025)
    __rt_lib_init_lc_numeric_1               0x080002db   Thumb Code     0  libinit2.o(.ARM.Collect$$libinit$$00000019)
    __rt_lib_init_lc_time_1                  0x080002db   Thumb Code     0  libinit2.o(.ARM.Collect$$libinit$$0000001B)
    __rt_lib_init_return                     0x080002db   Thumb Code     0  libinit2.o(.ARM.Collect$$libinit$$00000035)
    __rt_lib_init_signal_1                   0x080002db   Thumb Code     0  libinit2.o(.ARM.Collect$$libinit$$0000001F)
    __rt_lib_init_stdio_1                    0x080002db   Thumb Code     0  libinit2.o(.ARM.Collect$$libinit$$00000027)
    __rt_lib_shutdown                        0x080002dd   Thumb Code     0  libshutdown.o(.ARM.Collect$$libshutdown$$00000000)
    __rt_lib_shutdown_cpp_1                  0x080002df   Thumb Code     0  libshutdown2.o(.ARM.Collect$$libshutdown$$00000002)
    __rt_lib_shutdown_fp_trap_1              0x080002df   Thumb Code     0  libshutdown2.o(.ARM.Collect$$libshutdown$$00000007)
    __rt_lib_shutdown_heap_1                 0x080002df   Thumb Code     0  libshutdown2.o(.ARM.Collect$$libshutdown$$0000000F)
    __rt_lib_shutdown_return                 0x080002df   Thumb Code     0  libshutdown2.o(.ARM.Collect$$libshutdown$$00000010)
    __rt_lib_shutdown_signal_1               0x080002df   Thumb Code     0  libshutdown2.o(.ARM.Collect$$libshutdown$$0000000A)
    __rt_lib_shutdown_stdio_1                0x080002df   Thumb Code     0  libshutdown2.o(.ARM.Collect$$libshutdown$$00000004)
    __rt_lib_shutdown_user_alloc_1           0x080002df   Thumb Code     0  libshutdown2.o(.ARM.Collect$$libshutdown$$0000000C)
    __rt_entry                               0x080002e1   Thumb Code     0  __rtentry.o(.ARM.Collect$$rtentry$$00000000)
    __rt_entry_presh_1                       0x080002e1   Thumb Code     0  __rtentry2.o(.ARM.Collect$$rtentry$$00000002)
    __rt_entry_sh                            0x080002e1   Thumb Code     0  __rtentry4.o(.ARM.Collect$$rtentry$$00000004)
    __rt_entry_li                            0x080002e7   Thumb Code     0  __rtentry2.o(.ARM.Collect$$rtentry$$0000000A)
    __rt_entry_postsh_1                      0x080002e7   Thumb Code     0  __rtentry2.o(.ARM.Collect$$rtentry$$00000009)
    __rt_entry_main                          0x080002eb   Thumb Code     0  __rtentry2.o(.ARM.Collect$$rtentry$$0000000D)
    __rt_entry_postli_1                      0x080002eb   Thumb Code     0  __rtentry2.o(.ARM.Collect$$rtentry$$0000000C)
    __rt_exit                                0x080002f3   Thumb Code     0  rtexit.o(.ARM.Collect$$rtexit$$00000000)
    __rt_exit_ls                             0x080002f5   Thumb Code     0  rtexit2.o(.ARM.Collect$$rtexit$$00000003)
    __rt_exit_prels_1                        0x080002f5   Thumb Code     0  rtexit2.o(.ARM.Collect$$rtexit$$00000002)
    __rt_exit_exit                           0x080002f9   Thumb Code     0  rtexit2.o(.ARM.Collect$$rtexit$$00000004)
    Reset_Handler                            0x08000301   Thumb Code     8  startup_stm32f407xx.o(.text)
    ADC_IRQHandler                           0x0800031b   Thumb Code     0  startup_stm32f407xx.o(.text)
    CAN1_SCE_IRQHandler                      0x0800031b   Thumb Code     0  startup_stm32f407xx.o(.text)
    CAN1_TX_IRQHandler                       0x0800031b   Thumb Code     0  startup_stm32f407xx.o(.text)
    CAN2_RX0_IRQHandler                      0x0800031b   Thumb Code     0  startup_stm32f407xx.o(.text)
    CAN2_RX1_IRQHandler                      0x0800031b   Thumb Code     0  startup_stm32f407xx.o(.text)
    CAN2_SCE_IRQHandler                      0x0800031b   Thumb Code     0  startup_stm32f407xx.o(.text)
    CAN2_TX_IRQHandler                       0x0800031b   Thumb Code     0  startup_stm32f407xx.o(.text)
    DCMI_IRQHandler                          0x0800031b   Thumb Code     0  startup_stm32f407xx.o(.text)
    DMA1_Stream0_IRQHandler                  0x0800031b   Thumb Code     0  startup_stm32f407xx.o(.text)
    DMA1_Stream1_IRQHandler                  0x0800031b   Thumb Code     0  startup_stm32f407xx.o(.text)
    DMA1_Stream2_IRQHandler                  0x0800031b   Thumb Code     0  startup_stm32f407xx.o(.text)
    DMA1_Stream3_IRQHandler                  0x0800031b   Thumb Code     0  startup_stm32f407xx.o(.text)
    DMA1_Stream4_IRQHandler                  0x0800031b   Thumb Code     0  startup_stm32f407xx.o(.text)
    DMA1_Stream5_IRQHandler                  0x0800031b   Thumb Code     0  startup_stm32f407xx.o(.text)
    DMA1_Stream6_IRQHandler                  0x0800031b   Thumb Code     0  startup_stm32f407xx.o(.text)
    DMA1_Stream7_IRQHandler                  0x0800031b   Thumb Code     0  startup_stm32f407xx.o(.text)
    DMA2_Stream0_IRQHandler                  0x0800031b   Thumb Code     0  startup_stm32f407xx.o(.text)
    DMA2_Stream1_IRQHandler                  0x0800031b   Thumb Code     0  startup_stm32f407xx.o(.text)
    DMA2_Stream3_IRQHandler                  0x0800031b   Thumb Code     0  startup_stm32f407xx.o(.text)
    DMA2_Stream4_IRQHandler                  0x0800031b   Thumb Code     0  startup_stm32f407xx.o(.text)
    DMA2_Stream5_IRQHandler                  0x0800031b   Thumb Code     0  startup_stm32f407xx.o(.text)
    DMA2_Stream6_IRQHandler                  0x0800031b   Thumb Code     0  startup_stm32f407xx.o(.text)
    ETH_IRQHandler                           0x0800031b   Thumb Code     0  startup_stm32f407xx.o(.text)
    ETH_WKUP_IRQHandler                      0x0800031b   Thumb Code     0  startup_stm32f407xx.o(.text)
    EXTI0_IRQHandler                         0x0800031b   Thumb Code     0  startup_stm32f407xx.o(.text)
    EXTI15_10_IRQHandler                     0x0800031b   Thumb Code     0  startup_stm32f407xx.o(.text)
    EXTI1_IRQHandler                         0x0800031b   Thumb Code     0  startup_stm32f407xx.o(.text)
    EXTI2_IRQHandler                         0x0800031b   Thumb Code     0  startup_stm32f407xx.o(.text)
    EXTI3_IRQHandler                         0x0800031b   Thumb Code     0  startup_stm32f407xx.o(.text)
    EXTI4_IRQHandler                         0x0800031b   Thumb Code     0  startup_stm32f407xx.o(.text)
    EXTI9_5_IRQHandler                       0x0800031b   Thumb Code     0  startup_stm32f407xx.o(.text)
    FLASH_IRQHandler                         0x0800031b   Thumb Code     0  startup_stm32f407xx.o(.text)
    FMC_IRQHandler                           0x0800031b   Thumb Code     0  startup_stm32f407xx.o(.text)
    FPU_IRQHandler                           0x0800031b   Thumb Code     0  startup_stm32f407xx.o(.text)
    HASH_RNG_IRQHandler                      0x0800031b   Thumb Code     0  startup_stm32f407xx.o(.text)
    I2C1_ER_IRQHandler                       0x0800031b   Thumb Code     0  startup_stm32f407xx.o(.text)
    I2C1_EV_IRQHandler                       0x0800031b   Thumb Code     0  startup_stm32f407xx.o(.text)
    I2C2_ER_IRQHandler                       0x0800031b   Thumb Code     0  startup_stm32f407xx.o(.text)
    I2C2_EV_IRQHandler                       0x0800031b   Thumb Code     0  startup_stm32f407xx.o(.text)
    I2C3_ER_IRQHandler                       0x0800031b   Thumb Code     0  startup_stm32f407xx.o(.text)
    I2C3_EV_IRQHandler                       0x0800031b   Thumb Code     0  startup_stm32f407xx.o(.text)
    OTG_FS_IRQHandler                        0x0800031b   Thumb Code     0  startup_stm32f407xx.o(.text)
    OTG_FS_WKUP_IRQHandler                   0x0800031b   Thumb Code     0  startup_stm32f407xx.o(.text)
    OTG_HS_EP1_IN_IRQHandler                 0x0800031b   Thumb Code     0  startup_stm32f407xx.o(.text)
    OTG_HS_EP1_OUT_IRQHandler                0x0800031b   Thumb Code     0  startup_stm32f407xx.o(.text)
    OTG_HS_IRQHandler                        0x0800031b   Thumb Code     0  startup_stm32f407xx.o(.text)
    OTG_HS_WKUP_IRQHandler                   0x0800031b   Thumb Code     0  startup_stm32f407xx.o(.text)
    PVD_IRQHandler                           0x0800031b   Thumb Code     0  startup_stm32f407xx.o(.text)
    RCC_IRQHandler                           0x0800031b   Thumb Code     0  startup_stm32f407xx.o(.text)
    RTC_Alarm_IRQHandler                     0x0800031b   Thumb Code     0  startup_stm32f407xx.o(.text)
    RTC_WKUP_IRQHandler                      0x0800031b   Thumb Code     0  startup_stm32f407xx.o(.text)
    SDIO_IRQHandler                          0x0800031b   Thumb Code     0  startup_stm32f407xx.o(.text)
    SPI1_IRQHandler                          0x0800031b   Thumb Code     0  startup_stm32f407xx.o(.text)
    SPI2_IRQHandler                          0x0800031b   Thumb Code     0  startup_stm32f407xx.o(.text)
    SPI3_IRQHandler                          0x0800031b   Thumb Code     0  startup_stm32f407xx.o(.text)
    TAMP_STAMP_IRQHandler                    0x0800031b   Thumb Code     0  startup_stm32f407xx.o(.text)
    TIM1_BRK_TIM9_IRQHandler                 0x0800031b   Thumb Code     0  startup_stm32f407xx.o(.text)
    TIM1_CC_IRQHandler                       0x0800031b   Thumb Code     0  startup_stm32f407xx.o(.text)
    TIM1_TRG_COM_TIM11_IRQHandler            0x0800031b   Thumb Code     0  startup_stm32f407xx.o(.text)
    TIM1_UP_TIM10_IRQHandler                 0x0800031b   Thumb Code     0  startup_stm32f407xx.o(.text)
    TIM3_IRQHandler                          0x0800031b   Thumb Code     0  startup_stm32f407xx.o(.text)
    TIM4_IRQHandler                          0x0800031b   Thumb Code     0  startup_stm32f407xx.o(.text)
    TIM5_IRQHandler                          0x0800031b   Thumb Code     0  startup_stm32f407xx.o(.text)
    TIM6_DAC_IRQHandler                      0x0800031b   Thumb Code     0  startup_stm32f407xx.o(.text)
    TIM7_IRQHandler                          0x0800031b   Thumb Code     0  startup_stm32f407xx.o(.text)
    TIM8_BRK_TIM12_IRQHandler                0x0800031b   Thumb Code     0  startup_stm32f407xx.o(.text)
    TIM8_CC_IRQHandler                       0x0800031b   Thumb Code     0  startup_stm32f407xx.o(.text)
    TIM8_TRG_COM_TIM14_IRQHandler            0x0800031b   Thumb Code     0  startup_stm32f407xx.o(.text)
    TIM8_UP_TIM13_IRQHandler                 0x0800031b   Thumb Code     0  startup_stm32f407xx.o(.text)
    UART4_IRQHandler                         0x0800031b   Thumb Code     0  startup_stm32f407xx.o(.text)
    UART5_IRQHandler                         0x0800031b   Thumb Code     0  startup_stm32f407xx.o(.text)
    USART2_IRQHandler                        0x0800031b   Thumb Code     0  startup_stm32f407xx.o(.text)
    USART3_IRQHandler                        0x0800031b   Thumb Code     0  startup_stm32f407xx.o(.text)
    USART6_IRQHandler                        0x0800031b   Thumb Code     0  startup_stm32f407xx.o(.text)
    WWDG_IRQHandler                          0x0800031b   Thumb Code     0  startup_stm32f407xx.o(.text)
    __user_initial_stackheap                 0x0800031d   Thumb Code     0  startup_stm32f407xx.o(.text)
    __aeabi_uldivmod                         0x08000341   Thumb Code     0  lludivv7m.o(.text)
    _ll_udiv                                 0x08000341   Thumb Code   240  lludivv7m.o(.text)
    vsprintf                                 0x08000431   Thumb Code    32  vsprintf.o(.text)
    __aeabi_memclr4                          0x08000455   Thumb Code     0  rt_memclr_w.o(.text)
    __aeabi_memclr8                          0x08000455   Thumb Code     0  rt_memclr_w.o(.text)
    __rt_memclr_w                            0x08000455   Thumb Code     0  rt_memclr_w.o(.text)
    _memset_w                                0x08000459   Thumb Code    74  rt_memclr_w.o(.text)
    __use_two_region_memory                  0x080004a3   Thumb Code     2  heapauxi.o(.text)
    __rt_heap_escrow$2region                 0x080004a5   Thumb Code     2  heapauxi.o(.text)
    __rt_heap_expand$2region                 0x080004a7   Thumb Code     2  heapauxi.o(.text)
    _printf_pre_padding                      0x080004a9   Thumb Code    44  _printf_pad.o(.text)
    _printf_post_padding                     0x080004d5   Thumb Code    34  _printf_pad.o(.text)
    _printf_truncate_signed                  0x080004f7   Thumb Code    18  _printf_truncate.o(.text)
    _printf_truncate_unsigned                0x08000509   Thumb Code    18  _printf_truncate.o(.text)
    _printf_str                              0x0800051b   Thumb Code    82  _printf_str.o(.text)
    _printf_int_dec                          0x0800056d   Thumb Code   104  _printf_dec.o(.text)
    _printf_charcount                        0x080005e5   Thumb Code    40  _printf_charcount.o(.text)
    _printf_char_common                      0x08000617   Thumb Code    32  _printf_char_common.o(.text)
    _sputc                                   0x0800063d   Thumb Code    10  _sputc.o(.text)
    _printf_wctomb                           0x08000649   Thumb Code   182  _printf_wctomb.o(.text)
    _printf_longlong_dec                     0x08000705   Thumb Code   108  _printf_longlong_dec.o(.text)
    _printf_longlong_oct                     0x08000781   Thumb Code    68  _printf_oct_int_ll.o(.text)
    _printf_int_oct                          0x080007c5   Thumb Code    24  _printf_oct_int_ll.o(.text)
    _printf_ll_oct                           0x080007dd   Thumb Code    12  _printf_oct_int_ll.o(.text)
    _printf_longlong_hex                     0x080007f1   Thumb Code    86  _printf_hex_int_ll_ptr.o(.text)
    _printf_int_hex                          0x08000847   Thumb Code    28  _printf_hex_int_ll_ptr.o(.text)
    _printf_ll_hex                           0x08000863   Thumb Code    12  _printf_hex_int_ll_ptr.o(.text)
    _printf_hex_ptr                          0x0800086f   Thumb Code    18  _printf_hex_int_ll_ptr.o(.text)
    __printf                                 0x08000885   Thumb Code   388  __printf_flags_ss_wp.o(.text)
    _ll_udiv10                               0x08000a0d   Thumb Code   138  lludiv10.o(.text)
    _printf_int_common                       0x08000a97   Thumb Code   178  _printf_intcommon.o(.text)
    _printf_fp_dec_real                      0x08000cf9   Thumb Code   620  _printf_fp_dec.o(.text)
    _printf_fp_hex_real                      0x08000f65   Thumb Code   756  _printf_fp_hex.o(.text)
    _printf_cs_common                        0x08001261   Thumb Code    20  _printf_char.o(.text)
    _printf_char                             0x08001275   Thumb Code    16  _printf_char.o(.text)
    _printf_string                           0x08001285   Thumb Code     8  _printf_char.o(.text)
    _printf_lcs_common                       0x0800128d   Thumb Code    20  _printf_wchar.o(.text)
    _printf_wchar                            0x080012a1   Thumb Code    16  _printf_wchar.o(.text)
    _printf_wstring                          0x080012b1   Thumb Code     8  _printf_wchar.o(.text)
    _c16rtomb                                0x080012b9   Thumb Code    72  _c16rtomb.o(.text)
    _wcrtomb                                 0x080012b9   Thumb Code     0  _c16rtomb.o(.text)
    __user_setup_stackheap                   0x08001301   Thumb Code    74  sys_stackheap_outer.o(.text)
    __rt_ctype_table                         0x0800134d   Thumb Code    16  rt_ctype_table.o(.text)
    __rt_locale                              0x0800135d   Thumb Code     8  rt_locale_intlibspace.o(.text)
    _printf_fp_infnan                        0x08001365   Thumb Code   112  _printf_fp_infnan.o(.text)
    _btod_etento                             0x080013e5   Thumb Code   224  bigflt0.o(.text)
    exit                                     0x080014c9   Thumb Code    18  exit.o(.text)
    __user_libspace                          0x080014dd   Thumb Code     8  libspace.o(.text)
    __user_perproc_libspace                  0x080014dd   Thumb Code     0  libspace.o(.text)
    __user_perthread_libspace                0x080014dd   Thumb Code     0  libspace.o(.text)
    strcmp                                   0x080014e9   Thumb Code   124  strcmpv7em.o(.text)
    _sys_exit                                0x08001565   Thumb Code     8  sys_exit.o(.text)
    __I$use$semihosting                      0x08001571   Thumb Code     0  use_no_semi.o(.text)
    __use_no_semihosting_swi                 0x08001571   Thumb Code     2  use_no_semi.o(.text)
    __semihosting_library_function           0x08001573   Thumb Code     0  indicate_semi.o(.text)
    BusFault_Handler                         0x08001575   Thumb Code     2  stm32f4xx_it.o(.text.BusFault_Handler)
    CAN1_RX0_IRQHandler                      0x08001579   Thumb Code    12  stm32f4xx_it.o(.text.CAN1_RX0_IRQHandler)
    CAN1_RX1_IRQHandler                      0x08001585   Thumb Code    12  stm32f4xx_it.o(.text.CAN1_RX1_IRQHandler)
    CANInit                                  0x08001591   Thumb Code    28  can_file.o(.text.CANInit)
    CAN_Filter_Mask_Config                   0x080015ad   Thumb Code    94  can_file.o(.text.CAN_Filter_Mask_Config)
    CAN_control_motor                        0x0800160d   Thumb Code    86  can_file.o(.text.CAN_control_motor)
    DMA2_Stream2_IRQHandler                  0x08001665   Thumb Code    12  stm32f4xx_it.o(.text.DMA2_Stream2_IRQHandler)
    DMA2_Stream7_IRQHandler                  0x08001671   Thumb Code    12  stm32f4xx_it.o(.text.DMA2_Stream7_IRQHandler)
    DebugMon_Handler                         0x0800167d   Thumb Code     2  stm32f4xx_it.o(.text.DebugMon_Handler)
    Error_Handler                            0x08001681   Thumb Code     6  main.o(.text.Error_Handler)
    HAL_CAN_ActivateNotification             0x08001689   Thumb Code    38  stm32f4xx_hal_can.o(.text.HAL_CAN_ActivateNotification)
    HAL_CAN_AddTxMessage                     0x080016b1   Thumb Code   148  stm32f4xx_hal_can.o(.text.HAL_CAN_AddTxMessage)
    HAL_CAN_ConfigFilter                     0x08001745   Thumb Code   222  stm32f4xx_hal_can.o(.text.HAL_CAN_ConfigFilter)
    HAL_CAN_ErrorCallback                    0x08001825   Thumb Code     2  stm32f4xx_hal_can.o(.text.HAL_CAN_ErrorCallback)
    HAL_CAN_GetRxMessage                     0x08001829   Thumb Code   284  stm32f4xx_hal_can.o(.text.HAL_CAN_GetRxMessage)
    HAL_CAN_IRQHandler                       0x08001945   Thumb Code   578  stm32f4xx_hal_can.o(.text.HAL_CAN_IRQHandler)
    HAL_CAN_Init                             0x08001b89   Thumb Code   244  stm32f4xx_hal_can.o(.text.HAL_CAN_Init)
    HAL_CAN_MspInit                          0x08001c7d   Thumb Code   144  can.o(.text.HAL_CAN_MspInit)
    HAL_CAN_RxFifo0FullCallback              0x08001d0d   Thumb Code     2  stm32f4xx_hal_can.o(.text.HAL_CAN_RxFifo0FullCallback)
    HAL_CAN_RxFifo0MsgPendingCallback        0x08001d11   Thumb Code    84  can_file.o(.text.HAL_CAN_RxFifo0MsgPendingCallback)
    HAL_CAN_RxFifo1FullCallback              0x08001d65   Thumb Code     2  stm32f4xx_hal_can.o(.text.HAL_CAN_RxFifo1FullCallback)
    HAL_CAN_RxFifo1MsgPendingCallback        0x08001d69   Thumb Code     2  stm32f4xx_hal_can.o(.text.HAL_CAN_RxFifo1MsgPendingCallback)
    HAL_CAN_SleepCallback                    0x08001d6d   Thumb Code     2  stm32f4xx_hal_can.o(.text.HAL_CAN_SleepCallback)
    HAL_CAN_Start                            0x08001d71   Thumb Code    90  stm32f4xx_hal_can.o(.text.HAL_CAN_Start)
    HAL_CAN_TxMailbox0AbortCallback          0x08001dcd   Thumb Code     2  stm32f4xx_hal_can.o(.text.HAL_CAN_TxMailbox0AbortCallback)
    HAL_CAN_TxMailbox0CompleteCallback       0x08001dd1   Thumb Code     2  stm32f4xx_hal_can.o(.text.HAL_CAN_TxMailbox0CompleteCallback)
    HAL_CAN_TxMailbox1AbortCallback          0x08001dd5   Thumb Code     2  stm32f4xx_hal_can.o(.text.HAL_CAN_TxMailbox1AbortCallback)
    HAL_CAN_TxMailbox1CompleteCallback       0x08001dd9   Thumb Code     2  stm32f4xx_hal_can.o(.text.HAL_CAN_TxMailbox1CompleteCallback)
    HAL_CAN_TxMailbox2AbortCallback          0x08001ddd   Thumb Code     2  stm32f4xx_hal_can.o(.text.HAL_CAN_TxMailbox2AbortCallback)
    HAL_CAN_TxMailbox2CompleteCallback       0x08001de1   Thumb Code     2  stm32f4xx_hal_can.o(.text.HAL_CAN_TxMailbox2CompleteCallback)
    HAL_CAN_WakeUpFromRxMsgCallback          0x08001de5   Thumb Code     2  stm32f4xx_hal_can.o(.text.HAL_CAN_WakeUpFromRxMsgCallback)
    HAL_DMA_Abort                            0x08001de9   Thumb Code   128  stm32f4xx_hal_dma.o(.text.HAL_DMA_Abort)
    HAL_DMA_Abort_IT                         0x08001e69   Thumb Code    36  stm32f4xx_hal_dma.o(.text.HAL_DMA_Abort_IT)
    HAL_DMA_IRQHandler                       0x08001e8d   Thumb Code   392  stm32f4xx_hal_dma.o(.text.HAL_DMA_IRQHandler)
    HAL_DMA_Init                             0x08002015   Thumb Code   318  stm32f4xx_hal_dma.o(.text.HAL_DMA_Init)
    HAL_DMA_Start_IT                         0x08002155   Thumb Code   160  stm32f4xx_hal_dma.o(.text.HAL_DMA_Start_IT)
    HAL_Delay                                0x080021f5   Thumb Code    40  stm32f4xx_hal.o(.text.HAL_Delay)
    HAL_GPIO_Init                            0x0800221d   Thumb Code   404  stm32f4xx_hal_gpio.o(.text.HAL_GPIO_Init)
    HAL_GetTick                              0x080023b1   Thumb Code    12  stm32f4xx_hal.o(.text.HAL_GetTick)
    HAL_IncTick                              0x080023bd   Thumb Code    26  stm32f4xx_hal.o(.text.HAL_IncTick)
    HAL_Init                                 0x080023d9   Thumb Code    54  stm32f4xx_hal.o(.text.HAL_Init)
    HAL_InitTick                             0x08002411   Thumb Code    80  stm32f4xx_hal.o(.text.HAL_InitTick)
    HAL_MspInit                              0x08002461   Thumb Code    56  stm32f4xx_hal_msp.o(.text.HAL_MspInit)
    HAL_NVIC_EnableIRQ                       0x08002499   Thumb Code    34  stm32f4xx_hal_cortex.o(.text.HAL_NVIC_EnableIRQ)
    HAL_NVIC_SetPriority                     0x080024bd   Thumb Code    86  stm32f4xx_hal_cortex.o(.text.HAL_NVIC_SetPriority)
    HAL_NVIC_SetPriorityGrouping             0x08002515   Thumb Code    32  stm32f4xx_hal_cortex.o(.text.HAL_NVIC_SetPriorityGrouping)
    HAL_RCC_ClockConfig                      0x08002535   Thumb Code   352  stm32f4xx_hal_rcc.o(.text.HAL_RCC_ClockConfig)
    HAL_RCC_GetPCLK1Freq                     0x08002695   Thumb Code    38  stm32f4xx_hal_rcc.o(.text.HAL_RCC_GetPCLK1Freq)
    HAL_RCC_GetPCLK2Freq                     0x080026bd   Thumb Code    38  stm32f4xx_hal_rcc.o(.text.HAL_RCC_GetPCLK2Freq)
    HAL_RCC_GetSysClockFreq                  0x080026e5   Thumb Code   106  stm32f4xx_hal_rcc.o(.text.HAL_RCC_GetSysClockFreq)
    HAL_RCC_OscConfig                        0x08002751   Thumb Code   860  stm32f4xx_hal_rcc.o(.text.HAL_RCC_OscConfig)
    HAL_SYSTICK_Config                       0x08002aad   Thumb Code    44  stm32f4xx_hal_cortex.o(.text.HAL_SYSTICK_Config)
    HAL_TIMEx_BreakCallback                  0x08002ad9   Thumb Code     2  stm32f4xx_hal_tim_ex.o(.text.HAL_TIMEx_BreakCallback)
    HAL_TIMEx_CommutCallback                 0x08002add   Thumb Code     2  stm32f4xx_hal_tim_ex.o(.text.HAL_TIMEx_CommutCallback)
    HAL_TIMEx_MasterConfigSynchronization    0x08002ae1   Thumb Code   188  stm32f4xx_hal_tim_ex.o(.text.HAL_TIMEx_MasterConfigSynchronization)
    HAL_TIM_Base_Init                        0x08002b9d   Thumb Code    90  stm32f4xx_hal_tim.o(.text.HAL_TIM_Base_Init)
    HAL_TIM_Base_MspInit                     0x08002bf9   Thumb Code    66  tim.o(.text.HAL_TIM_Base_MspInit)
    HAL_TIM_Base_Start_IT                    0x08002c3d   Thumb Code   168  stm32f4xx_hal_tim.o(.text.HAL_TIM_Base_Start_IT)
    HAL_TIM_ConfigClockSource                0x08002ce5   Thumb Code   416  stm32f4xx_hal_tim.o(.text.HAL_TIM_ConfigClockSource)
    HAL_TIM_IC_CaptureCallback               0x08002e85   Thumb Code     2  stm32f4xx_hal_tim.o(.text.HAL_TIM_IC_CaptureCallback)
    HAL_TIM_IRQHandler                       0x08002e89   Thumb Code   330  stm32f4xx_hal_tim.o(.text.HAL_TIM_IRQHandler)
    HAL_TIM_OC_DelayElapsedCallback          0x08002fd5   Thumb Code     2  stm32f4xx_hal_tim.o(.text.HAL_TIM_OC_DelayElapsedCallback)
    HAL_TIM_PWM_PulseFinishedCallback        0x08002fd9   Thumb Code     2  stm32f4xx_hal_tim.o(.text.HAL_TIM_PWM_PulseFinishedCallback)
    HAL_TIM_PeriodElapsedCallback            0x08002fdd   Thumb Code    18  main.o(.text.HAL_TIM_PeriodElapsedCallback)
    HAL_TIM_TriggerCallback                  0x08002ff1   Thumb Code     2  stm32f4xx_hal_tim.o(.text.HAL_TIM_TriggerCallback)
    HAL_UARTEx_RxEventCallback               0x08002ff5   Thumb Code     2  stm32f4xx_hal_uart.o(.text.HAL_UARTEx_RxEventCallback)
    HAL_UART_ErrorCallback                   0x08002ff9   Thumb Code     2  stm32f4xx_hal_uart.o(.text.HAL_UART_ErrorCallback)
    HAL_UART_IRQHandler                      0x08002ffd   Thumb Code   790  stm32f4xx_hal_uart.o(.text.HAL_UART_IRQHandler)
    HAL_UART_Init                            0x08003315   Thumb Code    96  stm32f4xx_hal_uart.o(.text.HAL_UART_Init)
    HAL_UART_MspInit                         0x08003375   Thumb Code   316  usart.o(.text.HAL_UART_MspInit)
    HAL_UART_RxCpltCallback                  0x080034b1   Thumb Code     2  stm32f4xx_hal_uart.o(.text.HAL_UART_RxCpltCallback)
    HAL_UART_Transmit_DMA                    0x080034b5   Thumb Code   146  stm32f4xx_hal_uart.o(.text.HAL_UART_Transmit_DMA)
    HAL_UART_TxCpltCallback                  0x08003549   Thumb Code     2  stm32f4xx_hal_uart.o(.text.HAL_UART_TxCpltCallback)
    HAL_UART_TxHalfCpltCallback              0x0800354d   Thumb Code     2  stm32f4xx_hal_uart.o(.text.HAL_UART_TxHalfCpltCallback)
    HardFault_Handler                        0x08003551   Thumb Code     2  stm32f4xx_it.o(.text.HardFault_Handler)
    Inner_velocity_loop                      0x08003555   Thumb Code   188  pid.o(.text.Inner_velocity_loop)
    MX_CAN1_Init                             0x08003615   Thumb Code    70  can.o(.text.MX_CAN1_Init)
    MX_DMA_Init                              0x0800365d   Thumb Code    72  dma.o(.text.MX_DMA_Init)
    MX_GPIO_Init                             0x080036a5   Thumb Code    96  gpio.o(.text.MX_GPIO_Init)
    MX_TIM2_Init                             0x08003705   Thumb Code   122  tim.o(.text.MX_TIM2_Init)
    MX_USART1_UART_Init                      0x08003781   Thumb Code    60  usart.o(.text.MX_USART1_UART_Init)
    MemManage_Handler                        0x080037bd   Thumb Code     2  stm32f4xx_it.o(.text.MemManage_Handler)
    NMI_Handler                              0x080037c1   Thumb Code     2  stm32f4xx_it.o(.text.NMI_Handler)
    PendSV_Handler                           0x080037c5   Thumb Code     2  stm32f4xx_it.o(.text.PendSV_Handler)
    SVC_Handler                              0x080037c9   Thumb Code     2  stm32f4xx_it.o(.text.SVC_Handler)
    SysTick_Handler                          0x080037cd   Thumb Code     4  stm32f4xx_it.o(.text.SysTick_Handler)
    SystemClock_Config                       0x080037d1   Thumb Code   166  main.o(.text.SystemClock_Config)
    SystemInit                               0x08003879   Thumb Code    18  system_stm32f4xx.o(.text.SystemInit)
    TIM2_IRQHandler                          0x0800388d   Thumb Code    12  stm32f4xx_it.o(.text.TIM2_IRQHandler)
    TIM_Base_SetConfig                       0x08003899   Thumb Code   300  stm32f4xx_hal_tim.o(.text.TIM_Base_SetConfig)
    USART1_IRQHandler                        0x08003c5d   Thumb Code    12  stm32f4xx_it.o(.text.USART1_IRQHandler)
    UsageFault_Handler                       0x08003c69   Thumb Code     2  stm32f4xx_it.o(.text.UsageFault_Handler)
    main                                     0x08003c6d   Thumb Code   144  main.o(.text.main)
    motor_data_send                          0x08003cfd   Thumb Code    40  can_file.o(.text.motor_data_send)
    usart_1_printf                           0x08003d4d   Thumb Code    58  serial.o(.text.usart_1_printf)
    _btod_d2e                                0x08003d87   Thumb Code    62  btod.o(CL$$btod_d2e)
    _d2e_denorm_low                          0x08003dc5   Thumb Code    70  btod.o(CL$$btod_d2e_denorm_low)
    _d2e_norm_op1                            0x08003e0b   Thumb Code    96  btod.o(CL$$btod_d2e_norm_op1)
    __btod_div_common                        0x08003e6d   Thumb Code   696  btod.o(CL$$btod_div_common)
    _e2e                                     0x080041a5   Thumb Code   220  btod.o(CL$$btod_e2e)
    _btod_ediv                               0x08004281   Thumb Code    42  btod.o(CL$$btod_ediv)
    _btod_emul                               0x080042ab   Thumb Code    42  btod.o(CL$$btod_emul)
    __btod_mult_common                       0x080042d5   Thumb Code   580  btod.o(CL$$btod_mult_common)
    __ARM_fpclassify                         0x08004519   Thumb Code    48  fpclassify.o(i.__ARM_fpclassify)
    _is_digit                                0x08004549   Thumb Code    14  __printf_wp.o(i._is_digit)
    _get_lc_numeric                          0x08004559   Thumb Code    44  lc_numeric_c.o(locale$$code)
    _get_lc_ctype                            0x08004585   Thumb Code    44  lc_ctype_c.o(locale$$code)
    _fp_init                                 0x080045b1   Thumb Code    26  fpinit.o(x$fpl$fpinit)
    __fplib_config_fpu_vfp                   0x080045c9   Thumb Code     0  fpinit.o(x$fpl$fpinit)
    __fplib_config_pureend_doubles           0x080045c9   Thumb Code     0  fpinit.o(x$fpl$fpinit)
    _printf_fp_dec                           0x080045cb   Thumb Code     4  printf1.o(x$fpl$printf1)
    _printf_fp_hex                           0x080045cf   Thumb Code     4  printf2.o(x$fpl$printf2)
    __I$use$fp                               0x080045d2   Number         0  usenofp.o(x$fpl$usenofp)
    AHBPrescTable                            0x080046d0   Data          16  system_stm32f4xx.o(.rodata.AHBPrescTable)
    APBPrescTable                            0x080046e0   Data           8  system_stm32f4xx.o(.rodata.APBPrescTable)
    Region$$Table$$Base                      0x080046f0   Number         0  anon$$obj.o(Region$$Table)
    Region$$Table$$Limit                     0x08004710   Number         0  anon$$obj.o(Region$$Table)
    __ctype                                  0x08004739   Data           0  lc_ctype_c.o(locale$$data)
    SystemCoreClock                          0x20000000   Data           4  system_stm32f4xx.o(.data.SystemCoreClock)
    uwTickFreq                               0x20000004   Data           1  stm32f4xx_hal.o(.data.uwTickFreq)
    uwTickPrio                               0x20000008   Data           4  stm32f4xx_hal.o(.data.uwTickPrio)
    velocity                                 0x2000000c   Data          36  pid.o(.data.velocity)
    __libspace_start                         0x20000030   Data          96  libspace.o(.bss)
    __temporary_stack_top$libspace           0x20000090   Data           0  libspace.o(.bss)
    hcan1                                    0x20000090   Data          40  can.o(.bss.hcan1)
    hdma_usart1_rx                           0x200000b8   Data          96  usart.o(.bss.hdma_usart1_rx)
    hdma_usart1_tx                           0x20000118   Data          96  usart.o(.bss.hdma_usart1_tx)
    htim2                                    0x20000178   Data          72  tim.o(.bss.htim2)
    huart1                                   0x200001c0   Data          72  usart.o(.bss.huart1)
    motor_data                               0x20000208   Data          32  can_file.o(.bss.motor_data)
    used_mailbox                             0x200002a8   Data           4  can_file.o(.bss.used_mailbox)
    uwTick                                   0x200002ac   Data           4  stm32f4xx_hal.o(.bss.uwTick)



==============================================================================

Memory Map of the image

  Image Entry point : 0x08000189

  Load Region LR_IROM1 (Base: 0x08000000, Size: 0x00004870, Max: 0x00100000, ABSOLUTE)

    Execution Region ER_IROM1 (Exec base: 0x08000000, Load base: 0x08000000, Size: 0x0000483c, Max: 0x00100000, ABSOLUTE)

    Exec Addr    Load Addr    Size         Type   Attr      Idx    E Section Name        Object

    0x08000000   0x08000000   0x00000188   Data   RO            3    RESET               startup_stm32f407xx.o
    0x08000188   0x08000188   0x00000008   Code   RO         1116  * !!!main             c_w.l(__main.o)
    0x08000190   0x08000190   0x0000005c   Code   RO         1463    !!!scatter          c_w.l(__scatter.o)
    0x080001ec   0x080001ec   0x0000001a   Code   RO         1467    !!handler_copy      c_w.l(__scatter_copy.o)
    0x08000206   0x08000206   0x00000002   PAD
    0x08000208   0x08000208   0x00000002   Code   RO         1464    !!handler_null      c_w.l(__scatter.o)
    0x0800020a   0x0800020a   0x00000002   PAD
    0x0800020c   0x0800020c   0x0000001c   Code   RO         1469    !!handler_zi        c_w.l(__scatter_zi.o)
    0x08000228   0x08000228   0x00000000   Code   RO         1204    .ARM.Collect$$_printf_percent$$00000000  c_w.l(_printf_percent.o)
    0x08000228   0x08000228   0x00000006   Code   RO         1193    .ARM.Collect$$_printf_percent$$00000001  c_w.l(_printf_n.o)
    0x0800022e   0x0800022e   0x00000006   Code   RO         1195    .ARM.Collect$$_printf_percent$$00000002  c_w.l(_printf_p.o)
    0x08000234   0x08000234   0x00000006   Code   RO         1200    .ARM.Collect$$_printf_percent$$00000003  c_w.l(_printf_f.o)
    0x0800023a   0x0800023a   0x00000006   Code   RO         1201    .ARM.Collect$$_printf_percent$$00000004  c_w.l(_printf_e.o)
    0x08000240   0x08000240   0x00000006   Code   RO         1202    .ARM.Collect$$_printf_percent$$00000005  c_w.l(_printf_g.o)
    0x08000246   0x08000246   0x00000006   Code   RO         1203    .ARM.Collect$$_printf_percent$$00000006  c_w.l(_printf_a.o)
    0x0800024c   0x0800024c   0x0000000a   Code   RO         1208    .ARM.Collect$$_printf_percent$$00000007  c_w.l(_printf_ll.o)
    0x08000256   0x08000256   0x00000006   Code   RO         1197    .ARM.Collect$$_printf_percent$$00000008  c_w.l(_printf_i.o)
    0x0800025c   0x0800025c   0x00000006   Code   RO         1198    .ARM.Collect$$_printf_percent$$00000009  c_w.l(_printf_d.o)
    0x08000262   0x08000262   0x00000006   Code   RO         1199    .ARM.Collect$$_printf_percent$$0000000A  c_w.l(_printf_u.o)
    0x08000268   0x08000268   0x00000006   Code   RO         1196    .ARM.Collect$$_printf_percent$$0000000B  c_w.l(_printf_o.o)
    0x0800026e   0x0800026e   0x00000006   Code   RO         1194    .ARM.Collect$$_printf_percent$$0000000C  c_w.l(_printf_x.o)
    0x08000274   0x08000274   0x00000006   Code   RO         1205    .ARM.Collect$$_printf_percent$$0000000D  c_w.l(_printf_lli.o)
    0x0800027a   0x0800027a   0x00000006   Code   RO         1206    .ARM.Collect$$_printf_percent$$0000000E  c_w.l(_printf_lld.o)
    0x08000280   0x08000280   0x00000006   Code   RO         1207    .ARM.Collect$$_printf_percent$$0000000F  c_w.l(_printf_llu.o)
    0x08000286   0x08000286   0x00000006   Code   RO         1212    .ARM.Collect$$_printf_percent$$00000010  c_w.l(_printf_llo.o)
    0x0800028c   0x0800028c   0x00000006   Code   RO         1213    .ARM.Collect$$_printf_percent$$00000011  c_w.l(_printf_llx.o)
    0x08000292   0x08000292   0x0000000a   Code   RO         1209    .ARM.Collect$$_printf_percent$$00000012  c_w.l(_printf_l.o)
    0x0800029c   0x0800029c   0x00000006   Code   RO         1191    .ARM.Collect$$_printf_percent$$00000013  c_w.l(_printf_c.o)
    0x080002a2   0x080002a2   0x00000006   Code   RO         1192    .ARM.Collect$$_printf_percent$$00000014  c_w.l(_printf_s.o)
    0x080002a8   0x080002a8   0x00000006   Code   RO         1210    .ARM.Collect$$_printf_percent$$00000015  c_w.l(_printf_lc.o)
    0x080002ae   0x080002ae   0x00000006   Code   RO         1211    .ARM.Collect$$_printf_percent$$00000016  c_w.l(_printf_ls.o)
    0x080002b4   0x080002b4   0x00000004   Code   RO         1256    .ARM.Collect$$_printf_percent$$00000017  c_w.l(_printf_percent_end.o)
    0x080002b8   0x080002b8   0x00000002   Code   RO         1311    .ARM.Collect$$libinit$$00000000  c_w.l(libinit.o)
    0x080002ba   0x080002ba   0x00000004   Code   RO         1335    .ARM.Collect$$libinit$$00000001  c_w.l(libinit2.o)
    0x080002be   0x080002be   0x00000000   Code   RO         1338    .ARM.Collect$$libinit$$00000004  c_w.l(libinit2.o)
    0x080002be   0x080002be   0x00000000   Code   RO         1340    .ARM.Collect$$libinit$$00000006  c_w.l(libinit2.o)
    0x080002be   0x080002be   0x00000000   Code   RO         1343    .ARM.Collect$$libinit$$0000000C  c_w.l(libinit2.o)
    0x080002be   0x080002be   0x00000000   Code   RO         1345    .ARM.Collect$$libinit$$0000000E  c_w.l(libinit2.o)
    0x080002be   0x080002be   0x00000000   Code   RO         1347    .ARM.Collect$$libinit$$00000010  c_w.l(libinit2.o)
    0x080002be   0x080002be   0x00000006   Code   RO         1348    .ARM.Collect$$libinit$$00000011  c_w.l(libinit2.o)
    0x080002c4   0x080002c4   0x00000000   Code   RO         1350    .ARM.Collect$$libinit$$00000013  c_w.l(libinit2.o)
    0x080002c4   0x080002c4   0x0000000c   Code   RO         1351    .ARM.Collect$$libinit$$00000014  c_w.l(libinit2.o)
    0x080002d0   0x080002d0   0x00000000   Code   RO         1352    .ARM.Collect$$libinit$$00000015  c_w.l(libinit2.o)
    0x080002d0   0x080002d0   0x00000000   Code   RO         1354    .ARM.Collect$$libinit$$00000017  c_w.l(libinit2.o)
    0x080002d0   0x080002d0   0x0000000a   Code   RO         1355    .ARM.Collect$$libinit$$00000018  c_w.l(libinit2.o)
    0x080002da   0x080002da   0x00000000   Code   RO         1356    .ARM.Collect$$libinit$$00000019  c_w.l(libinit2.o)
    0x080002da   0x080002da   0x00000000   Code   RO         1358    .ARM.Collect$$libinit$$0000001B  c_w.l(libinit2.o)
    0x080002da   0x080002da   0x00000000   Code   RO         1360    .ARM.Collect$$libinit$$0000001D  c_w.l(libinit2.o)
    0x080002da   0x080002da   0x00000000   Code   RO         1362    .ARM.Collect$$libinit$$0000001F  c_w.l(libinit2.o)
    0x080002da   0x080002da   0x00000000   Code   RO         1364    .ARM.Collect$$libinit$$00000021  c_w.l(libinit2.o)
    0x080002da   0x080002da   0x00000000   Code   RO         1366    .ARM.Collect$$libinit$$00000023  c_w.l(libinit2.o)
    0x080002da   0x080002da   0x00000000   Code   RO         1368    .ARM.Collect$$libinit$$00000025  c_w.l(libinit2.o)
    0x080002da   0x080002da   0x00000000   Code   RO         1370    .ARM.Collect$$libinit$$00000027  c_w.l(libinit2.o)
    0x080002da   0x080002da   0x00000000   Code   RO         1374    .ARM.Collect$$libinit$$0000002E  c_w.l(libinit2.o)
    0x080002da   0x080002da   0x00000000   Code   RO         1376    .ARM.Collect$$libinit$$00000030  c_w.l(libinit2.o)
    0x080002da   0x080002da   0x00000000   Code   RO         1378    .ARM.Collect$$libinit$$00000032  c_w.l(libinit2.o)
    0x080002da   0x080002da   0x00000000   Code   RO         1380    .ARM.Collect$$libinit$$00000034  c_w.l(libinit2.o)
    0x080002da   0x080002da   0x00000002   Code   RO         1381    .ARM.Collect$$libinit$$00000035  c_w.l(libinit2.o)
    0x080002dc   0x080002dc   0x00000002   Code   RO         1418    .ARM.Collect$$libshutdown$$00000000  c_w.l(libshutdown.o)
    0x080002de   0x080002de   0x00000000   Code   RO         1446    .ARM.Collect$$libshutdown$$00000002  c_w.l(libshutdown2.o)
    0x080002de   0x080002de   0x00000000   Code   RO         1448    .ARM.Collect$$libshutdown$$00000004  c_w.l(libshutdown2.o)
    0x080002de   0x080002de   0x00000000   Code   RO         1451    .ARM.Collect$$libshutdown$$00000007  c_w.l(libshutdown2.o)
    0x080002de   0x080002de   0x00000000   Code   RO         1454    .ARM.Collect$$libshutdown$$0000000A  c_w.l(libshutdown2.o)
    0x080002de   0x080002de   0x00000000   Code   RO         1456    .ARM.Collect$$libshutdown$$0000000C  c_w.l(libshutdown2.o)
    0x080002de   0x080002de   0x00000000   Code   RO         1459    .ARM.Collect$$libshutdown$$0000000F  c_w.l(libshutdown2.o)
    0x080002de   0x080002de   0x00000002   Code   RO         1460    .ARM.Collect$$libshutdown$$00000010  c_w.l(libshutdown2.o)
    0x080002e0   0x080002e0   0x00000000   Code   RO         1118    .ARM.Collect$$rtentry$$00000000  c_w.l(__rtentry.o)
    0x080002e0   0x080002e0   0x00000000   Code   RO         1223    .ARM.Collect$$rtentry$$00000002  c_w.l(__rtentry2.o)
    0x080002e0   0x080002e0   0x00000006   Code   RO         1235    .ARM.Collect$$rtentry$$00000004  c_w.l(__rtentry4.o)
    0x080002e6   0x080002e6   0x00000000   Code   RO         1225    .ARM.Collect$$rtentry$$00000009  c_w.l(__rtentry2.o)
    0x080002e6   0x080002e6   0x00000004   Code   RO         1226    .ARM.Collect$$rtentry$$0000000A  c_w.l(__rtentry2.o)
    0x080002ea   0x080002ea   0x00000000   Code   RO         1228    .ARM.Collect$$rtentry$$0000000C  c_w.l(__rtentry2.o)
    0x080002ea   0x080002ea   0x00000008   Code   RO         1229    .ARM.Collect$$rtentry$$0000000D  c_w.l(__rtentry2.o)
    0x080002f2   0x080002f2   0x00000002   Code   RO         1320    .ARM.Collect$$rtexit$$00000000  c_w.l(rtexit.o)
    0x080002f4   0x080002f4   0x00000000   Code   RO         1387    .ARM.Collect$$rtexit$$00000002  c_w.l(rtexit2.o)
    0x080002f4   0x080002f4   0x00000004   Code   RO         1388    .ARM.Collect$$rtexit$$00000003  c_w.l(rtexit2.o)
    0x080002f8   0x080002f8   0x00000006   Code   RO         1389    .ARM.Collect$$rtexit$$00000004  c_w.l(rtexit2.o)
    0x080002fe   0x080002fe   0x00000002   PAD
    0x08000300   0x08000300   0x00000040   Code   RO            4    .text               startup_stm32f407xx.o
    0x08000340   0x08000340   0x000000f0   Code   RO         1108    .text               c_w.l(lludivv7m.o)
    0x08000430   0x08000430   0x00000024   Code   RO         1110    .text               c_w.l(vsprintf.o)
    0x08000454   0x08000454   0x0000004e   Code   RO         1112    .text               c_w.l(rt_memclr_w.o)
    0x080004a2   0x080004a2   0x00000006   Code   RO         1114    .text               c_w.l(heapauxi.o)
    0x080004a8   0x080004a8   0x0000004e   Code   RO         1125    .text               c_w.l(_printf_pad.o)
    0x080004f6   0x080004f6   0x00000024   Code   RO         1127    .text               c_w.l(_printf_truncate.o)
    0x0800051a   0x0800051a   0x00000052   Code   RO         1129    .text               c_w.l(_printf_str.o)
    0x0800056c   0x0800056c   0x00000078   Code   RO         1131    .text               c_w.l(_printf_dec.o)
    0x080005e4   0x080005e4   0x00000028   Code   RO         1133    .text               c_w.l(_printf_charcount.o)
    0x0800060c   0x0800060c   0x00000030   Code   RO         1135    .text               c_w.l(_printf_char_common.o)
    0x0800063c   0x0800063c   0x0000000a   Code   RO         1137    .text               c_w.l(_sputc.o)
    0x08000646   0x08000646   0x00000002   PAD
    0x08000648   0x08000648   0x000000bc   Code   RO         1139    .text               c_w.l(_printf_wctomb.o)
    0x08000704   0x08000704   0x0000007c   Code   RO         1142    .text               c_w.l(_printf_longlong_dec.o)
    0x08000780   0x08000780   0x00000070   Code   RO         1148    .text               c_w.l(_printf_oct_int_ll.o)
    0x080007f0   0x080007f0   0x00000094   Code   RO         1168    .text               c_w.l(_printf_hex_int_ll_ptr.o)
    0x08000884   0x08000884   0x00000188   Code   RO         1188    .text               c_w.l(__printf_flags_ss_wp.o)
    0x08000a0c   0x08000a0c   0x0000008a   Code   RO         1239    .text               c_w.l(lludiv10.o)
    0x08000a96   0x08000a96   0x000000b2   Code   RO         1241    .text               c_w.l(_printf_intcommon.o)
    0x08000b48   0x08000b48   0x0000041c   Code   RO         1243    .text               c_w.l(_printf_fp_dec.o)
    0x08000f64   0x08000f64   0x000002fc   Code   RO         1247    .text               c_w.l(_printf_fp_hex.o)
    0x08001260   0x08001260   0x0000002c   Code   RO         1252    .text               c_w.l(_printf_char.o)
    0x0800128c   0x0800128c   0x0000002c   Code   RO         1254    .text               c_w.l(_printf_wchar.o)
    0x080012b8   0x080012b8   0x00000048   Code   RO         1257    .text               c_w.l(_c16rtomb.o)
    0x08001300   0x08001300   0x0000004a   Code   RO         1259    .text               c_w.l(sys_stackheap_outer.o)
    0x0800134a   0x0800134a   0x00000002   PAD
    0x0800134c   0x0800134c   0x00000010   Code   RO         1261    .text               c_w.l(rt_ctype_table.o)
    0x0800135c   0x0800135c   0x00000008   Code   RO         1266    .text               c_w.l(rt_locale_intlibspace.o)
    0x08001364   0x08001364   0x00000080   Code   RO         1268    .text               c_w.l(_printf_fp_infnan.o)
    0x080013e4   0x080013e4   0x000000e4   Code   RO         1270    .text               c_w.l(bigflt0.o)
    0x080014c8   0x080014c8   0x00000012   Code   RO         1300    .text               c_w.l(exit.o)
    0x080014da   0x080014da   0x00000002   PAD
    0x080014dc   0x080014dc   0x00000008   Code   RO         1317    .text               c_w.l(libspace.o)
    0x080014e4   0x080014e4   0x00000004   PAD
    0x080014e8   0x080014e8   0x0000007c   Code   RO         1333    .text               c_w.l(strcmpv7em.o)
    0x08001564   0x08001564   0x0000000c   Code   RO         1382    .text               c_w.l(sys_exit.o)
    0x08001570   0x08001570   0x00000002   Code   RO         1407    .text               c_w.l(use_no_semi.o)
    0x08001572   0x08001572   0x00000000   Code   RO         1409    .text               c_w.l(indicate_semi.o)
    0x08001572   0x08001572   0x00000002   PAD
    0x08001574   0x08001574   0x00000002   Code   RO           97    .text.BusFault_Handler  stm32f4xx_it.o
    0x08001576   0x08001576   0x00000002   PAD
    0x08001578   0x08001578   0x0000000c   Code   RO          109    .text.CAN1_RX0_IRQHandler  stm32f4xx_it.o
    0x08001584   0x08001584   0x0000000c   Code   RO          111    .text.CAN1_RX1_IRQHandler  stm32f4xx_it.o
    0x08001590   0x08001590   0x0000001c   Code   RO         1062    .text.CANInit       can_file.o
    0x080015ac   0x080015ac   0x0000005e   Code   RO         1058    .text.CAN_Filter_Mask_Config  can_file.o
    0x0800160a   0x0800160a   0x00000002   PAD
    0x0800160c   0x0800160c   0x00000056   Code   RO         1064    .text.CAN_control_motor  can_file.o
    0x08001662   0x08001662   0x00000002   PAD
    0x08001664   0x08001664   0x0000000c   Code   RO          117    .text.DMA2_Stream2_IRQHandler  stm32f4xx_it.o
    0x08001670   0x08001670   0x0000000c   Code   RO          119    .text.DMA2_Stream7_IRQHandler  stm32f4xx_it.o
    0x0800167c   0x0800167c   0x00000002   Code   RO          103    .text.DebugMon_Handler  stm32f4xx_it.o
    0x0800167e   0x0800167e   0x00000002   PAD
    0x08001680   0x08001680   0x00000006   Code   RO           17    .text.Error_Handler  main.o
    0x08001686   0x08001686   0x00000002   PAD
    0x08001688   0x08001688   0x00000026   Code   RO          170    .text.HAL_CAN_ActivateNotification  stm32f4xx_hal_can.o
    0x080016ae   0x080016ae   0x00000002   PAD
    0x080016b0   0x080016b0   0x00000094   Code   RO          156    .text.HAL_CAN_AddTxMessage  stm32f4xx_hal_can.o
    0x08001744   0x08001744   0x000000de   Code   RO          146    .text.HAL_CAN_ConfigFilter  stm32f4xx_hal_can.o
    0x08001822   0x08001822   0x00000002   PAD
    0x08001824   0x08001824   0x00000002   Code   RO          200    .text.HAL_CAN_ErrorCallback  stm32f4xx_hal_can.o
    0x08001826   0x08001826   0x00000002   PAD
    0x08001828   0x08001828   0x0000011c   Code   RO          166    .text.HAL_CAN_GetRxMessage  stm32f4xx_hal_can.o
    0x08001944   0x08001944   0x00000242   Code   RO          174    .text.HAL_CAN_IRQHandler  stm32f4xx_hal_can.o
    0x08001b86   0x08001b86   0x00000002   PAD
    0x08001b88   0x08001b88   0x000000f4   Code   RO          136    .text.HAL_CAN_Init  stm32f4xx_hal_can.o
    0x08001c7c   0x08001c7c   0x00000090   Code   RO           37    .text.HAL_CAN_MspInit  can.o
    0x08001d0c   0x08001d0c   0x00000002   Code   RO          188    .text.HAL_CAN_RxFifo0FullCallback  stm32f4xx_hal_can.o
    0x08001d0e   0x08001d0e   0x00000002   PAD
    0x08001d10   0x08001d10   0x00000054   Code   RO         1068    .text.HAL_CAN_RxFifo0MsgPendingCallback  can_file.o
    0x08001d64   0x08001d64   0x00000002   Code   RO          192    .text.HAL_CAN_RxFifo1FullCallback  stm32f4xx_hal_can.o
    0x08001d66   0x08001d66   0x00000002   PAD
    0x08001d68   0x08001d68   0x00000002   Code   RO          194    .text.HAL_CAN_RxFifo1MsgPendingCallback  stm32f4xx_hal_can.o
    0x08001d6a   0x08001d6a   0x00000002   PAD
    0x08001d6c   0x08001d6c   0x00000002   Code   RO          196    .text.HAL_CAN_SleepCallback  stm32f4xx_hal_can.o
    0x08001d6e   0x08001d6e   0x00000002   PAD
    0x08001d70   0x08001d70   0x0000005a   Code   RO          148    .text.HAL_CAN_Start  stm32f4xx_hal_can.o
    0x08001dca   0x08001dca   0x00000002   PAD
    0x08001dcc   0x08001dcc   0x00000002   Code   RO          178    .text.HAL_CAN_TxMailbox0AbortCallback  stm32f4xx_hal_can.o
    0x08001dce   0x08001dce   0x00000002   PAD
    0x08001dd0   0x08001dd0   0x00000002   Code   RO          176    .text.HAL_CAN_TxMailbox0CompleteCallback  stm32f4xx_hal_can.o
    0x08001dd2   0x08001dd2   0x00000002   PAD
    0x08001dd4   0x08001dd4   0x00000002   Code   RO          182    .text.HAL_CAN_TxMailbox1AbortCallback  stm32f4xx_hal_can.o
    0x08001dd6   0x08001dd6   0x00000002   PAD
    0x08001dd8   0x08001dd8   0x00000002   Code   RO          180    .text.HAL_CAN_TxMailbox1CompleteCallback  stm32f4xx_hal_can.o
    0x08001dda   0x08001dda   0x00000002   PAD
    0x08001ddc   0x08001ddc   0x00000002   Code   RO          186    .text.HAL_CAN_TxMailbox2AbortCallback  stm32f4xx_hal_can.o
    0x08001dde   0x08001dde   0x00000002   PAD
    0x08001de0   0x08001de0   0x00000002   Code   RO          184    .text.HAL_CAN_TxMailbox2CompleteCallback  stm32f4xx_hal_can.o
    0x08001de2   0x08001de2   0x00000002   PAD
    0x08001de4   0x08001de4   0x00000002   Code   RO          198    .text.HAL_CAN_WakeUpFromRxMsgCallback  stm32f4xx_hal_can.o
    0x08001de6   0x08001de6   0x00000002   PAD
    0x08001de8   0x08001de8   0x00000080   Code   RO          372    .text.HAL_DMA_Abort  stm32f4xx_hal_dma.o
    0x08001e68   0x08001e68   0x00000024   Code   RO          374    .text.HAL_DMA_Abort_IT  stm32f4xx_hal_dma.o
    0x08001e8c   0x08001e8c   0x00000188   Code   RO          378    .text.HAL_DMA_IRQHandler  stm32f4xx_hal_dma.o
    0x08002014   0x08002014   0x0000013e   Code   RO          364    .text.HAL_DMA_Init  stm32f4xx_hal_dma.o
    0x08002152   0x08002152   0x00000002   PAD
    0x08002154   0x08002154   0x000000a0   Code   RO          370    .text.HAL_DMA_Start_IT  stm32f4xx_hal_dma.o
    0x080021f4   0x080021f4   0x00000028   Code   RO          531    .text.HAL_Delay     stm32f4xx_hal.o
    0x0800221c   0x0800221c   0x00000194   Code   RO          326    .text.HAL_GPIO_Init  stm32f4xx_hal_gpio.o
    0x080023b0   0x080023b0   0x0000000c   Code   RO          523    .text.HAL_GetTick   stm32f4xx_hal.o
    0x080023bc   0x080023bc   0x0000001a   Code   RO          521    .text.HAL_IncTick   stm32f4xx_hal.o
    0x080023d6   0x080023d6   0x00000002   PAD
    0x080023d8   0x080023d8   0x00000036   Code   RO          511    .text.HAL_Init      stm32f4xx_hal.o
    0x0800240e   0x0800240e   0x00000002   PAD
    0x08002410   0x08002410   0x00000050   Code   RO          513    .text.HAL_InitTick  stm32f4xx_hal.o
    0x08002460   0x08002460   0x00000038   Code   RO          128    .text.HAL_MspInit   stm32f4xx_hal_msp.o
    0x08002498   0x08002498   0x00000022   Code   RO          463    .text.HAL_NVIC_EnableIRQ  stm32f4xx_hal_cortex.o
    0x080024ba   0x080024ba   0x00000002   PAD
    0x080024bc   0x080024bc   0x00000056   Code   RO          461    .text.HAL_NVIC_SetPriority  stm32f4xx_hal_cortex.o
    0x08002512   0x08002512   0x00000002   PAD
    0x08002514   0x08002514   0x00000020   Code   RO          459    .text.HAL_NVIC_SetPriorityGrouping  stm32f4xx_hal_cortex.o
    0x08002534   0x08002534   0x00000160   Code   RO          220    .text.HAL_RCC_ClockConfig  stm32f4xx_hal_rcc.o
    0x08002694   0x08002694   0x00000026   Code   RO          232    .text.HAL_RCC_GetPCLK1Freq  stm32f4xx_hal_rcc.o
    0x080026ba   0x080026ba   0x00000002   PAD
    0x080026bc   0x080026bc   0x00000026   Code   RO          234    .text.HAL_RCC_GetPCLK2Freq  stm32f4xx_hal_rcc.o
    0x080026e2   0x080026e2   0x00000002   PAD
    0x080026e4   0x080026e4   0x0000006a   Code   RO          222    .text.HAL_RCC_GetSysClockFreq  stm32f4xx_hal_rcc.o
    0x0800274e   0x0800274e   0x00000002   PAD
    0x08002750   0x08002750   0x0000035c   Code   RO          218    .text.HAL_RCC_OscConfig  stm32f4xx_hal_rcc.o
    0x08002aac   0x08002aac   0x0000002c   Code   RO          471    .text.HAL_SYSTICK_Config  stm32f4xx_hal_cortex.o
    0x08002ad8   0x08002ad8   0x00000002   Code   RO          907    .text.HAL_TIMEx_BreakCallback  stm32f4xx_hal_tim_ex.o
    0x08002ada   0x08002ada   0x00000002   PAD
    0x08002adc   0x08002adc   0x00000002   Code   RO          903    .text.HAL_TIMEx_CommutCallback  stm32f4xx_hal_tim_ex.o
    0x08002ade   0x08002ade   0x00000002   PAD
    0x08002ae0   0x08002ae0   0x000000bc   Code   RO          897    .text.HAL_TIMEx_MasterConfigSynchronization  stm32f4xx_hal_tim_ex.o
    0x08002b9c   0x08002b9c   0x0000005a   Code   RO          602    .text.HAL_TIM_Base_Init  stm32f4xx_hal_tim.o
    0x08002bf6   0x08002bf6   0x00000002   PAD
    0x08002bf8   0x08002bf8   0x00000042   Code   RO           61    .text.HAL_TIM_Base_MspInit  tim.o
    0x08002c3a   0x08002c3a   0x00000002   PAD
    0x08002c3c   0x08002c3c   0x000000a8   Code   RO          616    .text.HAL_TIM_Base_Start_IT  stm32f4xx_hal_tim.o
    0x08002ce4   0x08002ce4   0x000001a0   Code   RO          782    .text.HAL_TIM_ConfigClockSource  stm32f4xx_hal_tim.o
    0x08002e84   0x08002e84   0x00000002   Code   RO          738    .text.HAL_TIM_IC_CaptureCallback  stm32f4xx_hal_tim.o
    0x08002e86   0x08002e86   0x00000002   PAD
    0x08002e88   0x08002e88   0x0000014a   Code   RO          736    .text.HAL_TIM_IRQHandler  stm32f4xx_hal_tim.o
    0x08002fd2   0x08002fd2   0x00000002   PAD
    0x08002fd4   0x08002fd4   0x00000002   Code   RO          740    .text.HAL_TIM_OC_DelayElapsedCallback  stm32f4xx_hal_tim.o
    0x08002fd6   0x08002fd6   0x00000002   PAD
    0x08002fd8   0x08002fd8   0x00000002   Code   RO          742    .text.HAL_TIM_PWM_PulseFinishedCallback  stm32f4xx_hal_tim.o
    0x08002fda   0x08002fda   0x00000002   PAD
    0x08002fdc   0x08002fdc   0x00000012   Code   RO           11    .text.HAL_TIM_PeriodElapsedCallback  main.o
    0x08002fee   0x08002fee   0x00000002   PAD
    0x08002ff0   0x08002ff0   0x00000002   Code   RO          746    .text.HAL_TIM_TriggerCallback  stm32f4xx_hal_tim.o
    0x08002ff2   0x08002ff2   0x00000002   PAD
    0x08002ff4   0x08002ff4   0x00000002   Code   RO         1007    .text.HAL_UARTEx_RxEventCallback  stm32f4xx_hal_uart.o
    0x08002ff6   0x08002ff6   0x00000002   PAD
    0x08002ff8   0x08002ff8   0x00000002   Code   RO         1005    .text.HAL_UART_ErrorCallback  stm32f4xx_hal_uart.o
    0x08002ffa   0x08002ffa   0x00000002   PAD
    0x08002ffc   0x08002ffc   0x00000316   Code   RO          999    .text.HAL_UART_IRQHandler  stm32f4xx_hal_uart.o
    0x08003312   0x08003312   0x00000002   PAD
    0x08003314   0x08003314   0x00000060   Code   RO          921    .text.HAL_UART_Init  stm32f4xx_hal_uart.o
    0x08003374   0x08003374   0x0000013c   Code   RO           76    .text.HAL_UART_MspInit  usart.o
    0x080034b0   0x080034b0   0x00000002   Code   RO         1013    .text.HAL_UART_RxCpltCallback  stm32f4xx_hal_uart.o
    0x080034b2   0x080034b2   0x00000002   PAD
    0x080034b4   0x080034b4   0x00000092   Code   RO          947    .text.HAL_UART_Transmit_DMA  stm32f4xx_hal_uart.o
    0x08003546   0x08003546   0x00000002   PAD
    0x08003548   0x08003548   0x00000002   Code   RO         1009    .text.HAL_UART_TxCpltCallback  stm32f4xx_hal_uart.o
    0x0800354a   0x0800354a   0x00000002   PAD
    0x0800354c   0x0800354c   0x00000002   Code   RO         1011    .text.HAL_UART_TxHalfCpltCallback  stm32f4xx_hal_uart.o
    0x0800354e   0x0800354e   0x00000002   PAD
    0x08003550   0x08003550   0x00000002   Code   RO           93    .text.HardFault_Handler  stm32f4xx_it.o
    0x08003552   0x08003552   0x00000002   PAD
    0x08003554   0x08003554   0x000000c0   Code   RO         1083    .text.Inner_velocity_loop  pid.o
    0x08003614   0x08003614   0x00000046   Code   RO           35    .text.MX_CAN1_Init  can.o
    0x0800365a   0x0800365a   0x00000002   PAD
    0x0800365c   0x0800365c   0x00000048   Code   RO           50    .text.MX_DMA_Init   dma.o
    0x080036a4   0x080036a4   0x00000060   Code   RO           27    .text.MX_GPIO_Init  gpio.o
    0x08003704   0x08003704   0x0000007a   Code   RO           59    .text.MX_TIM2_Init  tim.o
    0x0800377e   0x0800377e   0x00000002   PAD
    0x08003780   0x08003780   0x0000003c   Code   RO           74    .text.MX_USART1_UART_Init  usart.o
    0x080037bc   0x080037bc   0x00000002   Code   RO           95    .text.MemManage_Handler  stm32f4xx_it.o
    0x080037be   0x080037be   0x00000002   PAD
    0x080037c0   0x080037c0   0x00000002   Code   RO           91    .text.NMI_Handler   stm32f4xx_it.o
    0x080037c2   0x080037c2   0x00000002   PAD
    0x080037c4   0x080037c4   0x00000002   Code   RO          105    .text.PendSV_Handler  stm32f4xx_it.o
    0x080037c6   0x080037c6   0x00000002   PAD
    0x080037c8   0x080037c8   0x00000002   Code   RO          101    .text.SVC_Handler   stm32f4xx_it.o
    0x080037ca   0x080037ca   0x00000002   PAD
    0x080037cc   0x080037cc   0x00000004   Code   RO          107    .text.SysTick_Handler  stm32f4xx_it.o
    0x080037d0   0x080037d0   0x000000a6   Code   RO           15    .text.SystemClock_Config  main.o
    0x08003876   0x08003876   0x00000002   PAD
    0x08003878   0x08003878   0x00000012   Code   RO         1043    .text.SystemInit    system_stm32f4xx.o
    0x0800388a   0x0800388a   0x00000002   PAD
    0x0800388c   0x0800388c   0x0000000c   Code   RO          113    .text.TIM2_IRQHandler  stm32f4xx_it.o
    0x08003898   0x08003898   0x0000012c   Code   RO          606    .text.TIM_Base_SetConfig  stm32f4xx_hal_tim.o
    0x080039c4   0x080039c4   0x0000000a   Code   RO         1003    .text.UART_DMAAbortOnError  stm32f4xx_hal_uart.o
    0x080039ce   0x080039ce   0x00000002   PAD
    0x080039d0   0x080039d0   0x000000a2   Code   RO          953    .text.UART_DMAError  stm32f4xx_hal_uart.o
    0x08003a72   0x08003a72   0x00000002   PAD
    0x08003a74   0x08003a74   0x0000003e   Code   RO          949    .text.UART_DMATransmitCplt  stm32f4xx_hal_uart.o
    0x08003ab2   0x08003ab2   0x00000002   PAD
    0x08003ab4   0x08003ab4   0x00000006   Code   RO          951    .text.UART_DMATxHalfCplt  stm32f4xx_hal_uart.o
    0x08003aba   0x08003aba   0x00000002   PAD
    0x08003abc   0x08003abc   0x000000c0   Code   RO         1001    .text.UART_Receive_IT  stm32f4xx_hal_uart.o
    0x08003b7c   0x08003b7c   0x000000de   Code   RO          925    .text.UART_SetConfig  stm32f4xx_hal_uart.o
    0x08003c5a   0x08003c5a   0x00000002   PAD
    0x08003c5c   0x08003c5c   0x0000000c   Code   RO          115    .text.USART1_IRQHandler  stm32f4xx_it.o
    0x08003c68   0x08003c68   0x00000002   Code   RO           99    .text.UsageFault_Handler  stm32f4xx_it.o
    0x08003c6a   0x08003c6a   0x00000002   PAD
    0x08003c6c   0x08003c6c   0x00000090   Code   RO           13    .text.main          main.o
    0x08003cfc   0x08003cfc   0x00000050   Code   RO         1066    .text.motor_data_send  can_file.o
    0x08003d4c   0x08003d4c   0x0000003a   Code   RO         1097    .text.usart_1_printf  serial.o
    0x08003d86   0x08003d86   0x0000003e   Code   RO         1273    CL$$btod_d2e        c_w.l(btod.o)
    0x08003dc4   0x08003dc4   0x00000046   Code   RO         1275    CL$$btod_d2e_denorm_low  c_w.l(btod.o)
    0x08003e0a   0x08003e0a   0x00000060   Code   RO         1274    CL$$btod_d2e_norm_op1  c_w.l(btod.o)
    0x08003e6a   0x08003e6a   0x00000002   PAD
    0x08003e6c   0x08003e6c   0x00000338   Code   RO         1283    CL$$btod_div_common  c_w.l(btod.o)
    0x080041a4   0x080041a4   0x000000dc   Code   RO         1280    CL$$btod_e2e        c_w.l(btod.o)
    0x08004280   0x08004280   0x0000002a   Code   RO         1277    CL$$btod_ediv       c_w.l(btod.o)
    0x080042aa   0x080042aa   0x0000002a   Code   RO         1276    CL$$btod_emul       c_w.l(btod.o)
    0x080042d4   0x080042d4   0x00000244   Code   RO         1282    CL$$btod_mult_common  c_w.l(btod.o)
    0x08004518   0x08004518   0x00000030   Code   RO         1315    i.__ARM_fpclassify  m_wm.l(fpclassify.o)
    0x08004548   0x08004548   0x0000000e   Code   RO         1181    i._is_digit         c_w.l(__printf_wp.o)
    0x08004556   0x08004556   0x00000002   PAD
    0x08004558   0x08004558   0x0000002c   Code   RO         1298    locale$$code        c_w.l(lc_numeric_c.o)
    0x08004584   0x08004584   0x0000002c   Code   RO         1327    locale$$code        c_w.l(lc_ctype_c.o)
    0x080045b0   0x080045b0   0x0000001a   Code   RO         1401    x$fpl$fpinit        fz_wm.l(fpinit.o)
    0x080045ca   0x080045ca   0x00000004   Code   RO         1214    x$fpl$printf1       fz_wm.l(printf1.o)
    0x080045ce   0x080045ce   0x00000004   Code   RO         1216    x$fpl$printf2       fz_wm.l(printf2.o)
    0x080045d2   0x080045d2   0x00000000   Code   RO         1314    x$fpl$usenofp       fz_wm.l(usenofp.o)
    0x080045d2   0x080045d2   0x00000002   PAD
    0x080045d4   0x080045d4   0x00000008   Data   RO         1140    .constdata          c_w.l(_printf_wctomb.o)
    0x080045dc   0x080045dc   0x00000028   Data   RO         1169    .constdata          c_w.l(_printf_hex_int_ll_ptr.o)
    0x08004604   0x08004604   0x00000011   Data   RO         1189    .constdata          c_w.l(__printf_flags_ss_wp.o)
    0x08004615   0x08004615   0x00000026   Data   RO         1248    .constdata          c_w.l(_printf_fp_hex.o)
    0x0800463b   0x0800463b   0x00000001   PAD
    0x0800463c   0x0800463c   0x00000094   Data   RO         1271    .constdata          c_w.l(bigflt0.o)
    0x080046d0   0x080046d0   0x00000010   Data   RO         1048    .rodata.AHBPrescTable  system_stm32f4xx.o
    0x080046e0   0x080046e0   0x00000008   Data   RO         1049    .rodata.APBPrescTable  system_stm32f4xx.o
    0x080046e8   0x080046e8   0x00000008   Data   RO          388    .rodata.cst8        stm32f4xx_hal_dma.o
    0x080046f0   0x080046f0   0x00000020   Data   RO         1462    Region$$Table       anon$$obj.o
    0x08004710   0x08004710   0x0000001c   Data   RO         1297    locale$$data        c_w.l(lc_numeric_c.o)
    0x0800472c   0x0800472c   0x00000110   Data   RO         1326    locale$$data        c_w.l(lc_ctype_c.o)


    Execution Region RW_IRAM1 (Exec base: 0x20000000, Load base: 0x08004840, Size: 0x000008b0, Max: 0x0001c000, ABSOLUTE)

    Exec Addr    Load Addr    Size         Type   Attr      Idx    E Section Name        Object

    0x20000000   0x08004840   0x00000004   Data   RW         1047    .data.SystemCoreClock  system_stm32f4xx.o
    0x20000004   0x08004844   0x00000001   Data   RW          566    .data.uwTickFreq    stm32f4xx_hal.o
    0x20000005   0x08004845   0x00000003   PAD
    0x20000008   0x08004848   0x00000004   Data   RW          565    .data.uwTickPrio    stm32f4xx_hal.o
    0x2000000c   0x0800484c   0x00000024   Data   RW         1087    .data.velocity      pid.o
    0x20000030        -       0x00000060   Zero   RW         1318    .bss                c_w.l(libspace.o)
    0x20000090        -       0x00000028   Zero   RW           41    .bss.hcan1          can.o
    0x200000b8        -       0x00000060   Zero   RW           82    .bss.hdma_usart1_rx  usart.o
    0x20000118        -       0x00000060   Zero   RW           81    .bss.hdma_usart1_tx  usart.o
    0x20000178        -       0x00000048   Zero   RW           65    .bss.htim2          tim.o
    0x200001c0        -       0x00000048   Zero   RW           80    .bss.huart1         usart.o
    0x20000208        -       0x00000020   Zero   RW         1071    .bss.motor_data     can_file.o
    0x20000228        -       0x00000080   Zero   RW         1099    .bss.usart_1_printf.max_tx_buf  serial.o
    0x200002a8        -       0x00000004   Zero   RW         1070    .bss.used_mailbox   can_file.o
    0x200002ac        -       0x00000004   Zero   RW          567    .bss.uwTick         stm32f4xx_hal.o
    0x200002b0        -       0x00000200   Zero   RW            2    HEAP                startup_stm32f407xx.o
    0x200004b0        -       0x00000400   Zero   RW            1    STACK               startup_stm32f407xx.o


    Execution Region RW_IRAM2 (Exec base: 0x2001c000, Load base: 0x08004870, Size: 0x00000000, Max: 0x00004000, ABSOLUTE)

    **** No section assigned to this execution region ****


==============================================================================

Image component sizes


      Code (inc. data)   RO Data    RW Data    ZI Data      Debug   Object Name

       214          0          0          0         40       6151   can.o
       372         40          0          0         36       6467   can_file.o
        72          0          0          0          0       3437   dma.o
        96          0          0          0          0       1452   gpio.o
       334          0          0          0          0       6109   main.o
       192          4          0         36          0       1958   pid.o
        58          0          0          0        128       1634   serial.o
        64         26        392          0       1536        816   startup_stm32f407xx.o
       212          0          0          5          4       7272   stm32f4xx_hal.o
      1628          6          0          0          0      13522   stm32f4xx_hal_can.o
       196          0          0          0          0      10694   stm32f4xx_hal_cortex.o
      1034          4          8          0          0       9713   stm32f4xx_hal_dma.o
       404          0          0          0          0       5076   stm32f4xx_hal_gpio.o
        56          0          0          0          0       1425   stm32f4xx_hal_msp.o
      1394          4          0          0          0       7421   stm32f4xx_hal_rcc.o
      1312          0          0          0          0      58042   stm32f4xx_hal_tim.o
       192          0          0          0          0      22217   stm32f4xx_hal_tim_ex.o
      1696          0          0          0          0      26591   stm32f4xx_hal_uart.o
        92          0          0          0          0       7766   stm32f4xx_it.o
        18          0         24          4          0       2558   system_stm32f4xx.o
       188          0          0          0         72       7178   tim.o
       376          0          0          0        264       7159   usart.o

    ----------------------------------------------------------------------
     10322         84        456         48       2080     214658   Object Totals
         0          0         32          0          0          0   (incl. Generated)
       122          0          0          3          0          0   (incl. Padding)

    ----------------------------------------------------------------------

      Code (inc. data)   RO Data    RW Data    ZI Data      Debug   Library Member Name

         8          0          0          0          0         68   __main.o
       392          4         17          0          0         92   __printf_flags_ss_wp.o
        14          0          0          0          0         68   __printf_wp.o
         0          0          0          0          0          0   __rtentry.o
        12          0          0          0          0          0   __rtentry2.o
         6          0          0          0          0          0   __rtentry4.o
        94          8          0          0          0          0   __scatter.o
        26          0          0          0          0          0   __scatter_copy.o
        28          0          0          0          0          0   __scatter_zi.o
        72          0          0          0          0         96   _c16rtomb.o
         6          0          0          0          0          0   _printf_a.o
         6          0          0          0          0          0   _printf_c.o
        44          0          0          0          0        108   _printf_char.o
        48          6          0          0          0         96   _printf_char_common.o
        40          0          0          0          0         68   _printf_charcount.o
         6          0          0          0          0          0   _printf_d.o
       120         16          0          0          0         92   _printf_dec.o
         6          0          0          0          0          0   _printf_e.o
         6          0          0          0          0          0   _printf_f.o
      1052          0          0          0          0        148   _printf_fp_dec.o
       764          8         38          0          0        100   _printf_fp_hex.o
       128         16          0          0          0         84   _printf_fp_infnan.o
         6          0          0          0          0          0   _printf_g.o
       148          4         40          0          0        160   _printf_hex_int_ll_ptr.o
         6          0          0          0          0          0   _printf_i.o
       178          0          0          0          0         88   _printf_intcommon.o
        10          0          0          0          0          0   _printf_l.o
         6          0          0          0          0          0   _printf_lc.o
        10          0          0          0          0          0   _printf_ll.o
         6          0          0          0          0          0   _printf_lld.o
         6          0          0          0          0          0   _printf_lli.o
         6          0          0          0          0          0   _printf_llo.o
         6          0          0          0          0          0   _printf_llu.o
         6          0          0          0          0          0   _printf_llx.o
       124         16          0          0          0         92   _printf_longlong_dec.o
         6          0          0          0          0          0   _printf_ls.o
         6          0          0          0          0          0   _printf_n.o
         6          0          0          0          0          0   _printf_o.o
       112          8          0          0          0        124   _printf_oct_int_ll.o
         6          0          0          0          0          0   _printf_p.o
        78          0          0          0          0        108   _printf_pad.o
         0          0          0          0          0          0   _printf_percent.o
         4          0          0          0          0          0   _printf_percent_end.o
         6          0          0          0          0          0   _printf_s.o
        82          0          0          0          0         80   _printf_str.o
        36          0          0          0          0         84   _printf_truncate.o
         6          0          0          0          0          0   _printf_u.o
        44          0          0          0          0        108   _printf_wchar.o
       188          6          8          0          0         92   _printf_wctomb.o
         6          0          0          0          0          0   _printf_x.o
        10          0          0          0          0         68   _sputc.o
       228          4        148          0          0         96   bigflt0.o
      1936        128          0          0          0        668   btod.o
        18          0          0          0          0         80   exit.o
         6          0          0          0          0        152   heapauxi.o
         0          0          0          0          0          0   indicate_semi.o
        44         10        272          0          0         76   lc_ctype_c.o
        44         10         28          0          0         76   lc_numeric_c.o
         2          0          0          0          0          0   libinit.o
        34          0          0          0          0          0   libinit2.o
         2          0          0          0          0          0   libshutdown.o
         2          0          0          0          0          0   libshutdown2.o
         8          4          0          0         96         68   libspace.o
       138          0          0          0          0         80   lludiv10.o
       240          0          0          0          0        100   lludivv7m.o
        16          4          0          0          0         76   rt_ctype_table.o
         8          4          0          0          0         68   rt_locale_intlibspace.o
        78          0          0          0          0         80   rt_memclr_w.o
         2          0          0          0          0          0   rtexit.o
        10          0          0          0          0          0   rtexit2.o
       124          0          0          0          0         88   strcmpv7em.o
        12          4          0          0          0         68   sys_exit.o
        74          0          0          0          0         80   sys_stackheap_outer.o
         2          0          0          0          0         68   use_no_semi.o
        36          4          0          0          0         76   vsprintf.o
        26          0          0          0          0        116   fpinit.o
         4          0          0          0          0        116   printf1.o
         4          0          0          0          0        116   printf2.o
         0          0          0          0          0          0   usenofp.o
        48          0          0          0          0        124   fpclassify.o

    ----------------------------------------------------------------------
      7162        268        552          0         96       4496   Library Totals
        24          4          1          0          0          0   (incl. Padding)

    ----------------------------------------------------------------------

      Code (inc. data)   RO Data    RW Data    ZI Data      Debug   Library Name

      7056        264        551          0         96       4024   c_w.l
        34          0          0          0          0        348   fz_wm.l
        48          0          0          0          0        124   m_wm.l

    ----------------------------------------------------------------------
      7162        268        552          0         96       4496   Library Totals

    ----------------------------------------------------------------------

==============================================================================


      Code (inc. data)   RO Data    RW Data    ZI Data      Debug   

     17484        352       1008         48       2176     216490   Grand Totals
     17484        352       1008         48       2176     216490   ELF Image Totals
     17484        352       1008         48          0          0   ROM Totals

==============================================================================

    Total RO  Size (Code + RO Data)                18492 (  18.06kB)
    Total RW  Size (RW Data + ZI Data)              2224 (   2.17kB)
    Total ROM Size (Code + RO Data + RW Data)      18540 (  18.11kB)

==============================================================================

